Apache Maven 3.9.9 (8e8579a9e76f7d015ee5ec7bfcdc97d260186937)
Maven home: C:\Program Files\Maven\apache-maven-3.9.9
Java version: 21.0.7, vendor: Oracle Corporation, runtime: C:\Program Files\Java\jdk-21
Default locale: en_US, platform encoding: UTF-8
OS name: "windows 11", version: "10.0", arch: "amd64", family: "windows"
[DEBUG] Created new class realm maven.api
[DEBUG] Importing foreign packages into class realm maven.api
[DEBUG]   Imported: javax.annotation.* < plexus.core
[DEBUG]   Imported: javax.annotation.security.* < plexus.core
[DEBUG]   Imported: javax.inject.* < plexus.core
[DEBUG]   Imported: org.apache.maven.* < plexus.core
[DEBUG]   Imported: org.apache.maven.artifact < plexus.core
[DEBUG]   Imported: org.apache.maven.classrealm < plexus.core
[DEBUG]   Imported: org.apache.maven.cli < plexus.core
[DEBUG]   Imported: org.apache.maven.configuration < plexus.core
[DEBUG]   Imported: org.apache.maven.exception < plexus.core
[DEBUG]   Imported: org.apache.maven.execution < plexus.core
[DEBUG]   Imported: org.apache.maven.execution.scope < plexus.core
[DEBUG]   Imported: org.apache.maven.graph < plexus.core
[DEBUG]   Imported: org.apache.maven.lifecycle < plexus.core
[DEBUG]   Imported: org.apache.maven.model < plexus.core
[DEBUG]   Imported: org.apache.maven.monitor < plexus.core
[DEBUG]   Imported: org.apache.maven.plugin < plexus.core
[DEBUG]   Imported: org.apache.maven.profiles < plexus.core
[DEBUG]   Imported: org.apache.maven.project < plexus.core
[DEBUG]   Imported: org.apache.maven.reporting < plexus.core
[DEBUG]   Imported: org.apache.maven.repository < plexus.core
[DEBUG]   Imported: org.apache.maven.rtinfo < plexus.core
[DEBUG]   Imported: org.apache.maven.settings < plexus.core
[DEBUG]   Imported: org.apache.maven.toolchain < plexus.core
[DEBUG]   Imported: org.apache.maven.usability < plexus.core
[DEBUG]   Imported: org.apache.maven.wagon.* < plexus.core
[DEBUG]   Imported: org.apache.maven.wagon.authentication < plexus.core
[DEBUG]   Imported: org.apache.maven.wagon.authorization < plexus.core
[DEBUG]   Imported: org.apache.maven.wagon.events < plexus.core
[DEBUG]   Imported: org.apache.maven.wagon.observers < plexus.core
[DEBUG]   Imported: org.apache.maven.wagon.proxy < plexus.core
[DEBUG]   Imported: org.apache.maven.wagon.repository < plexus.core
[DEBUG]   Imported: org.apache.maven.wagon.resource < plexus.core
[DEBUG]   Imported: org.codehaus.classworlds < plexus.core
[DEBUG]   Imported: org.codehaus.plexus.* < plexus.core
[DEBUG]   Imported: org.codehaus.plexus.classworlds < plexus.core
[DEBUG]   Imported: org.codehaus.plexus.component < plexus.core
[DEBUG]   Imported: org.codehaus.plexus.configuration < plexus.core
[DEBUG]   Imported: org.codehaus.plexus.container < plexus.core
[DEBUG]   Imported: org.codehaus.plexus.context < plexus.core
[DEBUG]   Imported: org.codehaus.plexus.lifecycle < plexus.core
[DEBUG]   Imported: org.codehaus.plexus.logging < plexus.core
[DEBUG]   Imported: org.codehaus.plexus.personality < plexus.core
[DEBUG]   Imported: org.codehaus.plexus.util.xml.Xpp3Dom < plexus.core
[DEBUG]   Imported: org.codehaus.plexus.util.xml.pull.XmlPullParser < plexus.core
[DEBUG]   Imported: org.codehaus.plexus.util.xml.pull.XmlPullParserException < plexus.core
[DEBUG]   Imported: org.codehaus.plexus.util.xml.pull.XmlSerializer < plexus.core
[DEBUG]   Imported: org.eclipse.aether.* < plexus.core
[DEBUG]   Imported: org.eclipse.aether.artifact < plexus.core
[DEBUG]   Imported: org.eclipse.aether.collection < plexus.core
[DEBUG]   Imported: org.eclipse.aether.deployment < plexus.core
[DEBUG]   Imported: org.eclipse.aether.graph < plexus.core
[DEBUG]   Imported: org.eclipse.aether.impl < plexus.core
[DEBUG]   Imported: org.eclipse.aether.installation < plexus.core
[DEBUG]   Imported: org.eclipse.aether.internal.impl < plexus.core
[DEBUG]   Imported: org.eclipse.aether.metadata < plexus.core
[DEBUG]   Imported: org.eclipse.aether.repository < plexus.core
[DEBUG]   Imported: org.eclipse.aether.resolution < plexus.core
[DEBUG]   Imported: org.eclipse.aether.spi < plexus.core
[DEBUG]   Imported: org.eclipse.aether.transfer < plexus.core
[DEBUG]   Imported: org.eclipse.aether.util < plexus.core
[DEBUG]   Imported: org.eclipse.aether.version < plexus.core
[DEBUG]   Imported: org.fusesource.jansi.* < plexus.core
[DEBUG]   Imported: org.slf4j.* < plexus.core
[DEBUG]   Imported: org.slf4j.event.* < plexus.core
[DEBUG]   Imported: org.slf4j.helpers.* < plexus.core
[DEBUG]   Imported: org.slf4j.spi.* < plexus.core
[DEBUG] Populating class realm maven.api
[DEBUG] Created adapter factory; available factories [file-lock, rwlock-local, semaphore-local, noop]; available name mappers [discriminating, file-gav, file-hgav, file-static, gav, static]
[INFO] Error stacktraces are turned on.
[DEBUG] Message scheme: color
[DEBUG] Message styles: debug info warning error success failure strong mojo project
[DEBUG] Reading global settings from C:\Program Files\Maven\apache-maven-3.9.9\conf\settings.xml
[DEBUG] Reading user settings from C:\Users\CMB\.m2\settings.xml
[DEBUG] Reading global toolchains from C:\Program Files\Maven\apache-maven-3.9.9\conf\toolchains.xml
[DEBUG] Reading user toolchains from C:\Users\CMB\.m2\toolchains.xml
[DEBUG] Using local repository at C:\Users\CMB\.m2\repository
[DEBUG] Using manager EnhancedLocalRepositoryManager with priority 10.0 for C:\Users\CMB\.m2\repository
[INFO] Scanning for projects...
[DEBUG] Creating adapter using nameMapper 'gav' and factory 'rwlock-local'
[DEBUG] Extension realms for project com.perfect8:perfect8-parent:pom:1.0.0: (none)
[DEBUG] Looking up lifecycle mappings for packaging pom from ClassRealm[plexus.core, parent: null]
[DEBUG] Extension realms for project org.springframework.boot:spring-boot-starter-parent:pom:3.2.12: (none)
[DEBUG] Looking up lifecycle mappings for packaging pom from ClassRealm[plexus.core, parent: null]
[DEBUG] Extension realms for project org.springframework.boot:spring-boot-dependencies:pom:3.2.12: (none)
[DEBUG] Looking up lifecycle mappings for packaging pom from ClassRealm[plexus.core, parent: null]
[DEBUG] Extension realms for project com.perfect8:blog-service:jar:1.0.0: (none)
[DEBUG] Looking up lifecycle mappings for packaging jar from ClassRealm[plexus.core, parent: null]
[DEBUG] Extension realms for project com.perfect8:image-service:jar:1.0.0: (none)
[DEBUG] Looking up lifecycle mappings for packaging jar from ClassRealm[plexus.core, parent: null]
[DEBUG] Extension realms for project com.perfect8:shop-service:jar:1.0.0: (none)
[DEBUG] Looking up lifecycle mappings for packaging jar from ClassRealm[plexus.core, parent: null]
[DEBUG] Extension realms for project com.perfect8:admin-service:jar:1.0.0: (none)
[DEBUG] Looking up lifecycle mappings for packaging jar from ClassRealm[plexus.core, parent: null]
[DEBUG] Extension realms for project com.perfect8:email-service:jar:1.0.0: (none)
[DEBUG] Looking up lifecycle mappings for packaging jar from ClassRealm[plexus.core, parent: null]
[INFO] ------------------------------------------------------------------------
[INFO] Reactor Build Order:
[INFO] 
[INFO] Perfect8 Parent                                                    [pom]
[INFO] Blog Service                                                       [jar]
[INFO] Image Service                                                      [jar]
[INFO] Shop Service                                                       [jar]
[INFO] Admin Service                                                      [jar]
[INFO] Email Service                                                      [jar]
[DEBUG] === REACTOR BUILD PLAN ================================================
[DEBUG] Project: com.perfect8:perfect8-parent:pom:1.0.0
[DEBUG] Tasks:   [clean, compile]
[DEBUG] Style:   Regular
[DEBUG] -----------------------------------------------------------------------
[DEBUG] Project: com.perfect8:blog-service:jar:1.0.0
[DEBUG] Tasks:   [clean, compile]
[DEBUG] Style:   Regular
[DEBUG] -----------------------------------------------------------------------
[DEBUG] Project: com.perfect8:image-service:jar:1.0.0
[DEBUG] Tasks:   [clean, compile]
[DEBUG] Style:   Regular
[DEBUG] -----------------------------------------------------------------------
[DEBUG] Project: com.perfect8:shop-service:jar:1.0.0
[DEBUG] Tasks:   [clean, compile]
[DEBUG] Style:   Regular
[DEBUG] -----------------------------------------------------------------------
[DEBUG] Project: com.perfect8:admin-service:jar:1.0.0
[DEBUG] Tasks:   [clean, compile]
[DEBUG] Style:   Regular
[DEBUG] -----------------------------------------------------------------------
[DEBUG] Project: com.perfect8:email-service:jar:1.0.0
[DEBUG] Tasks:   [clean, compile]
[DEBUG] Style:   Regular
[DEBUG] =======================================================================
[INFO] 
[INFO] --------------------< com.perfect8:perfect8-parent >--------------------
[INFO] Building Perfect8 Parent 1.0.0                                     [1/6]
[INFO]   from pom.xml
[INFO] --------------------------------[ pom ]---------------------------------
[DEBUG] Lifecycle clean -> [pre-clean, clean, post-clean]
[DEBUG] Lifecycle default -> [validate, initialize, generate-sources, process-sources, generate-resources, process-resources, compile, process-classes, generate-test-sources, process-test-sources, generate-test-resources, process-test-resources, test-compile, process-test-classes, test, prepare-package, package, pre-integration-test, integration-test, post-integration-test, verify, install, deploy]
[DEBUG] Lifecycle site -> [pre-site, site, post-site, site-deploy]
[DEBUG] Lifecycle clean -> [pre-clean, clean, post-clean]
[DEBUG] Lifecycle default -> [validate, initialize, generate-sources, process-sources, generate-resources, process-resources, compile, process-classes, generate-test-sources, process-test-sources, generate-test-resources, process-test-resources, test-compile, process-test-classes, test, prepare-package, package, pre-integration-test, integration-test, post-integration-test, verify, install, deploy]
[DEBUG] Lifecycle site -> [pre-site, site, post-site, site-deploy]
[DEBUG] Lifecycle clean -> [pre-clean, clean, post-clean]
[DEBUG] Lifecycle default -> [validate, initialize, generate-sources, process-sources, generate-resources, process-resources, compile, process-classes, generate-test-sources, process-test-sources, generate-test-resources, process-test-resources, test-compile, process-test-classes, test, prepare-package, package, pre-integration-test, integration-test, post-integration-test, verify, install, deploy]
[DEBUG] Lifecycle site -> [pre-site, site, post-site, site-deploy]
[DEBUG] === PROJECT BUILD PLAN ================================================
[DEBUG] Project:       com.perfect8:perfect8-parent:1.0.0
[DEBUG] Dependencies (collect): []
[DEBUG] Dependencies (resolve): []
[DEBUG] Repositories (dependencies): [central (https://repo.maven.apache.org/maven2, default, releases)]
[DEBUG] Repositories (plugins)     : [central (https://repo.maven.apache.org/maven2, default, releases)]
[DEBUG] -----------------------------------------------------------------------
[DEBUG] Goal:          org.apache.maven.plugins:maven-clean-plugin:3.3.2:clean (default-clean)
[DEBUG] Style:         Regular
[DEBUG] Configuration: <?xml version="1.0" encoding="UTF-8"?>
<configuration>
  <directory default-value="${project.build.directory}"/>
  <excludeDefaultDirectories default-value="false">${maven.clean.excludeDefaultDirectories}</excludeDefaultDirectories>
  <failOnError default-value="true">${maven.clean.failOnError}</failOnError>
  <fast default-value="false">${maven.clean.fast}</fast>
  <fastDir>${maven.clean.fastDir}</fastDir>
  <fastMode default-value="background">${maven.clean.fastMode}</fastMode>
  <followSymLinks default-value="false">${maven.clean.followSymLinks}</followSymLinks>
  <outputDirectory default-value="${project.build.outputDirectory}"/>
  <reportDirectory default-value="${project.build.outputDirectory}"/>
  <retryOnError default-value="true">${maven.clean.retryOnError}</retryOnError>
  <session default-value="${session}"/>
  <skip default-value="false">${maven.clean.skip}</skip>
  <testOutputDirectory default-value="${project.build.testOutputDirectory}"/>
  <verbose>${maven.clean.verbose}</verbose>
</configuration>
[DEBUG] =======================================================================
[INFO] 
[INFO] --- clean:3.3.2:clean (default-clean) @ perfect8-parent ---
[DEBUG] Dependency collection stats {ConflictMarker.analyzeTime=1658900, ConflictMarker.markTime=53900, ConflictMarker.nodeCount=2, ConflictIdSorter.graphTime=1020200, ConflictIdSorter.topsortTime=784000, ConflictIdSorter.conflictIdCount=2, ConflictIdSorter.conflictIdCycleCount=0, ConflictResolver.totalTime=4863300, ConflictResolver.conflictItemCount=2, DfDependencyCollector.collectTime=20608200, DfDependencyCollector.transformTime=12188200}
[DEBUG] org.apache.maven.plugins:maven-clean-plugin:jar:3.3.2
[DEBUG]    org.codehaus.plexus:plexus-utils:jar:4.0.0:compile
[DEBUG] Created new class realm plugin>org.apache.maven.plugins:maven-clean-plugin:3.3.2
[DEBUG] Importing foreign packages into class realm plugin>org.apache.maven.plugins:maven-clean-plugin:3.3.2
[DEBUG]   Imported:  < maven.api
[DEBUG] Populating class realm plugin>org.apache.maven.plugins:maven-clean-plugin:3.3.2
[DEBUG]   Included: org.apache.maven.plugins:maven-clean-plugin:jar:3.3.2
[DEBUG]   Included: org.codehaus.plexus:plexus-utils:jar:4.0.0
[DEBUG] Loading mojo org.apache.maven.plugins:maven-clean-plugin:3.3.2:clean from plugin realm ClassRealm[plugin>org.apache.maven.plugins:maven-clean-plugin:3.3.2, parent: jdk.internal.loader.ClassLoaders$AppClassLoader@33909752]
[DEBUG] Configuring mojo execution 'org.apache.maven.plugins:maven-clean-plugin:3.3.2:clean:default-clean' with basic configurator -->
[DEBUG]   (f) directory = C:\_Perfect8\Blog\target
[DEBUG]   (f) excludeDefaultDirectories = false
[DEBUG]   (f) failOnError = true
[DEBUG]   (f) fast = false
[DEBUG]   (f) fastMode = background
[DEBUG]   (f) followSymLinks = false
[DEBUG]   (f) outputDirectory = C:\_Perfect8\Blog\target\classes
[DEBUG]   (f) reportDirectory = C:\_Perfect8\Blog\target\classes
[DEBUG]   (f) retryOnError = true
[DEBUG]   (f) session = org.apache.maven.execution.MavenSession@6b8280e6
[DEBUG]   (f) skip = false
[DEBUG]   (f) testOutputDirectory = C:\_Perfect8\Blog\target\test-classes
[DEBUG] -- end configuration --
[DEBUG] Skipping non-existing directory C:\_Perfect8\Blog\target
[DEBUG] Skipping non-existing directory C:\_Perfect8\Blog\target\classes
[DEBUG] Skipping non-existing directory C:\_Perfect8\Blog\target\test-classes
[DEBUG] Skipping non-existing directory C:\_Perfect8\Blog\target\classes
[INFO] 
[INFO] ---------------------< com.perfect8:blog-service >----------------------
[INFO] Building Blog Service 1.0.0                                        [2/6]
[INFO]   from blog-service\pom.xml
[INFO] --------------------------------[ jar ]---------------------------------
[DEBUG] Lifecycle clean -> [pre-clean, clean, post-clean]
[DEBUG] Lifecycle default -> [validate, initialize, generate-sources, process-sources, generate-resources, process-resources, compile, process-classes, generate-test-sources, process-test-sources, generate-test-resources, process-test-resources, test-compile, process-test-classes, test, prepare-package, package, pre-integration-test, integration-test, post-integration-test, verify, install, deploy]
[DEBUG] Lifecycle site -> [pre-site, site, post-site, site-deploy]
[DEBUG] Lifecycle clean -> [pre-clean, clean, post-clean]
[DEBUG] Lifecycle default -> [validate, initialize, generate-sources, process-sources, generate-resources, process-resources, compile, process-classes, generate-test-sources, process-test-sources, generate-test-resources, process-test-resources, test-compile, process-test-classes, test, prepare-package, package, pre-integration-test, integration-test, post-integration-test, verify, install, deploy]
[DEBUG] Lifecycle site -> [pre-site, site, post-site, site-deploy]
[DEBUG] Lifecycle clean -> [pre-clean, clean, post-clean]
[DEBUG] Lifecycle default -> [validate, initialize, generate-sources, process-sources, generate-resources, process-resources, compile, process-classes, generate-test-sources, process-test-sources, generate-test-resources, process-test-resources, test-compile, process-test-classes, test, prepare-package, package, pre-integration-test, integration-test, post-integration-test, verify, install, deploy]
[DEBUG] Lifecycle site -> [pre-site, site, post-site, site-deploy]
[DEBUG] Lifecycle clean -> [pre-clean, clean, post-clean]
[DEBUG] Lifecycle default -> [validate, initialize, generate-sources, process-sources, generate-resources, process-resources, compile, process-classes, generate-test-sources, process-test-sources, generate-test-resources, process-test-resources, test-compile, process-test-classes, test, prepare-package, package, pre-integration-test, integration-test, post-integration-test, verify, install, deploy]
[DEBUG] Lifecycle site -> [pre-site, site, post-site, site-deploy]
[DEBUG] Lifecycle clean -> [pre-clean, clean, post-clean]
[DEBUG] Lifecycle default -> [validate, initialize, generate-sources, process-sources, generate-resources, process-resources, compile, process-classes, generate-test-sources, process-test-sources, generate-test-resources, process-test-resources, test-compile, process-test-classes, test, prepare-package, package, pre-integration-test, integration-test, post-integration-test, verify, install, deploy]
[DEBUG] Lifecycle site -> [pre-site, site, post-site, site-deploy]
[DEBUG] === PROJECT BUILD PLAN ================================================
[DEBUG] Project:       com.perfect8:blog-service:1.0.0
[DEBUG] Dependencies (collect): []
[DEBUG] Dependencies (resolve): [compile]
[DEBUG] Repositories (dependencies): [central (https://repo.maven.apache.org/maven2, default, releases)]
[DEBUG] Repositories (plugins)     : [central (https://repo.maven.apache.org/maven2, default, releases)]
[DEBUG] -----------------------------------------------------------------------
[DEBUG] Goal:          org.apache.maven.plugins:maven-clean-plugin:3.3.2:clean (default-clean)
[DEBUG] Style:         Regular
[DEBUG] Configuration: <?xml version="1.0" encoding="UTF-8"?>
<configuration>
  <directory default-value="${project.build.directory}"/>
  <excludeDefaultDirectories default-value="false">${maven.clean.excludeDefaultDirectories}</excludeDefaultDirectories>
  <failOnError default-value="true">${maven.clean.failOnError}</failOnError>
  <fast default-value="false">${maven.clean.fast}</fast>
  <fastDir>${maven.clean.fastDir}</fastDir>
  <fastMode default-value="background">${maven.clean.fastMode}</fastMode>
  <followSymLinks default-value="false">${maven.clean.followSymLinks}</followSymLinks>
  <outputDirectory default-value="${project.build.outputDirectory}"/>
  <reportDirectory default-value="${project.build.outputDirectory}"/>
  <retryOnError default-value="true">${maven.clean.retryOnError}</retryOnError>
  <session default-value="${session}"/>
  <skip default-value="false">${maven.clean.skip}</skip>
  <testOutputDirectory default-value="${project.build.testOutputDirectory}"/>
  <verbose>${maven.clean.verbose}</verbose>
</configuration>
[DEBUG] -----------------------------------------------------------------------
[DEBUG] Goal:          org.apache.maven.plugins:maven-resources-plugin:3.3.1:resources (default-resources)
[DEBUG] Style:         Regular
[DEBUG] Configuration: <?xml version="1.0" encoding="UTF-8"?>
<configuration>
  <addDefaultExcludes default-value="true"/>
  <buildFilters default-value="${project.build.filters}"/>
  <delimiters>
    <delimiter>@</delimiter>
  </delimiters>
  <encoding default-value="${project.build.sourceEncoding}"/>
  <escapeWindowsPaths default-value="true"/>
  <fileNameFiltering default-value="false"/>
  <includeEmptyDirs default-value="false"/>
  <outputDirectory default-value="${project.build.outputDirectory}"/>
  <overwrite default-value="false"/>
  <project default-value="${project}"/>
  <propertiesEncoding>UTF-8</propertiesEncoding>
  <resources default-value="${project.resources}"/>
  <session default-value="${session}"/>
  <skip default-value="false">${maven.resources.skip}</skip>
  <supportMultiLineFiltering default-value="false"/>
  <useBuildFilters default-value="true"/>
  <useDefaultDelimiters default-value="true">false</useDefaultDelimiters>
</configuration>
[DEBUG] -----------------------------------------------------------------------
[DEBUG] Goal:          org.apache.maven.plugins:maven-compiler-plugin:3.11.0:compile (default-compile)
[DEBUG] Style:         Regular
[DEBUG] Configuration: <?xml version="1.0" encoding="UTF-8"?>
<configuration>
  <annotationProcessorPaths>
    <path>
      <groupId>org.projectlombok</groupId>
      <artifactId>lombok</artifactId>
      <version>1.18.30</version>
    </path>
  </annotationProcessorPaths>
  <basedir default-value="${basedir}"/>
  <buildDirectory default-value="${project.build.directory}"/>
  <compilePath default-value="${project.compileClasspathElements}"/>
  <compileSourceRoots default-value="${project.compileSourceRoots}"/>
  <compilerId default-value="javac">${maven.compiler.compilerId}</compilerId>
  <compilerReuseStrategy default-value="${reuseCreated}">${maven.compiler.compilerReuseStrategy}</compilerReuseStrategy>
  <compilerVersion>${maven.compiler.compilerVersion}</compilerVersion>
  <createMissingPackageInfoClass default-value="true">${maven.compiler.createMissingPackageInfoClass}</createMissingPackageInfoClass>
  <debug default-value="true">${maven.compiler.debug}</debug>
  <debugFileName default-value="javac"/>
  <debuglevel>${maven.compiler.debuglevel}</debuglevel>
  <enablePreview default-value="false">${maven.compiler.enablePreview}</enablePreview>
  <encoding default-value="${project.build.sourceEncoding}">${encoding}</encoding>
  <executable>${maven.compiler.executable}</executable>
  <failOnError default-value="true">${maven.compiler.failOnError}</failOnError>
  <failOnWarning default-value="false">${maven.compiler.failOnWarning}</failOnWarning>
  <forceJavacCompilerUse default-value="false">${maven.compiler.forceJavacCompilerUse}</forceJavacCompilerUse>
  <fork default-value="false">${maven.compiler.fork}</fork>
  <generatedSourcesDirectory default-value="${project.build.directory}/generated-sources/annotations"/>
  <implicit>${maven.compiler.implicit}</implicit>
  <maxmem>${maven.compiler.maxmem}</maxmem>
  <meminitial>${maven.compiler.meminitial}</meminitial>
  <mojoExecution default-value="${mojoExecution}"/>
  <optimize default-value="false">${maven.compiler.optimize}</optimize>
  <outputDirectory default-value="${project.build.outputDirectory}"/>
  <parameters default-value="false">true</parameters>
  <project default-value="${project}"/>
  <projectArtifact default-value="${project.artifact}"/>
  <release>${maven.compiler.release}</release>
  <session default-value="${session}"/>
  <showCompilationChanges default-value="false">${maven.compiler.showCompilationChanges}</showCompilationChanges>
  <showDeprecation default-value="false">${maven.compiler.showDeprecation}</showDeprecation>
  <showWarnings default-value="true">${maven.compiler.showWarnings}</showWarnings>
  <skipMain>${maven.main.skip}</skipMain>
  <skipMultiThreadWarning default-value="false">${maven.compiler.skipMultiThreadWarning}</skipMultiThreadWarning>
  <source default-value="1.8">17</source>
  <staleMillis default-value="0">${lastModGranularityMs}</staleMillis>
  <target default-value="1.8">17</target>
  <useIncrementalCompilation default-value="true">${maven.compiler.useIncrementalCompilation}</useIncrementalCompilation>
  <verbose default-value="false">${maven.compiler.verbose}</verbose>
</configuration>
[DEBUG] =======================================================================
[DEBUG] Using mirror maven-default-http-blocker (http://0.0.0.0/) for vaadin-snapshots (http://oss.sonatype.org/content/repositories/vaadin-snapshots/).
[DEBUG] Using mirror maven-default-http-blocker (http://0.0.0.0/) for vaadin-releases (http://oss.sonatype.org/content/repositories/vaadin-releases/).
[DEBUG] Dependency collection stats {ConflictMarker.analyzeTime=665300, ConflictMarker.markTime=328100, ConflictMarker.nodeCount=266, ConflictIdSorter.graphTime=262600, ConflictIdSorter.topsortTime=87200, ConflictIdSorter.conflictIdCount=122, ConflictIdSorter.conflictIdCycleCount=0, ConflictResolver.totalTime=12286400, ConflictResolver.conflictItemCount=254, DfDependencyCollector.collectTime=521223000, DfDependencyCollector.transformTime=13745500}
[WARNING] The artifact mysql:mysql-connector-java:jar:8.0.33 has been relocated to com.mysql:mysql-connector-j:jar:8.0.33: MySQL Connector/J artifacts moved to reverse-DNS compliant Maven 2+ coordinates.
[DEBUG] com.perfect8:blog-service:jar:1.0.0
[DEBUG]    org.springframework.boot:spring-boot-starter-web:jar:3.2.12:compile
[DEBUG]       org.springframework.boot:spring-boot-starter:jar:3.2.12:compile (version managed from 3.2.12)
[DEBUG]          org.springframework.boot:spring-boot:jar:3.2.12:compile (version managed from 3.2.12)
[DEBUG]          org.springframework.boot:spring-boot-autoconfigure:jar:3.2.12:compile (version managed from 3.2.12)
[DEBUG]          org.springframework.boot:spring-boot-starter-logging:jar:3.2.12:compile (version managed from 3.2.12)
[DEBUG]             ch.qos.logback:logback-classic:jar:1.4.14:compile (version managed from 1.4.14)
[DEBUG]                ch.qos.logback:logback-core:jar:1.4.14:compile (version managed from 1.4.14)
[DEBUG]             org.apache.logging.log4j:log4j-to-slf4j:jar:2.21.1:compile (version managed from 2.21.1)
[DEBUG]                org.apache.logging.log4j:log4j-api:jar:2.21.1:compile (version managed from 2.21.1)
[DEBUG]             org.slf4j:jul-to-slf4j:jar:2.0.16:compile (version managed from 2.0.16)
[DEBUG]          jakarta.annotation:jakarta.annotation-api:jar:2.1.1:compile (version managed from 2.1.1)
[DEBUG]          org.yaml:snakeyaml:jar:2.2:compile (version managed from 2.2)
[DEBUG]       org.springframework.boot:spring-boot-starter-json:jar:3.2.12:compile (version managed from 3.2.12)
[DEBUG]          com.fasterxml.jackson.datatype:jackson-datatype-jdk8:jar:2.15.4:compile (version managed from 2.15.4)
[DEBUG]          com.fasterxml.jackson.datatype:jackson-datatype-jsr310:jar:2.15.4:compile (version managed from 2.15.4)
[DEBUG]          com.fasterxml.jackson.module:jackson-module-parameter-names:jar:2.15.4:compile (version managed from 2.15.4)
[DEBUG]       org.springframework.boot:spring-boot-starter-tomcat:jar:3.2.12:compile (version managed from 3.2.12)
[DEBUG]          org.apache.tomcat.embed:tomcat-embed-core:jar:10.1.33:compile (version managed from 10.1.33)
[DEBUG]          org.apache.tomcat.embed:tomcat-embed-websocket:jar:10.1.33:compile (version managed from 10.1.33)
[DEBUG]       org.springframework:spring-web:jar:6.1.15:compile (version managed from 6.1.15)
[DEBUG]          org.springframework:spring-beans:jar:6.1.15:compile (version managed from 6.1.15)
[DEBUG]       org.springframework:spring-webmvc:jar:6.1.15:compile (version managed from 6.1.15)
[DEBUG]          org.springframework:spring-context:jar:6.1.15:compile (version managed from 6.1.15)
[DEBUG]          org.springframework:spring-expression:jar:6.1.15:compile (version managed from 6.1.15)
[DEBUG]    org.springframework.boot:spring-boot-starter-data-jpa:jar:3.2.12:compile
[DEBUG]       org.springframework.boot:spring-boot-starter-aop:jar:3.2.12:compile (version managed from 3.2.12)
[DEBUG]          org.aspectj:aspectjweaver:jar:1.9.22.1:compile (version managed from 1.9.22.1)
[DEBUG]       org.springframework.boot:spring-boot-starter-jdbc:jar:3.2.12:compile (version managed from 3.2.12)
[DEBUG]          com.zaxxer:HikariCP:jar:5.0.1:compile (version managed from 5.0.1)
[DEBUG]          org.springframework:spring-jdbc:jar:6.1.15:compile (version managed from 6.1.15)
[DEBUG]       org.hibernate.orm:hibernate-core:jar:6.4.10.Final:compile (version managed from 6.4.10.Final)
[DEBUG]          jakarta.persistence:jakarta.persistence-api:jar:3.1.0:compile (version managed from 3.1.0)
[DEBUG]          jakarta.transaction:jakarta.transaction-api:jar:2.0.1:compile (version managed from 2.0.1)
[DEBUG]          org.jboss.logging:jboss-logging:jar:3.5.3.Final:compile (version managed from 3.5.0.Final)
[DEBUG]          org.hibernate.common:hibernate-commons-annotations:jar:6.0.6.Final:runtime
[DEBUG]          io.smallrye:jandex:jar:3.1.2:runtime
[DEBUG]          com.fasterxml:classmate:jar:1.6.0:compile (version managed from 1.5.1)
[DEBUG]          net.bytebuddy:byte-buddy:jar:1.14.19:runtime (version managed from 1.14.11)
[DEBUG]          org.glassfish.jaxb:jaxb-runtime:jar:4.0.5:runtime (version managed from 4.0.2)
[DEBUG]             org.glassfish.jaxb:jaxb-core:jar:4.0.5:runtime (version managed from 4.0.5)
[DEBUG]                org.eclipse.angus:angus-activation:jar:2.0.2:runtime (version managed from 2.0.2)
[DEBUG]                org.glassfish.jaxb:txw2:jar:4.0.5:runtime (version managed from 4.0.5)
[DEBUG]                com.sun.istack:istack-commons-runtime:jar:4.1.2:runtime (version managed from 4.1.2)
[DEBUG]          jakarta.inject:jakarta.inject-api:jar:2.0.1:runtime
[DEBUG]          org.antlr:antlr4-runtime:jar:4.13.0:compile
[DEBUG]       org.springframework.data:spring-data-jpa:jar:3.2.12:compile (version managed from 3.2.12)
[DEBUG]          org.springframework.data:spring-data-commons:jar:3.2.12:compile (version managed from 3.2.12)
[DEBUG]          org.springframework:spring-orm:jar:6.1.15:compile (version managed from 6.1.15)
[DEBUG]          org.springframework:spring-tx:jar:6.1.15:compile (version managed from 6.1.15)
[DEBUG]          org.slf4j:slf4j-api:jar:2.0.16:compile (version managed from 2.0.2)
[DEBUG]       org.springframework:spring-aspects:jar:6.1.15:compile (version managed from 6.1.15)
[DEBUG]    org.springframework.boot:spring-boot-starter-security:jar:3.2.12:compile
[DEBUG]       org.springframework:spring-aop:jar:6.1.15:compile (version managed from 6.1.15)
[DEBUG]       org.springframework.security:spring-security-config:jar:6.2.8:compile (version managed from 6.2.8)
[DEBUG]       org.springframework.security:spring-security-web:jar:6.2.8:compile (version managed from 6.2.8)
[DEBUG]    org.springframework.boot:spring-boot-starter-validation:jar:3.2.12:compile
[DEBUG]       org.apache.tomcat.embed:tomcat-embed-el:jar:10.1.33:compile (version managed from 10.1.33)
[DEBUG]       org.hibernate.validator:hibernate-validator:jar:8.0.1.Final:compile (version managed from 8.0.1.Final)
[DEBUG]          jakarta.validation:jakarta.validation-api:jar:3.0.2:compile (version managed from 3.0.2)
[DEBUG]    com.mysql:mysql-connector-j:jar:8.0.33:runtime (exclusions managed from [])
[DEBUG]    org.projectlombok:lombok:jar:1.18.30:provided
[DEBUG]    io.jsonwebtoken:jjwt-api:jar:0.12.3:compile
[DEBUG]    io.jsonwebtoken:jjwt-impl:jar:0.12.3:runtime
[DEBUG]    io.jsonwebtoken:jjwt-jackson:jar:0.12.3:runtime
[DEBUG]       com.fasterxml.jackson.core:jackson-databind:jar:2.15.4:compile (version managed from 2.12.7.1)
[DEBUG]          com.fasterxml.jackson.core:jackson-annotations:jar:2.15.4:compile (version managed from 2.15.4)
[DEBUG]          com.fasterxml.jackson.core:jackson-core:jar:2.15.4:compile (version managed from 2.15.4)
[DEBUG]    org.springframework.cloud:spring-cloud-starter-openfeign:jar:4.1.0:compile
[DEBUG]       org.springframework.cloud:spring-cloud-starter:jar:4.1.4:compile (version managed from 4.1.0)
[DEBUG]          org.springframework.cloud:spring-cloud-context:jar:4.1.4:compile (version managed from 4.1.4)
[DEBUG]          org.springframework.security:spring-security-rsa:jar:1.1.3:compile (version managed from 1.1.3) (exclusions managed from [org.springframework:spring-core:*:*, org.springframework.security:spring-security-crypto:*:*])
[DEBUG]             org.bouncycastle:bcprov-jdk18on:jar:1.78:compile
[DEBUG]       org.springframework.cloud:spring-cloud-openfeign-core:jar:4.1.3:compile (version managed from 4.1.0)
[DEBUG]          io.github.openfeign.form:feign-form-spring:jar:3.8.0:compile (version managed from 3.8.0) (exclusions managed from [commons-io:commons-io:*:*, commons-fileupload:commons-fileupload:*:*])
[DEBUG]             io.github.openfeign.form:feign-form:jar:3.8.0:compile
[DEBUG]          commons-fileupload:commons-fileupload:jar:1.5:compile (version managed from 1.5)
[DEBUG]             commons-io:commons-io:jar:2.11.0:compile
[DEBUG]       org.springframework.cloud:spring-cloud-commons:jar:4.1.4:compile (version managed from 4.1.0)
[DEBUG]          org.springframework.security:spring-security-crypto:jar:6.2.8:compile (version managed from 6.2.5)
[DEBUG]       io.github.openfeign:feign-core:jar:13.3:compile (version managed from 13.1)
[DEBUG]       io.github.openfeign:feign-slf4j:jar:13.3:compile (version managed from 13.1)
[DEBUG]    org.springframework.boot:spring-boot-starter-actuator:jar:3.2.12:compile
[DEBUG]       org.springframework.boot:spring-boot-actuator-autoconfigure:jar:3.2.12:compile (version managed from 3.2.12)
[DEBUG]          org.springframework.boot:spring-boot-actuator:jar:3.2.12:compile (version managed from 3.2.12)
[DEBUG]       io.micrometer:micrometer-observation:jar:1.12.13:compile (version managed from 1.12.13)
[DEBUG]          io.micrometer:micrometer-commons:jar:1.12.13:compile (version managed from 1.12.13)
[DEBUG]       io.micrometer:micrometer-jakarta9:jar:1.12.13:compile (version managed from 1.12.13)
[DEBUG]          io.micrometer:micrometer-core:jar:1.12.13:compile (version managed from 1.12.13)
[DEBUG]             org.hdrhistogram:HdrHistogram:jar:2.1.12:runtime
[DEBUG]             org.latencyutils:LatencyUtils:jar:2.0.3:runtime
[DEBUG]    org.springframework.boot:spring-boot-starter-test:jar:3.2.12:test
[DEBUG]       org.springframework.boot:spring-boot-test:jar:3.2.12:test (version managed from 3.2.12)
[DEBUG]       org.springframework.boot:spring-boot-test-autoconfigure:jar:3.2.12:test (version managed from 3.2.12)
[DEBUG]       com.jayway.jsonpath:json-path:jar:2.9.0:test (version managed from 2.9.0)
[DEBUG]       jakarta.xml.bind:jakarta.xml.bind-api:jar:4.0.2:runtime (version managed from 4.0.2)
[DEBUG]          jakarta.activation:jakarta.activation-api:jar:2.1.3:runtime (version managed from 2.1.3)
[DEBUG]       net.minidev:json-smart:jar:2.5.1:test (version managed from 2.5.1)
[DEBUG]          net.minidev:accessors-smart:jar:2.5.1:test
[DEBUG]             org.ow2.asm:asm:jar:9.6:test
[DEBUG]       org.assertj:assertj-core:jar:3.24.2:test (version managed from 3.24.2)
[DEBUG]       org.awaitility:awaitility:jar:4.2.2:test (version managed from 4.2.2)
[DEBUG]       org.hamcrest:hamcrest:jar:2.2:test (version managed from 2.2)
[DEBUG]       org.junit.jupiter:junit-jupiter:jar:5.10.5:test (version managed from 5.10.5)
[DEBUG]          org.junit.jupiter:junit-jupiter-api:jar:5.10.5:test (version managed from 5.10.5)
[DEBUG]             org.opentest4j:opentest4j:jar:1.3.0:test
[DEBUG]             org.junit.platform:junit-platform-commons:jar:1.10.5:test (version managed from 1.10.5)
[DEBUG]             org.apiguardian:apiguardian-api:jar:1.1.2:test
[DEBUG]          org.junit.jupiter:junit-jupiter-params:jar:5.10.5:test (version managed from 5.10.5)
[DEBUG]          org.junit.jupiter:junit-jupiter-engine:jar:5.10.5:test (version managed from 5.10.5)
[DEBUG]             org.junit.platform:junit-platform-engine:jar:1.10.5:test (version managed from 1.10.5)
[DEBUG]       org.mockito:mockito-core:jar:5.7.0:test (version managed from 5.7.0)
[DEBUG]          net.bytebuddy:byte-buddy-agent:jar:1.14.19:test (version managed from 1.14.9)
[DEBUG]          org.objenesis:objenesis:jar:3.3:test
[DEBUG]       org.mockito:mockito-junit-jupiter:jar:5.7.0:test (version managed from 5.7.0)
[DEBUG]       org.skyscreamer:jsonassert:jar:1.5.3:test (version managed from 1.5.3)
[DEBUG]          com.vaadin.external.google:android-json:jar:0.0.20131108.vaadin1:test
[DEBUG]       org.springframework:spring-core:jar:6.1.15:compile (version managed from 6.1.15)
[DEBUG]          org.springframework:spring-jcl:jar:6.1.15:compile (version managed from 6.1.15)
[DEBUG]       org.springframework:spring-test:jar:6.1.15:test (version managed from 6.1.15)
[DEBUG]       org.xmlunit:xmlunit-core:jar:2.9.1:test (version managed from 2.9.1)
[DEBUG]    org.springframework.security:spring-security-test:jar:6.2.8:test
[DEBUG]       org.springframework.security:spring-security-core:jar:6.2.8:compile (version managed from 6.2.8)
[INFO] 
[INFO] --- clean:3.3.2:clean (default-clean) @ blog-service ---
[DEBUG] Loading mojo org.apache.maven.plugins:maven-clean-plugin:3.3.2:clean from plugin realm ClassRealm[plugin>org.apache.maven.plugins:maven-clean-plugin:3.3.2, parent: jdk.internal.loader.ClassLoaders$AppClassLoader@33909752]
[DEBUG] Configuring mojo execution 'org.apache.maven.plugins:maven-clean-plugin:3.3.2:clean:default-clean' with basic configurator -->
[DEBUG]   (f) directory = C:\_Perfect8\Blog\blog-service\target
[DEBUG]   (f) excludeDefaultDirectories = false
[DEBUG]   (f) failOnError = true
[DEBUG]   (f) fast = false
[DEBUG]   (f) fastMode = background
[DEBUG]   (f) followSymLinks = false
[DEBUG]   (f) outputDirectory = C:\_Perfect8\Blog\blog-service\target\classes
[DEBUG]   (f) reportDirectory = C:\_Perfect8\Blog\blog-service\target\classes
[DEBUG]   (f) retryOnError = true
[DEBUG]   (f) session = org.apache.maven.execution.MavenSession@6b8280e6
[DEBUG]   (f) skip = false
[DEBUG]   (f) testOutputDirectory = C:\_Perfect8\Blog\blog-service\target\test-classes
[DEBUG] -- end configuration --
[INFO] Deleting C:\_Perfect8\Blog\blog-service\target
[INFO] Deleting file C:\_Perfect8\Blog\blog-service\target\maven-status\maven-compiler-plugin\compile\default-compile\inputFiles.lst
[INFO] Deleting file C:\_Perfect8\Blog\blog-service\target\maven-status\maven-compiler-plugin\compile\default-compile\createdFiles.lst
[INFO] Deleting directory C:\_Perfect8\Blog\blog-service\target\maven-status\maven-compiler-plugin\compile\default-compile
[INFO] Deleting directory C:\_Perfect8\Blog\blog-service\target\maven-status\maven-compiler-plugin\compile
[INFO] Deleting directory C:\_Perfect8\Blog\blog-service\target\maven-status\maven-compiler-plugin
[INFO] Deleting directory C:\_Perfect8\Blog\blog-service\target\maven-status
[INFO] Deleting directory C:\_Perfect8\Blog\blog-service\target\generated-sources\annotations
[INFO] Deleting directory C:\_Perfect8\Blog\blog-service\target\generated-sources
[INFO] Deleting file C:\_Perfect8\Blog\blog-service\target\classes\data.sql (optional)
[INFO] Deleting file C:\_Perfect8\Blog\blog-service\target\classes\com\perfect8\blog\service\UserService.class
[INFO] Deleting file C:\_Perfect8\Blog\blog-service\target\classes\com\perfect8\blog\service\PostService.class
[INFO] Deleting file C:\_Perfect8\Blog\blog-service\target\classes\com\perfect8\blog\service\AuthService.class
[INFO] Deleting file C:\_Perfect8\Blog\blog-service\target\classes\com\perfect8\blog\service\AdminService.class
[INFO] Deleting directory C:\_Perfect8\Blog\blog-service\target\classes\com\perfect8\blog\service
[INFO] Deleting file C:\_Perfect8\Blog\blog-service\target\classes\com\perfect8\blog\security\UserDetailsServiceImpl.class
[INFO] Deleting file C:\_Perfect8\Blog\blog-service\target\classes\com\perfect8\blog\security\JwtTokenProvider.class
[INFO] Deleting file C:\_Perfect8\Blog\blog-service\target\classes\com\perfect8\blog\security\JwtAuthenticationFilter.class
[INFO] Deleting directory C:\_Perfect8\Blog\blog-service\target\classes\com\perfect8\blog\security
[INFO] Deleting file C:\_Perfect8\Blog\blog-service\target\classes\com\perfect8\blog\repository\UserRepository.class
[INFO] Deleting file C:\_Perfect8\Blog\blog-service\target\classes\com\perfect8\blog\repository\RoleRepository.class
[INFO] Deleting file C:\_Perfect8\Blog\blog-service\target\classes\com\perfect8\blog\repository\PostRepository.class
[INFO] Deleting file C:\_Perfect8\Blog\blog-service\target\classes\com\perfect8\blog\repository\ImageReferenceRepository.class
[INFO] Deleting directory C:\_Perfect8\Blog\blog-service\target\classes\com\perfect8\blog\repository
[INFO] Deleting file C:\_Perfect8\Blog\blog-service\target\classes\com\perfect8\blog\model\User.class
[INFO] Deleting file C:\_Perfect8\Blog\blog-service\target\classes\com\perfect8\blog\model\Role.class
[INFO] Deleting file C:\_Perfect8\Blog\blog-service\target\classes\com\perfect8\blog\model\Post.class
[INFO] Deleting file C:\_Perfect8\Blog\blog-service\target\classes\com\perfect8\blog\model\ImageReference.class
[INFO] Deleting directory C:\_Perfect8\Blog\blog-service\target\classes\com\perfect8\blog\model
[INFO] Deleting file C:\_Perfect8\Blog\blog-service\target\classes\com\perfect8\blog\exception\ResourceNotFoundException.class
[INFO] Deleting file C:\_Perfect8\Blog\blog-service\target\classes\com\perfect8\blog\exception\GlobalExceptionHandler.class
[INFO] Deleting file C:\_Perfect8\Blog\blog-service\target\classes\com\perfect8\blog\exception\GlobalExceptionHandler$ErrorResponse.class
[INFO] Deleting directory C:\_Perfect8\Blog\blog-service\target\classes\com\perfect8\blog\exception
[INFO] Deleting file C:\_Perfect8\Blog\blog-service\target\classes\com\perfect8\blog\dto\UserDto.class
[INFO] Deleting file C:\_Perfect8\Blog\blog-service\target\classes\com\perfect8\blog\dto\PostDto.class
[INFO] Deleting file C:\_Perfect8\Blog\blog-service\target\classes\com\perfect8\blog\dto\PostDto$ImageReferenceDto.class
[INFO] Deleting file C:\_Perfect8\Blog\blog-service\target\classes\com\perfect8\blog\dto\AuthDto.class
[INFO] Deleting file C:\_Perfect8\Blog\blog-service\target\classes\com\perfect8\blog\dto\AuthDto$RegisterRequest.class
[INFO] Deleting file C:\_Perfect8\Blog\blog-service\target\classes\com\perfect8\blog\dto\AuthDto$LoginRequest.class
[INFO] Deleting file C:\_Perfect8\Blog\blog-service\target\classes\com\perfect8\blog\dto\AuthDto$JwtResponse.class
[INFO] Deleting directory C:\_Perfect8\Blog\blog-service\target\classes\com\perfect8\blog\dto
[INFO] Deleting file C:\_Perfect8\Blog\blog-service\target\classes\com\perfect8\blog\controller\PostController.class
[INFO] Deleting file C:\_Perfect8\Blog\blog-service\target\classes\com\perfect8\blog\controller\AuthController.class
[INFO] Deleting file C:\_Perfect8\Blog\blog-service\target\classes\com\perfect8\blog\controller\AdminController.class
[INFO] Deleting directory C:\_Perfect8\Blog\blog-service\target\classes\com\perfect8\blog\controller
[INFO] Deleting file C:\_Perfect8\Blog\blog-service\target\classes\com\perfect8\blog\config\SecurityConfig.class
[INFO] Deleting file C:\_Perfect8\Blog\blog-service\target\classes\com\perfect8\blog\config\JwtConfig.class
[INFO] Deleting file C:\_Perfect8\Blog\blog-service\target\classes\com\perfect8\blog\config\FeignConfig.class
[INFO] Deleting file C:\_Perfect8\Blog\blog-service\target\classes\com\perfect8\blog\config\DataInitializer.class
[INFO] Deleting directory C:\_Perfect8\Blog\blog-service\target\classes\com\perfect8\blog\config
[INFO] Deleting file C:\_Perfect8\Blog\blog-service\target\classes\com\perfect8\blog\client\ImageServiceClient.class
[INFO] Deleting file C:\_Perfect8\Blog\blog-service\target\classes\com\perfect8\blog\client\ImageServiceClient$ImageResponse.class
[INFO] Deleting directory C:\_Perfect8\Blog\blog-service\target\classes\com\perfect8\blog\client
[INFO] Deleting file C:\_Perfect8\Blog\blog-service\target\classes\com\perfect8\blog\BlogServiceApplication.class
[INFO] Deleting directory C:\_Perfect8\Blog\blog-service\target\classes\com\perfect8\blog
[INFO] Deleting directory C:\_Perfect8\Blog\blog-service\target\classes\com\perfect8
[INFO] Deleting directory C:\_Perfect8\Blog\blog-service\target\classes\com
[INFO] Deleting file C:\_Perfect8\Blog\blog-service\target\classes\application.properties
[INFO] Deleting file C:\_Perfect8\Blog\blog-service\target\classes\application-prod.properties
[INFO] Deleting file C:\_Perfect8\Blog\blog-service\target\classes\application-dev.properties
[INFO] Deleting directory C:\_Perfect8\Blog\blog-service\target\classes
[INFO] Deleting directory C:\_Perfect8\Blog\blog-service\target
[DEBUG] Skipping non-existing directory C:\_Perfect8\Blog\blog-service\target\classes
[DEBUG] Skipping non-existing directory C:\_Perfect8\Blog\blog-service\target\test-classes
[DEBUG] Skipping non-existing directory C:\_Perfect8\Blog\blog-service\target\classes
[INFO] 
[INFO] --- resources:3.3.1:resources (default-resources) @ blog-service ---
[DEBUG] Dependency collection stats {ConflictMarker.analyzeTime=203600, ConflictMarker.markTime=24600, ConflictMarker.nodeCount=13, ConflictIdSorter.graphTime=79300, ConflictIdSorter.topsortTime=12300, ConflictIdSorter.conflictIdCount=9, ConflictIdSorter.conflictIdCycleCount=0, ConflictResolver.totalTime=229600, ConflictResolver.conflictItemCount=13, DfDependencyCollector.collectTime=30713400, DfDependencyCollector.transformTime=568900}
[DEBUG] org.apache.maven.plugins:maven-resources-plugin:jar:3.3.1
[DEBUG]    org.codehaus.plexus:plexus-interpolation:jar:1.26:runtime
[DEBUG]    org.codehaus.plexus:plexus-utils:jar:3.5.1:compile
[DEBUG]    org.apache.maven.shared:maven-filtering:jar:3.3.1:compile
[DEBUG]       javax.inject:javax.inject:jar:1:compile
[DEBUG]       org.slf4j:slf4j-api:jar:1.7.36:compile
[DEBUG]       org.sonatype.plexus:plexus-build-api:jar:0.0.7:compile
[DEBUG]    commons-io:commons-io:jar:2.11.0:compile
[DEBUG]    org.apache.commons:commons-lang3:jar:3.12.0:compile
[DEBUG] Created new class realm plugin>org.apache.maven.plugins:maven-resources-plugin:3.3.1
[DEBUG] Importing foreign packages into class realm plugin>org.apache.maven.plugins:maven-resources-plugin:3.3.1
[DEBUG]   Imported:  < maven.api
[DEBUG] Populating class realm plugin>org.apache.maven.plugins:maven-resources-plugin:3.3.1
[DEBUG]   Included: org.apache.maven.plugins:maven-resources-plugin:jar:3.3.1
[DEBUG]   Included: org.codehaus.plexus:plexus-interpolation:jar:1.26
[DEBUG]   Included: org.codehaus.plexus:plexus-utils:jar:3.5.1
[DEBUG]   Included: org.apache.maven.shared:maven-filtering:jar:3.3.1
[DEBUG]   Included: org.sonatype.plexus:plexus-build-api:jar:0.0.7
[DEBUG]   Included: commons-io:commons-io:jar:2.11.0
[DEBUG]   Included: org.apache.commons:commons-lang3:jar:3.12.0
[DEBUG] Loading mojo org.apache.maven.plugins:maven-resources-plugin:3.3.1:resources from plugin realm ClassRealm[plugin>org.apache.maven.plugins:maven-resources-plugin:3.3.1, parent: jdk.internal.loader.ClassLoaders$AppClassLoader@33909752]
[DEBUG] Configuring mojo execution 'org.apache.maven.plugins:maven-resources-plugin:3.3.1:resources:default-resources' with basic configurator -->
[DEBUG]   (f) addDefaultExcludes = true
[DEBUG]   (f) buildFilters = []
[DEBUG]   (s) delimiters = [@]
[DEBUG]   (f) encoding = UTF-8
[DEBUG]   (f) escapeWindowsPaths = true
[DEBUG]   (f) fileNameFiltering = false
[DEBUG]   (s) includeEmptyDirs = false
[DEBUG]   (s) outputDirectory = C:\_Perfect8\Blog\blog-service\target\classes
[DEBUG]   (s) overwrite = false
[DEBUG]   (f) project = MavenProject: com.perfect8:blog-service:1.0.0 @ C:\_Perfect8\Blog\blog-service\pom.xml
[DEBUG]   (f) propertiesEncoding = UTF-8
[DEBUG]   (s) resources = [Resource {targetPath: null, filtering: true, FileSet {directory: C:\_Perfect8\Blog\blog-service\src\main\resources, PatternSet [includes: {**/application*.yml, **/application*.yaml, **/application*.properties}, excludes: {}]}}, Resource {targetPath: null, filtering: false, FileSet {directory: C:\_Perfect8\Blog\blog-service\src\main\resources, PatternSet [includes: {}, excludes: {**/application*.yml, **/application*.yaml, **/application*.properties}]}}]
[DEBUG]   (f) session = org.apache.maven.execution.MavenSession@6b8280e6
[DEBUG]   (f) skip = false
[DEBUG]   (f) supportMultiLineFiltering = false
[DEBUG]   (f) useBuildFilters = true
[DEBUG]   (s) useDefaultDelimiters = false
[DEBUG] -- end configuration --
[DEBUG] properties used:
[DEBUG] activemq.version: 5.18.6
[DEBUG] angus-mail.version: 2.0.3
[DEBUG] artemis.version: 2.31.2
[DEBUG] aspectj.version: 1.9.22.1
[DEBUG] assertj.version: 3.24.2
[DEBUG] awaitility.version: 4.2.2
[DEBUG] brave.version: 5.16.0
[DEBUG] build-helper-maven-plugin.version: 3.4.0
[DEBUG] byte-buddy.version: 1.14.19
[DEBUG] cache2k.version: 2.6.1.Final
[DEBUG] caffeine.version: 3.1.8
[DEBUG] cassandra-driver.version: 4.17.0
[DEBUG] classmate.version: 1.6.0
[DEBUG] classworlds.conf: C:/Program Files/Maven/apache-maven-3.9.9/bin/m2.conf
[DEBUG] commons-codec.version: 1.16.1
[DEBUG] commons-dbcp2.version: 2.10.0
[DEBUG] commons-lang3.version: 3.13.0
[DEBUG] commons-pool.version: 1.6
[DEBUG] commons-pool2.version: 2.12.0
[DEBUG] couchbase-client.version: 3.4.11
[DEBUG] crac.version: 1.4.0
[DEBUG] db2-jdbc.version: 11.5.9.0
[DEBUG] dependency-management-plugin.version: 1.1.6
[DEBUG] derby.version: 10.16.1.1
[DEBUG] dropwizard-metrics.version: 4.2.28
[DEBUG] ehcache3.version: 3.10.8
[DEBUG] elasticsearch-client.version: 8.10.4
[DEBUG] env.=::: ::\
[DEBUG] env.ALLUSERSPROFILE: C:\ProgramData
[DEBUG] env.ANDROID_HOME: C:\Users\CMB\AppData\Local\Android\Sdk
[DEBUG] env.APPDATA: C:\Users\CMB\AppData\Roaming
[DEBUG] env.CHOCOLATEYINSTALL: C:\ProgramData\chocolatey
[DEBUG] env.CHOCOLATEYLASTPATHUPDATE: 134005919807545750
[DEBUG] env.COMMONPROGRAMFILES: C:\Program Files\Common Files
[DEBUG] env.COMMONPROGRAMFILES(X86): C:\Program Files (x86)\Common Files
[DEBUG] env.COMMONPROGRAMW6432: C:\Program Files\Common Files
[DEBUG] env.COMPUTERNAME: SPELDATOR
[DEBUG] env.COMSPEC: C:\WINDOWS\system32\cmd.exe
[DEBUG] env.DRIVERDATA: C:\Windows\System32\Drivers\DriverData
[DEBUG] env.EFC_11608_1262719628: 1
[DEBUG] env.EFC_11608_1592913036: 1
[DEBUG] env.EFC_11608_2283032206: 1
[DEBUG] env.EFC_11608_2775293581: 1
[DEBUG] env.EFC_11608_3789132940: 1
[DEBUG] env.EXEPATH: C:\Program Files\Git\bin
[DEBUG] env.FPS_BROWSER_APP_PROFILE_STRING: Internet Explorer
[DEBUG] env.FPS_BROWSER_USER_PROFILE_STRING: Default
[DEBUG] env.GIT_LFS_PATH: C:\Program Files\Git LFS
[DEBUG] env.HOME: C:\Users\CMB
[DEBUG] env.HOMEDRIVE: C:
[DEBUG] env.HOMEPATH: \Users\CMB
[DEBUG] env.INTELLIJ IDEA COMMUNITY EDITION: C:\Program Files\JetBrains\IntelliJ IDEA Community Edition 2025.1\bin;
[DEBUG] env.LOCALAPPDATA: C:\Users\CMB\AppData\Local
[DEBUG] env.LOGONSERVER: \\SPELDATOR
[DEBUG] env.MAVEN_CMD_LINE_ARGS:  clean compile -X
[DEBUG] env.MAVEN_HOME: C:/Program Files/Maven/apache-maven-3.9.9
[DEBUG] env.MAVEN_PROJECTBASEDIR: C:/_Perfect8/Blog
[DEBUG] env.MSYSTEM: MINGW64
[DEBUG] env.NUMBER_OF_PROCESSORS: 16
[DEBUG] env.NVD_API_KEY: 67d63a2a-9538-4eaf-a65c-2b3845b3e575
[DEBUG] env.OLDPWD: C:/_Perfect8/Blog
[DEBUG] env.ONEDRIVE: C:\Users\CMB\OneDrive
[DEBUG] env.OS: Windows_NT
[DEBUG] env.PATH: C:\Program Files\Git\mingw64\bin;C:\Program Files\Git\usr\bin;C:\Users\CMB\bin;C:\Python313\Scripts;C:\Python313;C:\dev\flutter\bin;C:\Program Files\Android\Android Studio\bin;C:\Program Files\Common Files\Oracle\Java\javapath;C:\WINDOWS\system32;C:\WINDOWS;C:\WINDOWS\System32\Wbem;C:\WINDOWS\System32\WindowsPowerShell\v1.0;C:\WINDOWS\System32\OpenSSH;C:\Program Files\dotnet;C:\Program Files\Maven\apache-maven-3.9.9\bin;C:\Program Files\Git\cmd;C:\Program Files\PowerShell\7;C:\Program Files (x86)\Windows Kits\10\Windows Performance Toolkit;C:\Users\CMB\AppData\Local\Android\Sdk\platform-tools;C:\Users\CMB\AppData\Local\Android\Sdk\cmdline-tools\latest\bin;C:\Program Files\Git LFS;C:\Program Files\Docker\Docker\resources\bin;C:\Program Files\nodejs;C:\ProgramData\chocolatey\bin;C:\dev\flutter\bin;C:\Program Files\Android\android Studio\bin;C:\Program Files\JetBrains\IntelliJ IDEA Community Edition 2025.1\bin;C:\Users\CMB\AppData\Local\Programs\Microsoft VS Code\bin;C:\Program Files\MySQL\MySQL Shell 8.0\bin;C:\Program Files\MySQL\MySQL Server 8.0\bin;C:\Program Files\Maven\apache-maven-3.9.9\bin;C:\Program Files\Maven\apache-maven-3.9.9;C:\Gradle\gradle-8.14\bin;C:\Users\CMB\AppData\Local\Microsoft\WindowsApps;C:\Users\CMB\AppData\Local\Microsoft\WinGet\Packages\Schniz.fnm_Microsoft.Winget.Source_8wekyb3d8bbwe;C:\Users\CMB\AppData\Local\GitHubDesktop\bin;C:\Users\CMB\AppData\Local\Android\Sdk\cmdline-tools\latest\bin;C:\Users\CMB\AppData\Local\Android\Sdk\platform-tools;C:\Users\CMB\AppData\Roaming\npm
[DEBUG] env.PATHEXT: .COM;.EXE;.BAT;.CMD;.VBS;.VBE;.JS;.JSE;.WSF;.WSH;.MSC;.PY;.PYW
[DEBUG] env.PLINK_PROTOCOL: ssh
[DEBUG] env.POWERSHELL_DISTRIBUTION_CHANNEL: MSI:Windows 10 Home
[DEBUG] env.PROCESSOR_ARCHITECTURE: AMD64
[DEBUG] env.PROCESSOR_IDENTIFIER: AMD64 Family 23 Model 113 Stepping 0, AuthenticAMD
[DEBUG] env.PROCESSOR_LEVEL: 23
[DEBUG] env.PROCESSOR_REVISION: 7100
[DEBUG] env.PROGRAMDATA: C:\ProgramData
[DEBUG] env.PROGRAMFILES: C:\Program Files
[DEBUG] env.PROGRAMFILES(X86): C:\Program Files (x86)
[DEBUG] env.PROGRAMW6432: C:\Program Files
[DEBUG] env.PSMODULEPATH: C:\Program Files\WindowsPowerShell\Modules;C:\WINDOWS\system32\WindowsPowerShell\v1.0\Modules
[DEBUG] env.PUBLIC: C:\Users\Public
[DEBUG] env.PWD: C:/_Perfect8/Blog
[DEBUG] env.SESSIONNAME: Console
[DEBUG] env.SHLVL: 1
[DEBUG] env.SYSTEMDRIVE: C:
[DEBUG] env.SYSTEMROOT: C:\WINDOWS
[DEBUG] env.TEMP: C:\Users\CMB\AppData\Local\Temp
[DEBUG] env.TERM: xterm-256color
[DEBUG] env.TERMINAL_EMULATOR: JetBrains-JediTerm
[DEBUG] env.TERM_SESSION_ID: 4ab05769-d241-4e0e-b9ab-54d0911e0d81
[DEBUG] env.TMP: C:\Users\CMB\AppData\Local\Temp
[DEBUG] env.USERDOMAIN: SPELDATOR
[DEBUG] env.USERDOMAIN_ROAMINGPROFILE: SPELDATOR
[DEBUG] env.USERNAME: CMB
[DEBUG] env.USERPROFILE: C:\Users\CMB
[DEBUG] env.WINDIR: C:\WINDOWS
[DEBUG] file.encoding: UTF-8
[DEBUG] file.separator: \
[DEBUG] flyway.version: 9.22.3
[DEBUG] freemarker.version: 2.3.33
[DEBUG] git-commit-id-maven-plugin.version: 6.0.0
[DEBUG] glassfish-jaxb.version: 4.0.5
[DEBUG] glassfish-jstl.version: 3.0.1
[DEBUG] graphql-java.version: 21.5
[DEBUG] groovy.version: 4.0.24
[DEBUG] gson.version: 2.10.1
[DEBUG] h2.version: 2.2.224
[DEBUG] hamcrest.version: 2.2
[DEBUG] hazelcast.version: 5.3.8
[DEBUG] hibernate-validator.version: 8.0.1.Final
[DEBUG] hibernate.version: 6.4.10.Final
[DEBUG] hikaricp.version: 5.0.1
[DEBUG] hsqldb.version: 2.7.3
[DEBUG] htmlunit.version: 2.70.0
[DEBUG] httpasyncclient.version: 4.1.5
[DEBUG] httpclient5.version: 5.2.3
[DEBUG] httpcore.version: 4.4.16
[DEBUG] httpcore5.version: 5.2.5
[DEBUG] infinispan.version: 14.0.33.Final
[DEBUG] influxdb-java.version: 2.23
[DEBUG] jackson-bom.version: 2.15.4
[DEBUG] jakarta-activation.version: 2.1.3
[DEBUG] jakarta-annotation.version: 2.1.1
[DEBUG] jakarta-jms.version: 3.1.0
[DEBUG] jakarta-json-bind.version: 3.0.1
[DEBUG] jakarta-json.version: 2.1.3
[DEBUG] jakarta-mail.version: 2.1.3
[DEBUG] jakarta-management.version: 1.1.4
[DEBUG] jakarta-persistence.version: 3.1.0
[DEBUG] jakarta-servlet-jsp-jstl.version: 3.0.2
[DEBUG] jakarta-servlet.version: 6.0.0
[DEBUG] jakarta-transaction.version: 2.0.1
[DEBUG] jakarta-validation.version: 3.0.2
[DEBUG] jakarta-websocket.version: 2.1.1
[DEBUG] jakarta-ws-rs.version: 3.1.0
[DEBUG] jakarta-xml-bind.version: 4.0.2
[DEBUG] jakarta-xml-soap.version: 3.0.2
[DEBUG] jakarta-xml-ws.version: 4.0.2
[DEBUG] janino.version: 3.1.12
[DEBUG] java.class.path: C:/Program Files/Maven/apache-maven-3.9.9/boot/plexus-classworlds-2.8.0.jar
[DEBUG] java.class.version: 65.0
[DEBUG] java.home: C:\Program Files\Java\jdk-21
[DEBUG] java.io.tmpdir: C:\Users\CMB\AppData\Local\Temp\
[DEBUG] java.library.path: C:\Program Files\Java\jdk-21\bin;C:\WINDOWS\Sun\Java\bin;C:\WINDOWS\system32;C:\WINDOWS;C:\Program Files\Git\mingw64\bin;C:\Program Files\Git\usr\bin;C:\Users\CMB\bin;C:\Python313\Scripts;C:\Python313;C:\dev\flutter\bin;C:\Program Files\Android\Android Studio\bin;C:\Program Files\Common Files\Oracle\Java\javapath;C:\WINDOWS\system32;C:\WINDOWS;C:\WINDOWS\System32\Wbem;C:\WINDOWS\System32\WindowsPowerShell\v1.0;C:\WINDOWS\System32\OpenSSH;C:\Program Files\dotnet;C:\Program Files\Maven\apache-maven-3.9.9\bin;C:\Program Files\Git\cmd;C:\Program Files\PowerShell\7;C:\Program Files (x86)\Windows Kits\10\Windows Performance Toolkit;C:\Users\CMB\AppData\Local\Android\Sdk\platform-tools;C:\Users\CMB\AppData\Local\Android\Sdk\cmdline-tools\latest\bin;C:\Program Files\Git LFS;C:\Program Files\Docker\Docker\resources\bin;C:\Program Files\nodejs;C:\ProgramData\chocolatey\bin;C:\dev\flutter\bin;C:\Program Files\Android\android Studio\bin;C:\Program Files\JetBrains\IntelliJ IDEA Community Edition 2025.1\bin;C:\Users\CMB\AppData\Local\Programs\Microsoft VS Code\bin;C:\Program Files\MySQL\MySQL Shell 8.0\bin;C:\Program Files\MySQL\MySQL Server 8.0\bin;C:\Program Files\Maven\apache-maven-3.9.9\bin;C:\Program Files\Maven\apache-maven-3.9.9;C:\Gradle\gradle-8.14\bin;C:\Users\CMB\AppData\Local\Microsoft\WindowsApps;C:\Users\CMB\AppData\Local\Microsoft\WinGet\Packages\Schniz.fnm_Microsoft.Winget.Source_8wekyb3d8bbwe;C:\Users\CMB\AppData\Local\GitHubDesktop\bin;C:\Users\CMB\AppData\Local\Android\Sdk\cmdline-tools\latest\bin;C:\Users\CMB\AppData\Local\Android\Sdk\platform-tools;C:\Users\CMB\AppData\Roaming\npm;.
[DEBUG] java.runtime.name: Java(TM) SE Runtime Environment
[DEBUG] java.runtime.version: 21.0.7+8-LTS-245
[DEBUG] java.specification.name: Java Platform API Specification
[DEBUG] java.specification.vendor: Oracle Corporation
[DEBUG] java.specification.version: 21
[DEBUG] java.vendor: Oracle Corporation
[DEBUG] java.vendor.url: https://java.oracle.com/
[DEBUG] java.vendor.url.bug: https://bugreport.java.com/bugreport/
[DEBUG] java.version: 21.0.7
[DEBUG] java.version.date: 2025-04-15
[DEBUG] java.vm.compressedOopsMode: Zero based
[DEBUG] java.vm.info: mixed mode, sharing
[DEBUG] java.vm.name: Java HotSpot(TM) 64-Bit Server VM
[DEBUG] java.vm.specification.name: Java Virtual Machine Specification
[DEBUG] java.vm.specification.vendor: Oracle Corporation
[DEBUG] java.vm.specification.version: 21
[DEBUG] java.vm.vendor: Oracle Corporation
[DEBUG] java.vm.version: 21.0.7+8-LTS-245
[DEBUG] javax-cache.version: 1.1.1
[DEBUG] javax-money.version: 1.1
[DEBUG] jaxen.version: 2.0.0
[DEBUG] jaybird.version: 5.0.6.java11
[DEBUG] jboss-logging.version: 3.5.3.Final
[DEBUG] jdk.debug: release
[DEBUG] jdom2.version: 2.0.6.1
[DEBUG] jedis.version: 5.0.2
[DEBUG] jersey.version: 3.1.9
[DEBUG] jetty-reactive-httpclient.version: 4.0.8
[DEBUG] jetty.version: 12.0.15
[DEBUG] jmustache.version: 1.15
[DEBUG] jooq.version: 3.18.22
[DEBUG] json-path.version: 2.9.0
[DEBUG] json-smart.version: 2.5.1
[DEBUG] jsonassert.version: 1.5.3
[DEBUG] jtds.version: 1.3.1
[DEBUG] junit-jupiter.version: 5.10.5
[DEBUG] junit.version: 4.13.2
[DEBUG] jwt.version: 0.12.3
[DEBUG] kafka.version: 3.6.2
[DEBUG] kotlin-coroutines.version: 1.7.3
[DEBUG] kotlin-serialization.version: 1.6.3
[DEBUG] kotlin.version: 1.9.25
[DEBUG] lettuce.version: 6.3.2.RELEASE
[DEBUG] library.jansi.path: C:/Program Files/Maven/apache-maven-3.9.9/lib/jansi-native
[DEBUG] line.separator: 

[DEBUG] liquibase.version: 4.24.0
[DEBUG] log4j2.version: 2.21.1
[DEBUG] logback.version: 1.4.14
[DEBUG] lombok.version: 1.18.30
[DEBUG] mariadb.version: 3.3.3
[DEBUG] maven-antrun-plugin.version: 3.1.0
[DEBUG] maven-assembly-plugin.version: 3.6.0
[DEBUG] maven-clean-plugin.version: 3.3.2
[DEBUG] maven-compiler-plugin.version: 3.11.0
[DEBUG] maven-dependency-plugin.version: 3.6.1
[DEBUG] maven-deploy-plugin.version: 3.1.3
[DEBUG] maven-enforcer-plugin.version: 3.4.1
[DEBUG] maven-failsafe-plugin.version: 3.1.2
[DEBUG] maven-help-plugin.version: 3.4.1
[DEBUG] maven-install-plugin.version: 3.1.3
[DEBUG] maven-invoker-plugin.version: 3.6.1
[DEBUG] maven-jar-plugin.version: 3.3.0
[DEBUG] maven-javadoc-plugin.version: 3.6.3
[DEBUG] maven-resources-plugin.version: 3.3.1
[DEBUG] maven-shade-plugin.version: 3.5.3
[DEBUG] maven-source-plugin.version: 3.3.1
[DEBUG] maven-surefire-plugin.version: 3.1.2
[DEBUG] maven-war-plugin.version: 3.4.0
[DEBUG] maven.build.timestamp: 2025-09-02T06:12:07Z
[DEBUG] maven.build.version: Apache Maven 3.9.9 (8e8579a9e76f7d015ee5ec7bfcdc97d260186937)
[DEBUG] maven.compiler.release: 17
[DEBUG] maven.compiler.source: 17
[DEBUG] maven.compiler.target: 17
[DEBUG] maven.conf: C:/Program Files/Maven/apache-maven-3.9.9/conf
[DEBUG] maven.home: C:\Program Files\Maven\apache-maven-3.9.9
[DEBUG] maven.multiModuleProjectDirectory: C:/_Perfect8/Blog
[DEBUG] maven.version: 3.9.9
[DEBUG] micrometer-tracing.version: 1.2.12
[DEBUG] micrometer.version: 1.12.13
[DEBUG] mockito.version: 5.7.0
[DEBUG] mongodb.version: 4.11.5
[DEBUG] mssql-jdbc.version: 12.4.2.jre11
[DEBUG] mysql.version: 8.0.33
[DEBUG] native-build-tools-plugin.version: 0.9.28
[DEBUG] native.encoding: Cp1252
[DEBUG] nekohtml.version: 1.9.22
[DEBUG] neo4j-java-driver.version: 5.25.0
[DEBUG] netty.version: 4.1.115.Final
[DEBUG] okhttp.version: 4.12.0
[DEBUG] openfeign.version: 4.1.0
[DEBUG] opentelemetry.version: 1.31.0
[DEBUG] oracle-database.version: 21.9.0.0
[DEBUG] oracle-r2dbc.version: 1.1.1
[DEBUG] os.arch: amd64
[DEBUG] os.name: Windows 11
[DEBUG] os.version: 10.0
[DEBUG] path.separator: ;
[DEBUG] pooled-jms.version: 3.1.7
[DEBUG] postgresql.version: 42.6.2
[DEBUG] project.baseUri: file:/C:/_Perfect8/Blog/blog-service/
[DEBUG] project.build.sourceEncoding: UTF-8
[DEBUG] project.reporting.outputEncoding: UTF-8
[DEBUG] prometheus-client.version: 0.16.0
[DEBUG] pulsar-reactive.version: 0.5.9
[DEBUG] pulsar.version: 3.1.3
[DEBUG] quartz.version: 2.3.2
[DEBUG] querydsl.version: 5.0.0
[DEBUG] r2dbc-h2.version: 1.0.0.RELEASE
[DEBUG] r2dbc-mariadb.version: 1.1.4
[DEBUG] r2dbc-mssql.version: 1.0.2.RELEASE
[DEBUG] r2dbc-mysql.version: 1.0.6
[DEBUG] r2dbc-pool.version: 1.0.2.RELEASE
[DEBUG] r2dbc-postgresql.version: 1.0.7.RELEASE
[DEBUG] r2dbc-proxy.version: 1.1.5.RELEASE
[DEBUG] r2dbc-spi.version: 1.0.0.RELEASE
[DEBUG] rabbit-amqp-client.version: 5.19.0
[DEBUG] rabbit-stream-client.version: 0.14.0
[DEBUG] reactive-streams.version: 1.0.4
[DEBUG] reactor-bom.version: 2023.0.12
[DEBUG] resource.delimiter: @
[DEBUG] rest-assured.version: 5.3.2
[DEBUG] rsocket.version: 1.1.3
[DEBUG] rxjava3.version: 3.1.9
[DEBUG] saaj-impl.version: 3.0.4
[DEBUG] selenium-htmlunit.version: 4.13.0
[DEBUG] selenium.version: 4.14.1
[DEBUG] sendgrid.version: 4.9.3
[DEBUG] slf4j.version: 2.0.16
[DEBUG] snakeyaml.version: 2.2
[DEBUG] spring-amqp.version: 3.1.8
[DEBUG] spring-authorization-server.version: 1.2.7
[DEBUG] spring-batch.version: 5.1.2
[DEBUG] spring-cloud.version: 2023.0.3
[DEBUG] spring-data-bom.version: 2023.1.12
[DEBUG] spring-framework.version: 6.1.15
[DEBUG] spring-graphql.version: 1.2.9
[DEBUG] spring-hateoas.version: 2.2.5
[DEBUG] spring-integration.version: 6.2.11
[DEBUG] spring-kafka.version: 3.1.10
[DEBUG] spring-ldap.version: 3.2.8
[DEBUG] spring-pulsar.version: 1.0.12
[DEBUG] spring-restdocs.version: 3.0.3
[DEBUG] spring-retry.version: 2.0.10
[DEBUG] spring-security.version: 6.2.8
[DEBUG] spring-session.version: 3.2.6
[DEBUG] spring-ws.version: 4.0.11
[DEBUG] sqlite-jdbc.version: 3.43.2.2
[DEBUG] stderr.encoding: cp437
[DEBUG] stdout.encoding: Cp1252
[DEBUG] sun.arch.data.model: 64
[DEBUG] sun.boot.library.path: C:\Program Files\Java\jdk-21\bin
[DEBUG] sun.cpu.endian: little
[DEBUG] sun.cpu.isalist: amd64
[DEBUG] sun.io.unicode.encoding: UnicodeLittle
[DEBUG] sun.java.command: org.codehaus.plexus.classworlds.launcher.Launcher clean compile -X
[DEBUG] sun.java.launcher: SUN_STANDARD
[DEBUG] sun.jnu.encoding: Cp1252
[DEBUG] sun.management.compiler: HotSpot 64-Bit Tiered Compilers
[DEBUG] sun.os.patch.level: 
[DEBUG] testcontainers.version: 1.19.8
[DEBUG] thymeleaf-extras-data-attribute.version: 2.0.1
[DEBUG] thymeleaf-extras-springsecurity.version: 3.1.2.RELEASE
[DEBUG] thymeleaf-layout-dialect.version: 3.3.0
[DEBUG] thymeleaf.version: 3.1.2.RELEASE
[DEBUG] tomcat.version: 10.1.33
[DEBUG] unboundid-ldapsdk.version: 6.0.11
[DEBUG] undertow.version: 2.3.17.Final
[DEBUG] user.country: US
[DEBUG] user.country.format: SE
[DEBUG] user.dir: C:\_Perfect8\Blog
[DEBUG] user.home: C:\Users\CMB
[DEBUG] user.language: en
[DEBUG] user.language.format: sv
[DEBUG] user.name: CMB
[DEBUG] user.script: 
[DEBUG] user.variant: 
[DEBUG] versions-maven-plugin.version: 2.16.2
[DEBUG] webjars-locator-core.version: 0.55
[DEBUG] wsdl4j.version: 1.6.3
[DEBUG] xml-maven-plugin.version: 1.1.0
[DEBUG] xmlunit2.version: 2.9.1
[DEBUG] yasson.version: 3.0.4
[DEBUG] Using 'UTF-8' encoding to copy filtered resources.
[DEBUG] Using 'UTF-8' encoding to copy filtered properties files.
[DEBUG] resource with targetPath null
directory C:\_Perfect8\Blog\blog-service\src\main\resources
excludes []
includes [**/application*.yml, **/application*.yaml, **/application*.properties]
[DEBUG] ignoreDelta true
[INFO] Copying 3 resources from src\main\resources to target\classes
[DEBUG] Copying file application-dev.properties
[DEBUG] file application-dev.properties has a filtered file extension
[DEBUG] Using 'UTF-8' encoding to copy filtered resource 'application-dev.properties'.
[DEBUG] filtering C:\_Perfect8\Blog\blog-service\src\main\resources\application-dev.properties to C:\_Perfect8\Blog\blog-service\target\classes\application-dev.properties
[DEBUG] Copying file application-prod.properties
[DEBUG] file application-prod.properties has a filtered file extension
[DEBUG] Using 'UTF-8' encoding to copy filtered resource 'application-prod.properties'.
[DEBUG] filtering C:\_Perfect8\Blog\blog-service\src\main\resources\application-prod.properties to C:\_Perfect8\Blog\blog-service\target\classes\application-prod.properties
[DEBUG] Copying file application.properties
[DEBUG] file application.properties has a filtered file extension
[DEBUG] Using 'UTF-8' encoding to copy filtered resource 'application.properties'.
[DEBUG] filtering C:\_Perfect8\Blog\blog-service\src\main\resources\application.properties to C:\_Perfect8\Blog\blog-service\target\classes\application.properties
[DEBUG] resource with targetPath null
directory C:\_Perfect8\Blog\blog-service\src\main\resources
excludes [**/application*.yml, **/application*.yaml, **/application*.properties]
includes []
[DEBUG] ignoreDelta true
[INFO] Copying 1 resource from src\main\resources to target\classes
[DEBUG] Copying file data.sql (optional)
[DEBUG] file data.sql (optional) has a filtered file extension
[DEBUG] Using 'UTF-8' encoding to copy filtered resource 'data.sql (optional)'.
[DEBUG] copy C:\_Perfect8\Blog\blog-service\src\main\resources\data.sql (optional) to C:\_Perfect8\Blog\blog-service\target\classes\data.sql (optional)
[DEBUG] no user filter components
[INFO] 
[INFO] --- compiler:3.11.0:compile (default-compile) @ blog-service ---
[DEBUG] Using mirror maven-default-http-blocker (http://0.0.0.0/) for apache.snapshots (http://repository.apache.org/snapshots).
[DEBUG] Dependency collection stats {ConflictMarker.analyzeTime=37400, ConflictMarker.markTime=24300, ConflictMarker.nodeCount=17, ConflictIdSorter.graphTime=8500, ConflictIdSorter.topsortTime=12400, ConflictIdSorter.conflictIdCount=12, ConflictIdSorter.conflictIdCycleCount=0, ConflictResolver.totalTime=206300, ConflictResolver.conflictItemCount=17, DfDependencyCollector.collectTime=49157300, DfDependencyCollector.transformTime=307900}
[DEBUG] org.apache.maven.plugins:maven-compiler-plugin:jar:3.11.0
[DEBUG]    org.apache.maven.shared:maven-shared-utils:jar:3.3.4:compile
[DEBUG]       commons-io:commons-io:jar:2.6:compile
[DEBUG]    org.apache.maven.shared:maven-shared-incremental:jar:1.1:compile
[DEBUG]       org.codehaus.plexus:plexus-component-annotations:jar:1.5.5:compile
[DEBUG]    org.codehaus.plexus:plexus-java:jar:1.1.2:compile
[DEBUG]       org.ow2.asm:asm:jar:9.4:compile
[DEBUG]       com.thoughtworks.qdox:qdox:jar:2.0.3:compile (version managed from default)
[DEBUG]    org.codehaus.plexus:plexus-compiler-api:jar:2.13.0:compile
[DEBUG]       org.codehaus.plexus:plexus-utils:jar:3.5.0:compile (version managed from default)
[DEBUG]    org.codehaus.plexus:plexus-compiler-manager:jar:2.13.0:compile
[DEBUG]    org.codehaus.plexus:plexus-compiler-javac:jar:2.13.0:runtime
[DEBUG] Created new class realm plugin>org.apache.maven.plugins:maven-compiler-plugin:3.11.0
[DEBUG] Importing foreign packages into class realm plugin>org.apache.maven.plugins:maven-compiler-plugin:3.11.0
[DEBUG]   Imported:  < maven.api
[DEBUG] Populating class realm plugin>org.apache.maven.plugins:maven-compiler-plugin:3.11.0
[DEBUG]   Included: org.apache.maven.plugins:maven-compiler-plugin:jar:3.11.0
[DEBUG]   Included: org.apache.maven.shared:maven-shared-utils:jar:3.3.4
[DEBUG]   Included: commons-io:commons-io:jar:2.6
[DEBUG]   Included: org.apache.maven.shared:maven-shared-incremental:jar:1.1
[DEBUG]   Included: org.codehaus.plexus:plexus-component-annotations:jar:1.5.5
[DEBUG]   Included: org.codehaus.plexus:plexus-java:jar:1.1.2
[DEBUG]   Included: org.ow2.asm:asm:jar:9.4
[DEBUG]   Included: com.thoughtworks.qdox:qdox:jar:2.0.3
[DEBUG]   Included: org.codehaus.plexus:plexus-compiler-api:jar:2.13.0
[DEBUG]   Included: org.codehaus.plexus:plexus-utils:jar:3.5.0
[DEBUG]   Included: org.codehaus.plexus:plexus-compiler-manager:jar:2.13.0
[DEBUG]   Included: org.codehaus.plexus:plexus-compiler-javac:jar:2.13.0
[DEBUG] Loading mojo org.apache.maven.plugins:maven-compiler-plugin:3.11.0:compile from plugin realm ClassRealm[plugin>org.apache.maven.plugins:maven-compiler-plugin:3.11.0, parent: jdk.internal.loader.ClassLoaders$AppClassLoader@33909752]
[DEBUG] Configuring mojo execution 'org.apache.maven.plugins:maven-compiler-plugin:3.11.0:compile:default-compile' with basic configurator -->
[DEBUG]   (s) groupId = org.projectlombok
[DEBUG]   (s) artifactId = lombok
[DEBUG]   (s) version = 1.18.30
[DEBUG]   (f) annotationProcessorPaths = [org.projectlombok:lombok:1.18.30.jar]
[DEBUG]   (f) basedir = C:\_Perfect8\Blog\blog-service
[DEBUG]   (f) buildDirectory = C:\_Perfect8\Blog\blog-service\target
[DEBUG]   (f) compilePath = [C:\_Perfect8\Blog\blog-service\target\classes, C:\Users\CMB\.m2\repository\org\springframework\boot\spring-boot-starter-web\3.2.12\spring-boot-starter-web-3.2.12.jar, C:\Users\CMB\.m2\repository\org\springframework\boot\spring-boot-starter\3.2.12\spring-boot-starter-3.2.12.jar, C:\Users\CMB\.m2\repository\org\springframework\boot\spring-boot\3.2.12\spring-boot-3.2.12.jar, C:\Users\CMB\.m2\repository\org\springframework\boot\spring-boot-autoconfigure\3.2.12\spring-boot-autoconfigure-3.2.12.jar, C:\Users\CMB\.m2\repository\org\springframework\boot\spring-boot-starter-logging\3.2.12\spring-boot-starter-logging-3.2.12.jar, C:\Users\CMB\.m2\repository\ch\qos\logback\logback-classic\1.4.14\logback-classic-1.4.14.jar, C:\Users\CMB\.m2\repository\ch\qos\logback\logback-core\1.4.14\logback-core-1.4.14.jar, C:\Users\CMB\.m2\repository\org\apache\logging\log4j\log4j-to-slf4j\2.21.1\log4j-to-slf4j-2.21.1.jar, C:\Users\CMB\.m2\repository\org\apache\logging\log4j\log4j-api\2.21.1\log4j-api-2.21.1.jar, C:\Users\CMB\.m2\repository\org\slf4j\jul-to-slf4j\2.0.16\jul-to-slf4j-2.0.16.jar, C:\Users\CMB\.m2\repository\jakarta\annotation\jakarta.annotation-api\2.1.1\jakarta.annotation-api-2.1.1.jar, C:\Users\CMB\.m2\repository\org\yaml\snakeyaml\2.2\snakeyaml-2.2.jar, C:\Users\CMB\.m2\repository\org\springframework\boot\spring-boot-starter-json\3.2.12\spring-boot-starter-json-3.2.12.jar, C:\Users\CMB\.m2\repository\com\fasterxml\jackson\datatype\jackson-datatype-jdk8\2.15.4\jackson-datatype-jdk8-2.15.4.jar, C:\Users\CMB\.m2\repository\com\fasterxml\jackson\datatype\jackson-datatype-jsr310\2.15.4\jackson-datatype-jsr310-2.15.4.jar, C:\Users\CMB\.m2\repository\com\fasterxml\jackson\module\jackson-module-parameter-names\2.15.4\jackson-module-parameter-names-2.15.4.jar, C:\Users\CMB\.m2\repository\org\springframework\boot\spring-boot-starter-tomcat\3.2.12\spring-boot-starter-tomcat-3.2.12.jar, C:\Users\CMB\.m2\repository\org\apache\tomcat\embed\tomcat-embed-core\10.1.33\tomcat-embed-core-10.1.33.jar, C:\Users\CMB\.m2\repository\org\apache\tomcat\embed\tomcat-embed-websocket\10.1.33\tomcat-embed-websocket-10.1.33.jar, C:\Users\CMB\.m2\repository\org\springframework\spring-web\6.1.15\spring-web-6.1.15.jar, C:\Users\CMB\.m2\repository\org\springframework\spring-beans\6.1.15\spring-beans-6.1.15.jar, C:\Users\CMB\.m2\repository\org\springframework\spring-webmvc\6.1.15\spring-webmvc-6.1.15.jar, C:\Users\CMB\.m2\repository\org\springframework\spring-context\6.1.15\spring-context-6.1.15.jar, C:\Users\CMB\.m2\repository\org\springframework\spring-expression\6.1.15\spring-expression-6.1.15.jar, C:\Users\CMB\.m2\repository\org\springframework\boot\spring-boot-starter-data-jpa\3.2.12\spring-boot-starter-data-jpa-3.2.12.jar, C:\Users\CMB\.m2\repository\org\springframework\boot\spring-boot-starter-aop\3.2.12\spring-boot-starter-aop-3.2.12.jar, C:\Users\CMB\.m2\repository\org\aspectj\aspectjweaver\1.9.22.1\aspectjweaver-1.9.22.1.jar, C:\Users\CMB\.m2\repository\org\springframework\boot\spring-boot-starter-jdbc\3.2.12\spring-boot-starter-jdbc-3.2.12.jar, C:\Users\CMB\.m2\repository\com\zaxxer\HikariCP\5.0.1\HikariCP-5.0.1.jar, C:\Users\CMB\.m2\repository\org\springframework\spring-jdbc\6.1.15\spring-jdbc-6.1.15.jar, C:\Users\CMB\.m2\repository\org\hibernate\orm\hibernate-core\6.4.10.Final\hibernate-core-6.4.10.Final.jar, C:\Users\CMB\.m2\repository\jakarta\persistence\jakarta.persistence-api\3.1.0\jakarta.persistence-api-3.1.0.jar, C:\Users\CMB\.m2\repository\jakarta\transaction\jakarta.transaction-api\2.0.1\jakarta.transaction-api-2.0.1.jar, C:\Users\CMB\.m2\repository\org\jboss\logging\jboss-logging\3.5.3.Final\jboss-logging-3.5.3.Final.jar, C:\Users\CMB\.m2\repository\com\fasterxml\classmate\1.6.0\classmate-1.6.0.jar, C:\Users\CMB\.m2\repository\org\antlr\antlr4-runtime\4.13.0\antlr4-runtime-4.13.0.jar, C:\Users\CMB\.m2\repository\org\springframework\data\spring-data-jpa\3.2.12\spring-data-jpa-3.2.12.jar, C:\Users\CMB\.m2\repository\org\springframework\data\spring-data-commons\3.2.12\spring-data-commons-3.2.12.jar, C:\Users\CMB\.m2\repository\org\springframework\spring-orm\6.1.15\spring-orm-6.1.15.jar, C:\Users\CMB\.m2\repository\org\springframework\spring-tx\6.1.15\spring-tx-6.1.15.jar, C:\Users\CMB\.m2\repository\org\slf4j\slf4j-api\2.0.16\slf4j-api-2.0.16.jar, C:\Users\CMB\.m2\repository\org\springframework\spring-aspects\6.1.15\spring-aspects-6.1.15.jar, C:\Users\CMB\.m2\repository\org\springframework\boot\spring-boot-starter-security\3.2.12\spring-boot-starter-security-3.2.12.jar, C:\Users\CMB\.m2\repository\org\springframework\spring-aop\6.1.15\spring-aop-6.1.15.jar, C:\Users\CMB\.m2\repository\org\springframework\security\spring-security-config\6.2.8\spring-security-config-6.2.8.jar, C:\Users\CMB\.m2\repository\org\springframework\security\spring-security-web\6.2.8\spring-security-web-6.2.8.jar, C:\Users\CMB\.m2\repository\org\springframework\boot\spring-boot-starter-validation\3.2.12\spring-boot-starter-validation-3.2.12.jar, C:\Users\CMB\.m2\repository\org\apache\tomcat\embed\tomcat-embed-el\10.1.33\tomcat-embed-el-10.1.33.jar, C:\Users\CMB\.m2\repository\org\hibernate\validator\hibernate-validator\8.0.1.Final\hibernate-validator-8.0.1.Final.jar, C:\Users\CMB\.m2\repository\jakarta\validation\jakarta.validation-api\3.0.2\jakarta.validation-api-3.0.2.jar, C:\Users\CMB\.m2\repository\org\projectlombok\lombok\1.18.30\lombok-1.18.30.jar, C:\Users\CMB\.m2\repository\io\jsonwebtoken\jjwt-api\0.12.3\jjwt-api-0.12.3.jar, C:\Users\CMB\.m2\repository\com\fasterxml\jackson\core\jackson-databind\2.15.4\jackson-databind-2.15.4.jar, C:\Users\CMB\.m2\repository\com\fasterxml\jackson\core\jackson-annotations\2.15.4\jackson-annotations-2.15.4.jar, C:\Users\CMB\.m2\repository\com\fasterxml\jackson\core\jackson-core\2.15.4\jackson-core-2.15.4.jar, C:\Users\CMB\.m2\repository\org\springframework\cloud\spring-cloud-starter-openfeign\4.1.0\spring-cloud-starter-openfeign-4.1.0.jar, C:\Users\CMB\.m2\repository\org\springframework\cloud\spring-cloud-starter\4.1.4\spring-cloud-starter-4.1.4.jar, C:\Users\CMB\.m2\repository\org\springframework\cloud\spring-cloud-context\4.1.4\spring-cloud-context-4.1.4.jar, C:\Users\CMB\.m2\repository\org\springframework\security\spring-security-rsa\1.1.3\spring-security-rsa-1.1.3.jar, C:\Users\CMB\.m2\repository\org\bouncycastle\bcprov-jdk18on\1.78\bcprov-jdk18on-1.78.jar, C:\Users\CMB\.m2\repository\org\springframework\cloud\spring-cloud-openfeign-core\4.1.3\spring-cloud-openfeign-core-4.1.3.jar, C:\Users\CMB\.m2\repository\io\github\openfeign\form\feign-form-spring\3.8.0\feign-form-spring-3.8.0.jar, C:\Users\CMB\.m2\repository\io\github\openfeign\form\feign-form\3.8.0\feign-form-3.8.0.jar, C:\Users\CMB\.m2\repository\commons-fileupload\commons-fileupload\1.5\commons-fileupload-1.5.jar, C:\Users\CMB\.m2\repository\commons-io\commons-io\2.11.0\commons-io-2.11.0.jar, C:\Users\CMB\.m2\repository\org\springframework\cloud\spring-cloud-commons\4.1.4\spring-cloud-commons-4.1.4.jar, C:\Users\CMB\.m2\repository\org\springframework\security\spring-security-crypto\6.2.8\spring-security-crypto-6.2.8.jar, C:\Users\CMB\.m2\repository\io\github\openfeign\feign-core\13.3\feign-core-13.3.jar, C:\Users\CMB\.m2\repository\io\github\openfeign\feign-slf4j\13.3\feign-slf4j-13.3.jar, C:\Users\CMB\.m2\repository\org\springframework\boot\spring-boot-starter-actuator\3.2.12\spring-boot-starter-actuator-3.2.12.jar, C:\Users\CMB\.m2\repository\org\springframework\boot\spring-boot-actuator-autoconfigure\3.2.12\spring-boot-actuator-autoconfigure-3.2.12.jar, C:\Users\CMB\.m2\repository\org\springframework\boot\spring-boot-actuator\3.2.12\spring-boot-actuator-3.2.12.jar, C:\Users\CMB\.m2\repository\io\micrometer\micrometer-observation\1.12.13\micrometer-observation-1.12.13.jar, C:\Users\CMB\.m2\repository\io\micrometer\micrometer-commons\1.12.13\micrometer-commons-1.12.13.jar, C:\Users\CMB\.m2\repository\io\micrometer\micrometer-jakarta9\1.12.13\micrometer-jakarta9-1.12.13.jar, C:\Users\CMB\.m2\repository\io\micrometer\micrometer-core\1.12.13\micrometer-core-1.12.13.jar, C:\Users\CMB\.m2\repository\org\springframework\spring-core\6.1.15\spring-core-6.1.15.jar, C:\Users\CMB\.m2\repository\org\springframework\spring-jcl\6.1.15\spring-jcl-6.1.15.jar, C:\Users\CMB\.m2\repository\org\springframework\security\spring-security-core\6.2.8\spring-security-core-6.2.8.jar]
[DEBUG]   (f) compileSourceRoots = [C:\_Perfect8\Blog\blog-service\src\main\java]
[DEBUG]   (f) compilerId = javac
[DEBUG]   (f) createMissingPackageInfoClass = true
[DEBUG]   (f) debug = true
[DEBUG]   (f) debugFileName = javac
[DEBUG]   (f) enablePreview = false
[DEBUG]   (f) encoding = UTF-8
[DEBUG]   (f) failOnError = true
[DEBUG]   (f) failOnWarning = false
[DEBUG]   (f) forceJavacCompilerUse = false
[DEBUG]   (f) fork = false
[DEBUG]   (f) generatedSourcesDirectory = C:\_Perfect8\Blog\blog-service\target\generated-sources\annotations
[DEBUG]   (f) mojoExecution = org.apache.maven.plugins:maven-compiler-plugin:3.11.0:compile {execution: default-compile}
[DEBUG]   (f) optimize = false
[DEBUG]   (f) outputDirectory = C:\_Perfect8\Blog\blog-service\target\classes
[DEBUG]   (f) parameters = true
[DEBUG]   (f) project = MavenProject: com.perfect8:blog-service:1.0.0 @ C:\_Perfect8\Blog\blog-service\pom.xml
[DEBUG]   (f) projectArtifact = com.perfect8:blog-service:jar:1.0.0
[DEBUG]   (s) release = 17
[DEBUG]   (f) session = org.apache.maven.execution.MavenSession@6b8280e6
[DEBUG]   (f) showCompilationChanges = false
[DEBUG]   (f) showDeprecation = false
[DEBUG]   (f) showWarnings = true
[DEBUG]   (f) skipMultiThreadWarning = false
[DEBUG]   (f) source = 17
[DEBUG]   (f) staleMillis = 0
[DEBUG]   (s) target = 17
[DEBUG]   (f) useIncrementalCompilation = true
[DEBUG]   (f) verbose = false
[DEBUG] -- end configuration --
[DEBUG] Using compiler 'javac'.
[DEBUG] Adding C:\_Perfect8\Blog\blog-service\target\generated-sources\annotations to compile source roots:
  C:\_Perfect8\Blog\blog-service\src\main\java
[DEBUG] New compile source roots:
  C:\_Perfect8\Blog\blog-service\src\main\java
  C:\_Perfect8\Blog\blog-service\target\generated-sources\annotations
[DEBUG] Dependency collection stats {ConflictMarker.analyzeTime=24000, ConflictMarker.markTime=12700, ConflictMarker.nodeCount=2, ConflictIdSorter.graphTime=3500, ConflictIdSorter.topsortTime=5400, ConflictIdSorter.conflictIdCount=1, ConflictIdSorter.conflictIdCycleCount=0, ConflictResolver.totalTime=107500, ConflictResolver.conflictItemCount=1, DfDependencyCollector.collectTime=2341100, DfDependencyCollector.transformTime=169100}
[DEBUG] CompilerReuseStrategy: reuseCreated
[DEBUG] useIncrementalCompilation enabled
[DEBUG] Stale source detected: C:\_Perfect8\Blog\blog-service\src\main\java\com\perfect8\blog\repository\RoleRepository.java
[DEBUG] Stale source detected: C:\_Perfect8\Blog\blog-service\src\main\java\com\perfect8\blog\client\ImageServiceClient.java
[DEBUG] Stale source detected: C:\_Perfect8\Blog\blog-service\src\main\java\com\perfect8\blog\repository\ImageReferenceRepository.java
[DEBUG] Stale source detected: C:\_Perfect8\Blog\blog-service\src\main\java\com\perfect8\blog\repository\UserRepository.java
[DEBUG] Stale source detected: C:\_Perfect8\Blog\blog-service\src\main\java\com\perfect8\blog\model\ImageReference.java
[DEBUG] Stale source detected: C:\_Perfect8\Blog\blog-service\src\main\java\com\perfect8\blog\repository\PostRepository.java
[DEBUG] Stale source detected: C:\_Perfect8\Blog\blog-service\src\main\java\com\perfect8\blog\BlogServiceApplication.java
[DEBUG] Stale source detected: C:\_Perfect8\Blog\blog-service\src\main\java\com\perfect8\blog\service\UserService.java
[DEBUG] Stale source detected: C:\_Perfect8\Blog\blog-service\src\main\java\com\perfect8\blog\config\FeignConfig.java
[DEBUG] Stale source detected: C:\_Perfect8\Blog\blog-service\src\main\java\com\perfect8\blog\dto\UserDto.java
[DEBUG] Stale source detected: C:\_Perfect8\Blog\blog-service\src\main\java\com\perfect8\blog\service\PostService.java
[DEBUG] Stale source detected: C:\_Perfect8\Blog\blog-service\src\main\java\com\perfect8\blog\exception\ResourceNotFoundException.java
[DEBUG] Stale source detected: C:\_Perfect8\Blog\blog-service\src\main\java\com\perfect8\blog\model\User.java
[DEBUG] Stale source detected: C:\_Perfect8\Blog\blog-service\src\main\java\com\perfect8\blog\model\Role.java
[DEBUG] Stale source detected: C:\_Perfect8\Blog\blog-service\src\main\java\com\perfect8\blog\controller\AuthController.java
[DEBUG] Stale source detected: C:\_Perfect8\Blog\blog-service\src\main\java\com\perfect8\blog\dto\AuthDto.java
[DEBUG] Stale source detected: C:\_Perfect8\Blog\blog-service\src\main\java\com\perfect8\blog\dto\PostDto.java
[DEBUG] Stale source detected: C:\_Perfect8\Blog\blog-service\src\main\java\com\perfect8\blog\config\JwtConfig.java
[DEBUG] Stale source detected: C:\_Perfect8\Blog\blog-service\src\main\java\com\perfect8\blog\exception\GlobalExceptionHandler.java
[DEBUG] Stale source detected: C:\_Perfect8\Blog\blog-service\src\main\java\com\perfect8\blog\model\Post.java
[DEBUG] Stale source detected: C:\_Perfect8\Blog\blog-service\src\main\java\com\perfect8\blog\service\AdminService.java
[DEBUG] Stale source detected: C:\_Perfect8\Blog\blog-service\src\main\java\com\perfect8\blog\config\SecurityConfig.java
[DEBUG] Stale source detected: C:\_Perfect8\Blog\blog-service\src\main\java\com\perfect8\blog\security\JwtTokenProvider.java
[DEBUG] Stale source detected: C:\_Perfect8\Blog\blog-service\src\main\java\com\perfect8\blog\security\JwtAuthenticationFilter.java
[DEBUG] Stale source detected: C:\_Perfect8\Blog\blog-service\src\main\java\com\perfect8\blog\controller\AdminController.java
[DEBUG] Stale source detected: C:\_Perfect8\Blog\blog-service\src\main\java\com\perfect8\blog\config\DataInitializer.java
[DEBUG] Stale source detected: C:\_Perfect8\Blog\blog-service\src\main\java\com\perfect8\blog\security\UserDetailsServiceImpl.java
[DEBUG] Stale source detected: C:\_Perfect8\Blog\blog-service\src\main\java\com\perfect8\blog\controller\PostController.java
[DEBUG] Stale source detected: C:\_Perfect8\Blog\blog-service\src\main\java\com\perfect8\blog\service\AuthService.java
[INFO] Changes detected - recompiling the module! :source
[DEBUG] Classpath:
[DEBUG]  C:\_Perfect8\Blog\blog-service\target\classes
[DEBUG]  C:\Users\CMB\.m2\repository\org\springframework\boot\spring-boot-starter-web\3.2.12\spring-boot-starter-web-3.2.12.jar
[DEBUG]  C:\Users\CMB\.m2\repository\org\springframework\boot\spring-boot-starter\3.2.12\spring-boot-starter-3.2.12.jar
[DEBUG]  C:\Users\CMB\.m2\repository\org\springframework\boot\spring-boot\3.2.12\spring-boot-3.2.12.jar
[DEBUG]  C:\Users\CMB\.m2\repository\org\springframework\boot\spring-boot-autoconfigure\3.2.12\spring-boot-autoconfigure-3.2.12.jar
[DEBUG]  C:\Users\CMB\.m2\repository\org\springframework\boot\spring-boot-starter-logging\3.2.12\spring-boot-starter-logging-3.2.12.jar
[DEBUG]  C:\Users\CMB\.m2\repository\ch\qos\logback\logback-classic\1.4.14\logback-classic-1.4.14.jar
[DEBUG]  C:\Users\CMB\.m2\repository\ch\qos\logback\logback-core\1.4.14\logback-core-1.4.14.jar
[DEBUG]  C:\Users\CMB\.m2\repository\org\apache\logging\log4j\log4j-to-slf4j\2.21.1\log4j-to-slf4j-2.21.1.jar
[DEBUG]  C:\Users\CMB\.m2\repository\org\apache\logging\log4j\log4j-api\2.21.1\log4j-api-2.21.1.jar
[DEBUG]  C:\Users\CMB\.m2\repository\org\slf4j\jul-to-slf4j\2.0.16\jul-to-slf4j-2.0.16.jar
[DEBUG]  C:\Users\CMB\.m2\repository\jakarta\annotation\jakarta.annotation-api\2.1.1\jakarta.annotation-api-2.1.1.jar
[DEBUG]  C:\Users\CMB\.m2\repository\org\yaml\snakeyaml\2.2\snakeyaml-2.2.jar
[DEBUG]  C:\Users\CMB\.m2\repository\org\springframework\boot\spring-boot-starter-json\3.2.12\spring-boot-starter-json-3.2.12.jar
[DEBUG]  C:\Users\CMB\.m2\repository\com\fasterxml\jackson\datatype\jackson-datatype-jdk8\2.15.4\jackson-datatype-jdk8-2.15.4.jar
[DEBUG]  C:\Users\CMB\.m2\repository\com\fasterxml\jackson\datatype\jackson-datatype-jsr310\2.15.4\jackson-datatype-jsr310-2.15.4.jar
[DEBUG]  C:\Users\CMB\.m2\repository\com\fasterxml\jackson\module\jackson-module-parameter-names\2.15.4\jackson-module-parameter-names-2.15.4.jar
[DEBUG]  C:\Users\CMB\.m2\repository\org\springframework\boot\spring-boot-starter-tomcat\3.2.12\spring-boot-starter-tomcat-3.2.12.jar
[DEBUG]  C:\Users\CMB\.m2\repository\org\apache\tomcat\embed\tomcat-embed-core\10.1.33\tomcat-embed-core-10.1.33.jar
[DEBUG]  C:\Users\CMB\.m2\repository\org\apache\tomcat\embed\tomcat-embed-websocket\10.1.33\tomcat-embed-websocket-10.1.33.jar
[DEBUG]  C:\Users\CMB\.m2\repository\org\springframework\spring-web\6.1.15\spring-web-6.1.15.jar
[DEBUG]  C:\Users\CMB\.m2\repository\org\springframework\spring-beans\6.1.15\spring-beans-6.1.15.jar
[DEBUG]  C:\Users\CMB\.m2\repository\org\springframework\spring-webmvc\6.1.15\spring-webmvc-6.1.15.jar
[DEBUG]  C:\Users\CMB\.m2\repository\org\springframework\spring-context\6.1.15\spring-context-6.1.15.jar
[DEBUG]  C:\Users\CMB\.m2\repository\org\springframework\spring-expression\6.1.15\spring-expression-6.1.15.jar
[DEBUG]  C:\Users\CMB\.m2\repository\org\springframework\boot\spring-boot-starter-data-jpa\3.2.12\spring-boot-starter-data-jpa-3.2.12.jar
[DEBUG]  C:\Users\CMB\.m2\repository\org\springframework\boot\spring-boot-starter-aop\3.2.12\spring-boot-starter-aop-3.2.12.jar
[DEBUG]  C:\Users\CMB\.m2\repository\org\aspectj\aspectjweaver\1.9.22.1\aspectjweaver-1.9.22.1.jar
[DEBUG]  C:\Users\CMB\.m2\repository\org\springframework\boot\spring-boot-starter-jdbc\3.2.12\spring-boot-starter-jdbc-3.2.12.jar
[DEBUG]  C:\Users\CMB\.m2\repository\com\zaxxer\HikariCP\5.0.1\HikariCP-5.0.1.jar
[DEBUG]  C:\Users\CMB\.m2\repository\org\springframework\spring-jdbc\6.1.15\spring-jdbc-6.1.15.jar
[DEBUG]  C:\Users\CMB\.m2\repository\org\hibernate\orm\hibernate-core\6.4.10.Final\hibernate-core-6.4.10.Final.jar
[DEBUG]  C:\Users\CMB\.m2\repository\jakarta\persistence\jakarta.persistence-api\3.1.0\jakarta.persistence-api-3.1.0.jar
[DEBUG]  C:\Users\CMB\.m2\repository\jakarta\transaction\jakarta.transaction-api\2.0.1\jakarta.transaction-api-2.0.1.jar
[DEBUG]  C:\Users\CMB\.m2\repository\org\jboss\logging\jboss-logging\3.5.3.Final\jboss-logging-3.5.3.Final.jar
[DEBUG]  C:\Users\CMB\.m2\repository\com\fasterxml\classmate\1.6.0\classmate-1.6.0.jar
[DEBUG]  C:\Users\CMB\.m2\repository\org\antlr\antlr4-runtime\4.13.0\antlr4-runtime-4.13.0.jar
[DEBUG]  C:\Users\CMB\.m2\repository\org\springframework\data\spring-data-jpa\3.2.12\spring-data-jpa-3.2.12.jar
[DEBUG]  C:\Users\CMB\.m2\repository\org\springframework\data\spring-data-commons\3.2.12\spring-data-commons-3.2.12.jar
[DEBUG]  C:\Users\CMB\.m2\repository\org\springframework\spring-orm\6.1.15\spring-orm-6.1.15.jar
[DEBUG]  C:\Users\CMB\.m2\repository\org\springframework\spring-tx\6.1.15\spring-tx-6.1.15.jar
[DEBUG]  C:\Users\CMB\.m2\repository\org\slf4j\slf4j-api\2.0.16\slf4j-api-2.0.16.jar
[DEBUG]  C:\Users\CMB\.m2\repository\org\springframework\spring-aspects\6.1.15\spring-aspects-6.1.15.jar
[DEBUG]  C:\Users\CMB\.m2\repository\org\springframework\boot\spring-boot-starter-security\3.2.12\spring-boot-starter-security-3.2.12.jar
[DEBUG]  C:\Users\CMB\.m2\repository\org\springframework\spring-aop\6.1.15\spring-aop-6.1.15.jar
[DEBUG]  C:\Users\CMB\.m2\repository\org\springframework\security\spring-security-config\6.2.8\spring-security-config-6.2.8.jar
[DEBUG]  C:\Users\CMB\.m2\repository\org\springframework\security\spring-security-web\6.2.8\spring-security-web-6.2.8.jar
[DEBUG]  C:\Users\CMB\.m2\repository\org\springframework\boot\spring-boot-starter-validation\3.2.12\spring-boot-starter-validation-3.2.12.jar
[DEBUG]  C:\Users\CMB\.m2\repository\org\apache\tomcat\embed\tomcat-embed-el\10.1.33\tomcat-embed-el-10.1.33.jar
[DEBUG]  C:\Users\CMB\.m2\repository\org\hibernate\validator\hibernate-validator\8.0.1.Final\hibernate-validator-8.0.1.Final.jar
[DEBUG]  C:\Users\CMB\.m2\repository\jakarta\validation\jakarta.validation-api\3.0.2\jakarta.validation-api-3.0.2.jar
[DEBUG]  C:\Users\CMB\.m2\repository\org\projectlombok\lombok\1.18.30\lombok-1.18.30.jar
[DEBUG]  C:\Users\CMB\.m2\repository\io\jsonwebtoken\jjwt-api\0.12.3\jjwt-api-0.12.3.jar
[DEBUG]  C:\Users\CMB\.m2\repository\com\fasterxml\jackson\core\jackson-databind\2.15.4\jackson-databind-2.15.4.jar
[DEBUG]  C:\Users\CMB\.m2\repository\com\fasterxml\jackson\core\jackson-annotations\2.15.4\jackson-annotations-2.15.4.jar
[DEBUG]  C:\Users\CMB\.m2\repository\com\fasterxml\jackson\core\jackson-core\2.15.4\jackson-core-2.15.4.jar
[DEBUG]  C:\Users\CMB\.m2\repository\org\springframework\cloud\spring-cloud-starter-openfeign\4.1.0\spring-cloud-starter-openfeign-4.1.0.jar
[DEBUG]  C:\Users\CMB\.m2\repository\org\springframework\cloud\spring-cloud-starter\4.1.4\spring-cloud-starter-4.1.4.jar
[DEBUG]  C:\Users\CMB\.m2\repository\org\springframework\cloud\spring-cloud-context\4.1.4\spring-cloud-context-4.1.4.jar
[DEBUG]  C:\Users\CMB\.m2\repository\org\springframework\security\spring-security-rsa\1.1.3\spring-security-rsa-1.1.3.jar
[DEBUG]  C:\Users\CMB\.m2\repository\org\bouncycastle\bcprov-jdk18on\1.78\bcprov-jdk18on-1.78.jar
[DEBUG]  C:\Users\CMB\.m2\repository\org\springframework\cloud\spring-cloud-openfeign-core\4.1.3\spring-cloud-openfeign-core-4.1.3.jar
[DEBUG]  C:\Users\CMB\.m2\repository\io\github\openfeign\form\feign-form-spring\3.8.0\feign-form-spring-3.8.0.jar
[DEBUG]  C:\Users\CMB\.m2\repository\io\github\openfeign\form\feign-form\3.8.0\feign-form-3.8.0.jar
[DEBUG]  C:\Users\CMB\.m2\repository\commons-fileupload\commons-fileupload\1.5\commons-fileupload-1.5.jar
[DEBUG]  C:\Users\CMB\.m2\repository\commons-io\commons-io\2.11.0\commons-io-2.11.0.jar
[DEBUG]  C:\Users\CMB\.m2\repository\org\springframework\cloud\spring-cloud-commons\4.1.4\spring-cloud-commons-4.1.4.jar
[DEBUG]  C:\Users\CMB\.m2\repository\org\springframework\security\spring-security-crypto\6.2.8\spring-security-crypto-6.2.8.jar
[DEBUG]  C:\Users\CMB\.m2\repository\io\github\openfeign\feign-core\13.3\feign-core-13.3.jar
[DEBUG]  C:\Users\CMB\.m2\repository\io\github\openfeign\feign-slf4j\13.3\feign-slf4j-13.3.jar
[DEBUG]  C:\Users\CMB\.m2\repository\org\springframework\boot\spring-boot-starter-actuator\3.2.12\spring-boot-starter-actuator-3.2.12.jar
[DEBUG]  C:\Users\CMB\.m2\repository\org\springframework\boot\spring-boot-actuator-autoconfigure\3.2.12\spring-boot-actuator-autoconfigure-3.2.12.jar
[DEBUG]  C:\Users\CMB\.m2\repository\org\springframework\boot\spring-boot-actuator\3.2.12\spring-boot-actuator-3.2.12.jar
[DEBUG]  C:\Users\CMB\.m2\repository\io\micrometer\micrometer-observation\1.12.13\micrometer-observation-1.12.13.jar
[DEBUG]  C:\Users\CMB\.m2\repository\io\micrometer\micrometer-commons\1.12.13\micrometer-commons-1.12.13.jar
[DEBUG]  C:\Users\CMB\.m2\repository\io\micrometer\micrometer-jakarta9\1.12.13\micrometer-jakarta9-1.12.13.jar
[DEBUG]  C:\Users\CMB\.m2\repository\io\micrometer\micrometer-core\1.12.13\micrometer-core-1.12.13.jar
[DEBUG]  C:\Users\CMB\.m2\repository\org\springframework\spring-core\6.1.15\spring-core-6.1.15.jar
[DEBUG]  C:\Users\CMB\.m2\repository\org\springframework\spring-jcl\6.1.15\spring-jcl-6.1.15.jar
[DEBUG]  C:\Users\CMB\.m2\repository\org\springframework\security\spring-security-core\6.2.8\spring-security-core-6.2.8.jar
[DEBUG] Source roots:
[DEBUG]  C:\_Perfect8\Blog\blog-service\src\main\java
[DEBUG]  C:\_Perfect8\Blog\blog-service\target\generated-sources\annotations
[DEBUG] Command line options:
[DEBUG] -d C:\_Perfect8\Blog\blog-service\target\classes -classpath C:\_Perfect8\Blog\blog-service\target\classes;C:\Users\CMB\.m2\repository\org\springframework\boot\spring-boot-starter-web\3.2.12\spring-boot-starter-web-3.2.12.jar;C:\Users\CMB\.m2\repository\org\springframework\boot\spring-boot-starter\3.2.12\spring-boot-starter-3.2.12.jar;C:\Users\CMB\.m2\repository\org\springframework\boot\spring-boot\3.2.12\spring-boot-3.2.12.jar;C:\Users\CMB\.m2\repository\org\springframework\boot\spring-boot-autoconfigure\3.2.12\spring-boot-autoconfigure-3.2.12.jar;C:\Users\CMB\.m2\repository\org\springframework\boot\spring-boot-starter-logging\3.2.12\spring-boot-starter-logging-3.2.12.jar;C:\Users\CMB\.m2\repository\ch\qos\logback\logback-classic\1.4.14\logback-classic-1.4.14.jar;C:\Users\CMB\.m2\repository\ch\qos\logback\logback-core\1.4.14\logback-core-1.4.14.jar;C:\Users\CMB\.m2\repository\org\apache\logging\log4j\log4j-to-slf4j\2.21.1\log4j-to-slf4j-2.21.1.jar;C:\Users\CMB\.m2\repository\org\apache\logging\log4j\log4j-api\2.21.1\log4j-api-2.21.1.jar;C:\Users\CMB\.m2\repository\org\slf4j\jul-to-slf4j\2.0.16\jul-to-slf4j-2.0.16.jar;C:\Users\CMB\.m2\repository\jakarta\annotation\jakarta.annotation-api\2.1.1\jakarta.annotation-api-2.1.1.jar;C:\Users\CMB\.m2\repository\org\yaml\snakeyaml\2.2\snakeyaml-2.2.jar;C:\Users\CMB\.m2\repository\org\springframework\boot\spring-boot-starter-json\3.2.12\spring-boot-starter-json-3.2.12.jar;C:\Users\CMB\.m2\repository\com\fasterxml\jackson\datatype\jackson-datatype-jdk8\2.15.4\jackson-datatype-jdk8-2.15.4.jar;C:\Users\CMB\.m2\repository\com\fasterxml\jackson\datatype\jackson-datatype-jsr310\2.15.4\jackson-datatype-jsr310-2.15.4.jar;C:\Users\CMB\.m2\repository\com\fasterxml\jackson\module\jackson-module-parameter-names\2.15.4\jackson-module-parameter-names-2.15.4.jar;C:\Users\CMB\.m2\repository\org\springframework\boot\spring-boot-starter-tomcat\3.2.12\spring-boot-starter-tomcat-3.2.12.jar;C:\Users\CMB\.m2\repository\org\apache\tomcat\embed\tomcat-embed-core\10.1.33\tomcat-embed-core-10.1.33.jar;C:\Users\CMB\.m2\repository\org\apache\tomcat\embed\tomcat-embed-websocket\10.1.33\tomcat-embed-websocket-10.1.33.jar;C:\Users\CMB\.m2\repository\org\springframework\spring-web\6.1.15\spring-web-6.1.15.jar;C:\Users\CMB\.m2\repository\org\springframework\spring-beans\6.1.15\spring-beans-6.1.15.jar;C:\Users\CMB\.m2\repository\org\springframework\spring-webmvc\6.1.15\spring-webmvc-6.1.15.jar;C:\Users\CMB\.m2\repository\org\springframework\spring-context\6.1.15\spring-context-6.1.15.jar;C:\Users\CMB\.m2\repository\org\springframework\spring-expression\6.1.15\spring-expression-6.1.15.jar;C:\Users\CMB\.m2\repository\org\springframework\boot\spring-boot-starter-data-jpa\3.2.12\spring-boot-starter-data-jpa-3.2.12.jar;C:\Users\CMB\.m2\repository\org\springframework\boot\spring-boot-starter-aop\3.2.12\spring-boot-starter-aop-3.2.12.jar;C:\Users\CMB\.m2\repository\org\aspectj\aspectjweaver\1.9.22.1\aspectjweaver-1.9.22.1.jar;C:\Users\CMB\.m2\repository\org\springframework\boot\spring-boot-starter-jdbc\3.2.12\spring-boot-starter-jdbc-3.2.12.jar;C:\Users\CMB\.m2\repository\com\zaxxer\HikariCP\5.0.1\HikariCP-5.0.1.jar;C:\Users\CMB\.m2\repository\org\springframework\spring-jdbc\6.1.15\spring-jdbc-6.1.15.jar;C:\Users\CMB\.m2\repository\org\hibernate\orm\hibernate-core\6.4.10.Final\hibernate-core-6.4.10.Final.jar;C:\Users\CMB\.m2\repository\jakarta\persistence\jakarta.persistence-api\3.1.0\jakarta.persistence-api-3.1.0.jar;C:\Users\CMB\.m2\repository\jakarta\transaction\jakarta.transaction-api\2.0.1\jakarta.transaction-api-2.0.1.jar;C:\Users\CMB\.m2\repository\org\jboss\logging\jboss-logging\3.5.3.Final\jboss-logging-3.5.3.Final.jar;C:\Users\CMB\.m2\repository\com\fasterxml\classmate\1.6.0\classmate-1.6.0.jar;C:\Users\CMB\.m2\repository\org\antlr\antlr4-runtime\4.13.0\antlr4-runtime-4.13.0.jar;C:\Users\CMB\.m2\repository\org\springframework\data\spring-data-jpa\3.2.12\spring-data-jpa-3.2.12.jar;C:\Users\CMB\.m2\repository\org\springframework\data\spring-data-commons\3.2.12\spring-data-commons-3.2.12.jar;C:\Users\CMB\.m2\repository\org\springframework\spring-orm\6.1.15\spring-orm-6.1.15.jar;C:\Users\CMB\.m2\repository\org\springframework\spring-tx\6.1.15\spring-tx-6.1.15.jar;C:\Users\CMB\.m2\repository\org\slf4j\slf4j-api\2.0.16\slf4j-api-2.0.16.jar;C:\Users\CMB\.m2\repository\org\springframework\spring-aspects\6.1.15\spring-aspects-6.1.15.jar;C:\Users\CMB\.m2\repository\org\springframework\boot\spring-boot-starter-security\3.2.12\spring-boot-starter-security-3.2.12.jar;C:\Users\CMB\.m2\repository\org\springframework\spring-aop\6.1.15\spring-aop-6.1.15.jar;C:\Users\CMB\.m2\repository\org\springframework\security\spring-security-config\6.2.8\spring-security-config-6.2.8.jar;C:\Users\CMB\.m2\repository\org\springframework\security\spring-security-web\6.2.8\spring-security-web-6.2.8.jar;C:\Users\CMB\.m2\repository\org\springframework\boot\spring-boot-starter-validation\3.2.12\spring-boot-starter-validation-3.2.12.jar;C:\Users\CMB\.m2\repository\org\apache\tomcat\embed\tomcat-embed-el\10.1.33\tomcat-embed-el-10.1.33.jar;C:\Users\CMB\.m2\repository\org\hibernate\validator\hibernate-validator\8.0.1.Final\hibernate-validator-8.0.1.Final.jar;C:\Users\CMB\.m2\repository\jakarta\validation\jakarta.validation-api\3.0.2\jakarta.validation-api-3.0.2.jar;C:\Users\CMB\.m2\repository\org\projectlombok\lombok\1.18.30\lombok-1.18.30.jar;C:\Users\CMB\.m2\repository\io\jsonwebtoken\jjwt-api\0.12.3\jjwt-api-0.12.3.jar;C:\Users\CMB\.m2\repository\com\fasterxml\jackson\core\jackson-databind\2.15.4\jackson-databind-2.15.4.jar;C:\Users\CMB\.m2\repository\com\fasterxml\jackson\core\jackson-annotations\2.15.4\jackson-annotations-2.15.4.jar;C:\Users\CMB\.m2\repository\com\fasterxml\jackson\core\jackson-core\2.15.4\jackson-core-2.15.4.jar;C:\Users\CMB\.m2\repository\org\springframework\cloud\spring-cloud-starter-openfeign\4.1.0\spring-cloud-starter-openfeign-4.1.0.jar;C:\Users\CMB\.m2\repository\org\springframework\cloud\spring-cloud-starter\4.1.4\spring-cloud-starter-4.1.4.jar;C:\Users\CMB\.m2\repository\org\springframework\cloud\spring-cloud-context\4.1.4\spring-cloud-context-4.1.4.jar;C:\Users\CMB\.m2\repository\org\springframework\security\spring-security-rsa\1.1.3\spring-security-rsa-1.1.3.jar;C:\Users\CMB\.m2\repository\org\bouncycastle\bcprov-jdk18on\1.78\bcprov-jdk18on-1.78.jar;C:\Users\CMB\.m2\repository\org\springframework\cloud\spring-cloud-openfeign-core\4.1.3\spring-cloud-openfeign-core-4.1.3.jar;C:\Users\CMB\.m2\repository\io\github\openfeign\form\feign-form-spring\3.8.0\feign-form-spring-3.8.0.jar;C:\Users\CMB\.m2\repository\io\github\openfeign\form\feign-form\3.8.0\feign-form-3.8.0.jar;C:\Users\CMB\.m2\repository\commons-fileupload\commons-fileupload\1.5\commons-fileupload-1.5.jar;C:\Users\CMB\.m2\repository\commons-io\commons-io\2.11.0\commons-io-2.11.0.jar;C:\Users\CMB\.m2\repository\org\springframework\cloud\spring-cloud-commons\4.1.4\spring-cloud-commons-4.1.4.jar;C:\Users\CMB\.m2\repository\org\springframework\security\spring-security-crypto\6.2.8\spring-security-crypto-6.2.8.jar;C:\Users\CMB\.m2\repository\io\github\openfeign\feign-core\13.3\feign-core-13.3.jar;C:\Users\CMB\.m2\repository\io\github\openfeign\feign-slf4j\13.3\feign-slf4j-13.3.jar;C:\Users\CMB\.m2\repository\org\springframework\boot\spring-boot-starter-actuator\3.2.12\spring-boot-starter-actuator-3.2.12.jar;C:\Users\CMB\.m2\repository\org\springframework\boot\spring-boot-actuator-autoconfigure\3.2.12\spring-boot-actuator-autoconfigure-3.2.12.jar;C:\Users\CMB\.m2\repository\org\springframework\boot\spring-boot-actuator\3.2.12\spring-boot-actuator-3.2.12.jar;C:\Users\CMB\.m2\repository\io\micrometer\micrometer-observation\1.12.13\micrometer-observation-1.12.13.jar;C:\Users\CMB\.m2\repository\io\micrometer\micrometer-commons\1.12.13\micrometer-commons-1.12.13.jar;C:\Users\CMB\.m2\repository\io\micrometer\micrometer-jakarta9\1.12.13\micrometer-jakarta9-1.12.13.jar;C:\Users\CMB\.m2\repository\io\micrometer\micrometer-core\1.12.13\micrometer-core-1.12.13.jar;C:\Users\CMB\.m2\repository\org\springframework\spring-core\6.1.15\spring-core-6.1.15.jar;C:\Users\CMB\.m2\repository\org\springframework\spring-jcl\6.1.15\spring-jcl-6.1.15.jar;C:\Users\CMB\.m2\repository\org\springframework\security\spring-security-core\6.2.8\spring-security-core-6.2.8.jar; -sourcepath C:\_Perfect8\Blog\blog-service\src\main\java;C:\_Perfect8\Blog\blog-service\target\generated-sources\annotations; -s C:\_Perfect8\Blog\blog-service\target\generated-sources\annotations -processorpath C:\Users\CMB\.m2\repository\org\projectlombok\lombok\1.18.30\lombok-1.18.30.jar; -g -parameters --release 17 -encoding UTF-8
[DEBUG] incrementalBuildHelper#beforeRebuildExecution
[INFO] Compiling 29 source files with javac [debug release 17] to target\classes
[DEBUG] incrementalBuildHelper#afterRebuildExecution
[INFO] 
[INFO] ---------------------< com.perfect8:image-service >---------------------
[INFO] Building Image Service 1.0.0                                       [3/6]
[INFO]   from image-service\pom.xml
[INFO] --------------------------------[ jar ]---------------------------------
[DEBUG] Lifecycle clean -> [pre-clean, clean, post-clean]
[DEBUG] Lifecycle default -> [validate, initialize, generate-sources, process-sources, generate-resources, process-resources, compile, process-classes, generate-test-sources, process-test-sources, generate-test-resources, process-test-resources, test-compile, process-test-classes, test, prepare-package, package, pre-integration-test, integration-test, post-integration-test, verify, install, deploy]
[DEBUG] Lifecycle site -> [pre-site, site, post-site, site-deploy]
[DEBUG] Lifecycle clean -> [pre-clean, clean, post-clean]
[DEBUG] Lifecycle default -> [validate, initialize, generate-sources, process-sources, generate-resources, process-resources, compile, process-classes, generate-test-sources, process-test-sources, generate-test-resources, process-test-resources, test-compile, process-test-classes, test, prepare-package, package, pre-integration-test, integration-test, post-integration-test, verify, install, deploy]
[DEBUG] Lifecycle site -> [pre-site, site, post-site, site-deploy]
[DEBUG] Lifecycle clean -> [pre-clean, clean, post-clean]
[DEBUG] Lifecycle default -> [validate, initialize, generate-sources, process-sources, generate-resources, process-resources, compile, process-classes, generate-test-sources, process-test-sources, generate-test-resources, process-test-resources, test-compile, process-test-classes, test, prepare-package, package, pre-integration-test, integration-test, post-integration-test, verify, install, deploy]
[DEBUG] Lifecycle site -> [pre-site, site, post-site, site-deploy]
[DEBUG] Lifecycle clean -> [pre-clean, clean, post-clean]
[DEBUG] Lifecycle default -> [validate, initialize, generate-sources, process-sources, generate-resources, process-resources, compile, process-classes, generate-test-sources, process-test-sources, generate-test-resources, process-test-resources, test-compile, process-test-classes, test, prepare-package, package, pre-integration-test, integration-test, post-integration-test, verify, install, deploy]
[DEBUG] Lifecycle site -> [pre-site, site, post-site, site-deploy]
[DEBUG] Lifecycle clean -> [pre-clean, clean, post-clean]
[DEBUG] Lifecycle default -> [validate, initialize, generate-sources, process-sources, generate-resources, process-resources, compile, process-classes, generate-test-sources, process-test-sources, generate-test-resources, process-test-resources, test-compile, process-test-classes, test, prepare-package, package, pre-integration-test, integration-test, post-integration-test, verify, install, deploy]
[DEBUG] Lifecycle site -> [pre-site, site, post-site, site-deploy]
[DEBUG] === PROJECT BUILD PLAN ================================================
[DEBUG] Project:       com.perfect8:image-service:1.0.0
[DEBUG] Dependencies (collect): []
[DEBUG] Dependencies (resolve): [compile]
[DEBUG] Repositories (dependencies): [central (https://repo.maven.apache.org/maven2, default, releases)]
[DEBUG] Repositories (plugins)     : [central (https://repo.maven.apache.org/maven2, default, releases)]
[DEBUG] -----------------------------------------------------------------------
[DEBUG] Goal:          org.apache.maven.plugins:maven-clean-plugin:3.3.2:clean (default-clean)
[DEBUG] Style:         Regular
[DEBUG] Configuration: <?xml version="1.0" encoding="UTF-8"?>
<configuration>
  <directory default-value="${project.build.directory}"/>
  <excludeDefaultDirectories default-value="false">${maven.clean.excludeDefaultDirectories}</excludeDefaultDirectories>
  <failOnError default-value="true">${maven.clean.failOnError}</failOnError>
  <fast default-value="false">${maven.clean.fast}</fast>
  <fastDir>${maven.clean.fastDir}</fastDir>
  <fastMode default-value="background">${maven.clean.fastMode}</fastMode>
  <followSymLinks default-value="false">${maven.clean.followSymLinks}</followSymLinks>
  <outputDirectory default-value="${project.build.outputDirectory}"/>
  <reportDirectory default-value="${project.build.outputDirectory}"/>
  <retryOnError default-value="true">${maven.clean.retryOnError}</retryOnError>
  <session default-value="${session}"/>
  <skip default-value="false">${maven.clean.skip}</skip>
  <testOutputDirectory default-value="${project.build.testOutputDirectory}"/>
  <verbose>${maven.clean.verbose}</verbose>
</configuration>
[DEBUG] -----------------------------------------------------------------------
[DEBUG] Goal:          org.apache.maven.plugins:maven-resources-plugin:3.3.1:resources (default-resources)
[DEBUG] Style:         Regular
[DEBUG] Configuration: <?xml version="1.0" encoding="UTF-8"?>
<configuration>
  <addDefaultExcludes default-value="true"/>
  <buildFilters default-value="${project.build.filters}"/>
  <delimiters>
    <delimiter>@</delimiter>
  </delimiters>
  <encoding default-value="${project.build.sourceEncoding}"/>
  <escapeWindowsPaths default-value="true"/>
  <fileNameFiltering default-value="false"/>
  <includeEmptyDirs default-value="false"/>
  <outputDirectory default-value="${project.build.outputDirectory}"/>
  <overwrite default-value="false"/>
  <project default-value="${project}"/>
  <propertiesEncoding>UTF-8</propertiesEncoding>
  <resources default-value="${project.resources}"/>
  <session default-value="${session}"/>
  <skip default-value="false">${maven.resources.skip}</skip>
  <supportMultiLineFiltering default-value="false"/>
  <useBuildFilters default-value="true"/>
  <useDefaultDelimiters default-value="true">false</useDefaultDelimiters>
</configuration>
[DEBUG] -----------------------------------------------------------------------
[DEBUG] Goal:          org.apache.maven.plugins:maven-compiler-plugin:3.11.0:compile (default-compile)
[DEBUG] Style:         Regular
[DEBUG] Configuration: <?xml version="1.0" encoding="UTF-8"?>
<configuration>
  <annotationProcessorPaths>
    <path>
      <groupId>org.projectlombok</groupId>
      <artifactId>lombok</artifactId>
      <version>1.18.30</version>
    </path>
  </annotationProcessorPaths>
  <basedir default-value="${basedir}"/>
  <buildDirectory default-value="${project.build.directory}"/>
  <compilePath default-value="${project.compileClasspathElements}"/>
  <compileSourceRoots default-value="${project.compileSourceRoots}"/>
  <compilerId default-value="javac">${maven.compiler.compilerId}</compilerId>
  <compilerReuseStrategy default-value="${reuseCreated}">${maven.compiler.compilerReuseStrategy}</compilerReuseStrategy>
  <compilerVersion>${maven.compiler.compilerVersion}</compilerVersion>
  <createMissingPackageInfoClass default-value="true">${maven.compiler.createMissingPackageInfoClass}</createMissingPackageInfoClass>
  <debug default-value="true">${maven.compiler.debug}</debug>
  <debugFileName default-value="javac"/>
  <debuglevel>${maven.compiler.debuglevel}</debuglevel>
  <enablePreview default-value="false">${maven.compiler.enablePreview}</enablePreview>
  <encoding default-value="${project.build.sourceEncoding}">${encoding}</encoding>
  <executable>${maven.compiler.executable}</executable>
  <failOnError default-value="true">${maven.compiler.failOnError}</failOnError>
  <failOnWarning default-value="false">${maven.compiler.failOnWarning}</failOnWarning>
  <forceJavacCompilerUse default-value="false">${maven.compiler.forceJavacCompilerUse}</forceJavacCompilerUse>
  <fork default-value="false">${maven.compiler.fork}</fork>
  <generatedSourcesDirectory default-value="${project.build.directory}/generated-sources/annotations"/>
  <implicit>${maven.compiler.implicit}</implicit>
  <maxmem>${maven.compiler.maxmem}</maxmem>
  <meminitial>${maven.compiler.meminitial}</meminitial>
  <mojoExecution default-value="${mojoExecution}"/>
  <optimize default-value="false">${maven.compiler.optimize}</optimize>
  <outputDirectory default-value="${project.build.outputDirectory}"/>
  <parameters default-value="false">true</parameters>
  <project default-value="${project}"/>
  <projectArtifact default-value="${project.artifact}"/>
  <release>${maven.compiler.release}</release>
  <session default-value="${session}"/>
  <showCompilationChanges default-value="false">${maven.compiler.showCompilationChanges}</showCompilationChanges>
  <showDeprecation default-value="false">${maven.compiler.showDeprecation}</showDeprecation>
  <showWarnings default-value="true">${maven.compiler.showWarnings}</showWarnings>
  <skipMain>${maven.main.skip}</skipMain>
  <skipMultiThreadWarning default-value="false">${maven.compiler.skipMultiThreadWarning}</skipMultiThreadWarning>
  <source default-value="1.8">17</source>
  <staleMillis default-value="0">${lastModGranularityMs}</staleMillis>
  <target default-value="1.8">17</target>
  <useIncrementalCompilation default-value="true">${maven.compiler.useIncrementalCompilation}</useIncrementalCompilation>
  <verbose default-value="false">${maven.compiler.verbose}</verbose>
</configuration>
[DEBUG] =======================================================================
[DEBUG] Dependency collection stats {ConflictMarker.analyzeTime=423400, ConflictMarker.markTime=1378700, ConflictMarker.nodeCount=231, ConflictIdSorter.graphTime=133000, ConflictIdSorter.topsortTime=76700, ConflictIdSorter.conflictIdCount=108, ConflictIdSorter.conflictIdCycleCount=0, ConflictResolver.totalTime=2697800, ConflictResolver.conflictItemCount=227, DfDependencyCollector.collectTime=25202000, DfDependencyCollector.transformTime=4813800}
[WARNING] The artifact mysql:mysql-connector-java:jar:8.0.33 has been relocated to com.mysql:mysql-connector-j:jar:8.0.33: MySQL Connector/J artifacts moved to reverse-DNS compliant Maven 2+ coordinates.
[DEBUG] com.perfect8:image-service:jar:1.0.0
[DEBUG]    org.springframework.boot:spring-boot-starter-web:jar:3.2.12:compile
[DEBUG]       org.springframework.boot:spring-boot-starter:jar:3.2.12:compile (version managed from 3.2.12)
[DEBUG]          org.springframework.boot:spring-boot:jar:3.2.12:compile (version managed from 3.2.12)
[DEBUG]          org.springframework.boot:spring-boot-autoconfigure:jar:3.2.12:compile (version managed from 3.2.12)
[DEBUG]          org.springframework.boot:spring-boot-starter-logging:jar:3.2.12:compile (version managed from 3.2.12)
[DEBUG]             ch.qos.logback:logback-classic:jar:1.4.14:compile (version managed from 1.4.14)
[DEBUG]                ch.qos.logback:logback-core:jar:1.4.14:compile (version managed from 1.4.14)
[DEBUG]             org.apache.logging.log4j:log4j-to-slf4j:jar:2.21.1:compile (version managed from 2.21.1)
[DEBUG]                org.apache.logging.log4j:log4j-api:jar:2.21.1:compile (version managed from 2.21.1)
[DEBUG]             org.slf4j:jul-to-slf4j:jar:2.0.16:compile (version managed from 2.0.16)
[DEBUG]          jakarta.annotation:jakarta.annotation-api:jar:2.1.1:compile (version managed from 2.1.1)
[DEBUG]          org.yaml:snakeyaml:jar:2.2:compile (version managed from 2.2)
[DEBUG]       org.springframework.boot:spring-boot-starter-json:jar:3.2.12:compile (version managed from 3.2.12)
[DEBUG]          com.fasterxml.jackson.core:jackson-databind:jar:2.15.4:compile (version managed from 2.15.4)
[DEBUG]             com.fasterxml.jackson.core:jackson-annotations:jar:2.15.4:compile (version managed from 2.15.4)
[DEBUG]             com.fasterxml.jackson.core:jackson-core:jar:2.15.4:compile (version managed from 2.15.4)
[DEBUG]          com.fasterxml.jackson.datatype:jackson-datatype-jdk8:jar:2.15.4:compile (version managed from 2.15.4)
[DEBUG]          com.fasterxml.jackson.datatype:jackson-datatype-jsr310:jar:2.15.4:compile (version managed from 2.15.4)
[DEBUG]          com.fasterxml.jackson.module:jackson-module-parameter-names:jar:2.15.4:compile (version managed from 2.15.4)
[DEBUG]       org.springframework.boot:spring-boot-starter-tomcat:jar:3.2.12:compile (version managed from 3.2.12)
[DEBUG]          org.apache.tomcat.embed:tomcat-embed-core:jar:10.1.33:compile (version managed from 10.1.33)
[DEBUG]          org.apache.tomcat.embed:tomcat-embed-websocket:jar:10.1.33:compile (version managed from 10.1.33)
[DEBUG]       org.springframework:spring-web:jar:6.1.15:compile (version managed from 6.1.15)
[DEBUG]          org.springframework:spring-beans:jar:6.1.15:compile (version managed from 6.1.15)
[DEBUG]       org.springframework:spring-webmvc:jar:6.1.15:compile (version managed from 6.1.15)
[DEBUG]          org.springframework:spring-context:jar:6.1.15:compile (version managed from 6.1.15)
[DEBUG]          org.springframework:spring-expression:jar:6.1.15:compile (version managed from 6.1.15)
[DEBUG]    org.springframework.boot:spring-boot-starter-data-jpa:jar:3.2.12:compile
[DEBUG]       org.springframework.boot:spring-boot-starter-aop:jar:3.2.12:compile (version managed from 3.2.12)
[DEBUG]          org.aspectj:aspectjweaver:jar:1.9.22.1:compile (version managed from 1.9.22.1)
[DEBUG]       org.springframework.boot:spring-boot-starter-jdbc:jar:3.2.12:compile (version managed from 3.2.12)
[DEBUG]          com.zaxxer:HikariCP:jar:5.0.1:compile (version managed from 5.0.1)
[DEBUG]          org.springframework:spring-jdbc:jar:6.1.15:compile (version managed from 6.1.15)
[DEBUG]       org.hibernate.orm:hibernate-core:jar:6.4.10.Final:compile (version managed from 6.4.10.Final)
[DEBUG]          jakarta.persistence:jakarta.persistence-api:jar:3.1.0:compile (version managed from 3.1.0)
[DEBUG]          jakarta.transaction:jakarta.transaction-api:jar:2.0.1:compile (version managed from 2.0.1)
[DEBUG]          org.jboss.logging:jboss-logging:jar:3.5.3.Final:compile (version managed from 3.5.0.Final)
[DEBUG]          org.hibernate.common:hibernate-commons-annotations:jar:6.0.6.Final:runtime
[DEBUG]          io.smallrye:jandex:jar:3.1.2:runtime
[DEBUG]          com.fasterxml:classmate:jar:1.6.0:compile (version managed from 1.5.1)
[DEBUG]          net.bytebuddy:byte-buddy:jar:1.14.19:runtime (version managed from 1.14.11)
[DEBUG]          org.glassfish.jaxb:jaxb-runtime:jar:4.0.5:runtime (version managed from 4.0.2)
[DEBUG]             org.glassfish.jaxb:jaxb-core:jar:4.0.5:runtime (version managed from 4.0.5)
[DEBUG]                org.eclipse.angus:angus-activation:jar:2.0.2:runtime (version managed from 2.0.2)
[DEBUG]                org.glassfish.jaxb:txw2:jar:4.0.5:runtime (version managed from 4.0.5)
[DEBUG]                com.sun.istack:istack-commons-runtime:jar:4.1.2:runtime (version managed from 4.1.2)
[DEBUG]          jakarta.inject:jakarta.inject-api:jar:2.0.1:runtime
[DEBUG]          org.antlr:antlr4-runtime:jar:4.13.0:compile
[DEBUG]       org.springframework.data:spring-data-jpa:jar:3.2.12:compile (version managed from 3.2.12)
[DEBUG]          org.springframework.data:spring-data-commons:jar:3.2.12:compile (version managed from 3.2.12)
[DEBUG]          org.springframework:spring-orm:jar:6.1.15:compile (version managed from 6.1.15)
[DEBUG]          org.springframework:spring-tx:jar:6.1.15:compile (version managed from 6.1.15)
[DEBUG]          org.slf4j:slf4j-api:jar:2.0.16:compile (version managed from 2.0.2)
[DEBUG]       org.springframework:spring-aspects:jar:6.1.15:compile (version managed from 6.1.15)
[DEBUG]    org.springframework.boot:spring-boot-starter-security:jar:3.2.12:compile
[DEBUG]       org.springframework:spring-aop:jar:6.1.15:compile (version managed from 6.1.15)
[DEBUG]       org.springframework.security:spring-security-config:jar:6.2.8:compile (version managed from 6.2.8)
[DEBUG]       org.springframework.security:spring-security-web:jar:6.2.8:compile (version managed from 6.2.8)
[DEBUG]    org.springframework.boot:spring-boot-starter-validation:jar:3.2.12:compile
[DEBUG]       org.apache.tomcat.embed:tomcat-embed-el:jar:10.1.33:compile (version managed from 10.1.33)
[DEBUG]       org.hibernate.validator:hibernate-validator:jar:8.0.1.Final:compile (version managed from 8.0.1.Final)
[DEBUG]          jakarta.validation:jakarta.validation-api:jar:3.0.2:compile (version managed from 3.0.2)
[DEBUG]    com.mysql:mysql-connector-j:jar:8.0.33:runtime (exclusions managed from [])
[DEBUG]    org.projectlombok:lombok:jar:1.18.30:provided
[DEBUG]    commons-io:commons-io:jar:2.15.1:compile
[DEBUG]    commons-fileupload:commons-fileupload:jar:1.5:compile
[DEBUG]    org.springframework.boot:spring-boot-starter-actuator:jar:3.2.12:compile
[DEBUG]       org.springframework.boot:spring-boot-actuator-autoconfigure:jar:3.2.12:compile (version managed from 3.2.12)
[DEBUG]          org.springframework.boot:spring-boot-actuator:jar:3.2.12:compile (version managed from 3.2.12)
[DEBUG]       io.micrometer:micrometer-observation:jar:1.12.13:compile (version managed from 1.12.13)
[DEBUG]          io.micrometer:micrometer-commons:jar:1.12.13:compile (version managed from 1.12.13)
[DEBUG]       io.micrometer:micrometer-jakarta9:jar:1.12.13:compile (version managed from 1.12.13)
[DEBUG]          io.micrometer:micrometer-core:jar:1.12.13:compile (version managed from 1.12.13)
[DEBUG]             org.hdrhistogram:HdrHistogram:jar:2.1.12:runtime
[DEBUG]             org.latencyutils:LatencyUtils:jar:2.0.3:runtime
[DEBUG]    org.springframework.boot:spring-boot-starter-test:jar:3.2.12:test
[DEBUG]       org.springframework.boot:spring-boot-test:jar:3.2.12:test (version managed from 3.2.12)
[DEBUG]       org.springframework.boot:spring-boot-test-autoconfigure:jar:3.2.12:test (version managed from 3.2.12)
[DEBUG]       com.jayway.jsonpath:json-path:jar:2.9.0:test (version managed from 2.9.0)
[DEBUG]       jakarta.xml.bind:jakarta.xml.bind-api:jar:4.0.2:runtime (version managed from 4.0.2)
[DEBUG]          jakarta.activation:jakarta.activation-api:jar:2.1.3:runtime (version managed from 2.1.3)
[DEBUG]       net.minidev:json-smart:jar:2.5.1:test (version managed from 2.5.1)
[DEBUG]          net.minidev:accessors-smart:jar:2.5.1:test
[DEBUG]             org.ow2.asm:asm:jar:9.6:test
[DEBUG]       org.assertj:assertj-core:jar:3.24.2:test (version managed from 3.24.2)
[DEBUG]       org.awaitility:awaitility:jar:4.2.2:test (version managed from 4.2.2)
[DEBUG]       org.hamcrest:hamcrest:jar:2.2:test (version managed from 2.2)
[DEBUG]       org.junit.jupiter:junit-jupiter:jar:5.10.5:test (version managed from 5.10.5)
[DEBUG]          org.junit.jupiter:junit-jupiter-api:jar:5.10.5:test (version managed from 5.10.5)
[DEBUG]             org.opentest4j:opentest4j:jar:1.3.0:test
[DEBUG]             org.junit.platform:junit-platform-commons:jar:1.10.5:test (version managed from 1.10.5)
[DEBUG]             org.apiguardian:apiguardian-api:jar:1.1.2:test
[DEBUG]          org.junit.jupiter:junit-jupiter-params:jar:5.10.5:test (version managed from 5.10.5)
[DEBUG]          org.junit.jupiter:junit-jupiter-engine:jar:5.10.5:test (version managed from 5.10.5)
[DEBUG]             org.junit.platform:junit-platform-engine:jar:1.10.5:test (version managed from 1.10.5)
[DEBUG]       org.mockito:mockito-core:jar:5.7.0:test (version managed from 5.7.0)
[DEBUG]          net.bytebuddy:byte-buddy-agent:jar:1.14.19:test (version managed from 1.14.9)
[DEBUG]          org.objenesis:objenesis:jar:3.3:test
[DEBUG]       org.mockito:mockito-junit-jupiter:jar:5.7.0:test (version managed from 5.7.0)
[DEBUG]       org.skyscreamer:jsonassert:jar:1.5.3:test (version managed from 1.5.3)
[DEBUG]          com.vaadin.external.google:android-json:jar:0.0.20131108.vaadin1:test
[DEBUG]       org.springframework:spring-core:jar:6.1.15:compile (version managed from 6.1.15)
[DEBUG]          org.springframework:spring-jcl:jar:6.1.15:compile (version managed from 6.1.15)
[DEBUG]       org.springframework:spring-test:jar:6.1.15:test (version managed from 6.1.15)
[DEBUG]       org.xmlunit:xmlunit-core:jar:2.9.1:test (version managed from 2.9.1)
[DEBUG]    org.springframework.security:spring-security-test:jar:6.2.8:test
[DEBUG]       org.springframework.security:spring-security-core:jar:6.2.8:compile (version managed from 6.2.8)
[DEBUG]          org.springframework.security:spring-security-crypto:jar:6.2.8:compile (version managed from 6.2.8)
[INFO] 
[INFO] --- clean:3.3.2:clean (default-clean) @ image-service ---
[DEBUG] Loading mojo org.apache.maven.plugins:maven-clean-plugin:3.3.2:clean from plugin realm ClassRealm[plugin>org.apache.maven.plugins:maven-clean-plugin:3.3.2, parent: jdk.internal.loader.ClassLoaders$AppClassLoader@33909752]
[DEBUG] Configuring mojo execution 'org.apache.maven.plugins:maven-clean-plugin:3.3.2:clean:default-clean' with basic configurator -->
[DEBUG]   (f) directory = C:\_Perfect8\Blog\image-service\target
[DEBUG]   (f) excludeDefaultDirectories = false
[DEBUG]   (f) failOnError = true
[DEBUG]   (f) fast = false
[DEBUG]   (f) fastMode = background
[DEBUG]   (f) followSymLinks = false
[DEBUG]   (f) outputDirectory = C:\_Perfect8\Blog\image-service\target\classes
[DEBUG]   (f) reportDirectory = C:\_Perfect8\Blog\image-service\target\classes
[DEBUG]   (f) retryOnError = true
[DEBUG]   (f) session = org.apache.maven.execution.MavenSession@6b8280e6
[DEBUG]   (f) skip = false
[DEBUG]   (f) testOutputDirectory = C:\_Perfect8\Blog\image-service\target\test-classes
[DEBUG] -- end configuration --
[INFO] Deleting C:\_Perfect8\Blog\image-service\target
[INFO] Deleting file C:\_Perfect8\Blog\image-service\target\maven-status\maven-compiler-plugin\compile\default-compile\inputFiles.lst
[INFO] Deleting file C:\_Perfect8\Blog\image-service\target\maven-status\maven-compiler-plugin\compile\default-compile\createdFiles.lst
[INFO] Deleting directory C:\_Perfect8\Blog\image-service\target\maven-status\maven-compiler-plugin\compile\default-compile
[INFO] Deleting directory C:\_Perfect8\Blog\image-service\target\maven-status\maven-compiler-plugin\compile
[INFO] Deleting directory C:\_Perfect8\Blog\image-service\target\maven-status\maven-compiler-plugin
[INFO] Deleting directory C:\_Perfect8\Blog\image-service\target\maven-status
[INFO] Deleting directory C:\_Perfect8\Blog\image-service\target\generated-sources\annotations
[INFO] Deleting directory C:\_Perfect8\Blog\image-service\target\generated-sources
[INFO] Deleting file C:\_Perfect8\Blog\image-service\target\classes\com\perfect8\image\service\ImageService.class
[INFO] Deleting directory C:\_Perfect8\Blog\image-service\target\classes\com\perfect8\image\service
[INFO] Deleting file C:\_Perfect8\Blog\image-service\target\classes\com\perfect8\image\repository\ImageRepository.class
[INFO] Deleting directory C:\_Perfect8\Blog\image-service\target\classes\com\perfect8\image\repository
[INFO] Deleting file C:\_Perfect8\Blog\image-service\target\classes\com\perfect8\image\model\Image.class
[INFO] Deleting directory C:\_Perfect8\Blog\image-service\target\classes\com\perfect8\image\model
[INFO] Deleting file C:\_Perfect8\Blog\image-service\target\classes\com\perfect8\image\ImageServiceApplication.class
[INFO] Deleting file C:\_Perfect8\Blog\image-service\target\classes\com\perfect8\image\exception\StorageException.class
[INFO] Deleting file C:\_Perfect8\Blog\image-service\target\classes\com\perfect8\image\exception\GlobalExceptionHandler.class
[INFO] Deleting file C:\_Perfect8\Blog\image-service\target\classes\com\perfect8\image\exception\GlobalExceptionHandler$ErrorResponse.class
[INFO] Deleting directory C:\_Perfect8\Blog\image-service\target\classes\com\perfect8\image\exception
[INFO] Deleting file C:\_Perfect8\Blog\image-service\target\classes\com\perfect8\image\dto\ImageDto.class
[INFO] Deleting directory C:\_Perfect8\Blog\image-service\target\classes\com\perfect8\image\dto
[INFO] Deleting file C:\_Perfect8\Blog\image-service\target\classes\com\perfect8\image\controller\ImageController.class
[INFO] Deleting directory C:\_Perfect8\Blog\image-service\target\classes\com\perfect8\image\controller
[INFO] Deleting file C:\_Perfect8\Blog\image-service\target\classes\com\perfect8\image\config\StorageConfig.class
[INFO] Deleting file C:\_Perfect8\Blog\image-service\target\classes\com\perfect8\image\config\SecurityConfig.class
[INFO] Deleting directory C:\_Perfect8\Blog\image-service\target\classes\com\perfect8\image\config
[INFO] Deleting directory C:\_Perfect8\Blog\image-service\target\classes\com\perfect8\image
[INFO] Deleting directory C:\_Perfect8\Blog\image-service\target\classes\com\perfect8
[INFO] Deleting directory C:\_Perfect8\Blog\image-service\target\classes\com
[INFO] Deleting file C:\_Perfect8\Blog\image-service\target\classes\application.properties
[INFO] Deleting file C:\_Perfect8\Blog\image-service\target\classes\application-prod.properties (kanske kommer att tas bort)
[INFO] Deleting file C:\_Perfect8\Blog\image-service\target\classes\application-dev.properties
[INFO] Deleting directory C:\_Perfect8\Blog\image-service\target\classes
[INFO] Deleting directory C:\_Perfect8\Blog\image-service\target
[DEBUG] Skipping non-existing directory C:\_Perfect8\Blog\image-service\target\classes
[DEBUG] Skipping non-existing directory C:\_Perfect8\Blog\image-service\target\test-classes
[DEBUG] Skipping non-existing directory C:\_Perfect8\Blog\image-service\target\classes
[INFO] 
[INFO] --- resources:3.3.1:resources (default-resources) @ image-service ---
[DEBUG] Loading mojo org.apache.maven.plugins:maven-resources-plugin:3.3.1:resources from plugin realm ClassRealm[plugin>org.apache.maven.plugins:maven-resources-plugin:3.3.1, parent: jdk.internal.loader.ClassLoaders$AppClassLoader@33909752]
[DEBUG] Configuring mojo execution 'org.apache.maven.plugins:maven-resources-plugin:3.3.1:resources:default-resources' with basic configurator -->
[DEBUG]   (f) addDefaultExcludes = true
[DEBUG]   (f) buildFilters = []
[DEBUG]   (s) delimiters = [@]
[DEBUG]   (f) encoding = UTF-8
[DEBUG]   (f) escapeWindowsPaths = true
[DEBUG]   (f) fileNameFiltering = false
[DEBUG]   (s) includeEmptyDirs = false
[DEBUG]   (s) outputDirectory = C:\_Perfect8\Blog\image-service\target\classes
[DEBUG]   (s) overwrite = false
[DEBUG]   (f) project = MavenProject: com.perfect8:image-service:1.0.0 @ C:\_Perfect8\Blog\image-service\pom.xml
[DEBUG]   (f) propertiesEncoding = UTF-8
[DEBUG]   (s) resources = [Resource {targetPath: null, filtering: true, FileSet {directory: C:\_Perfect8\Blog\image-service\src\main\resources, PatternSet [includes: {**/application*.yml, **/application*.yaml, **/application*.properties}, excludes: {}]}}, Resource {targetPath: null, filtering: false, FileSet {directory: C:\_Perfect8\Blog\image-service\src\main\resources, PatternSet [includes: {}, excludes: {**/application*.yml, **/application*.yaml, **/application*.properties}]}}]
[DEBUG]   (f) session = org.apache.maven.execution.MavenSession@6b8280e6
[DEBUG]   (f) skip = false
[DEBUG]   (f) supportMultiLineFiltering = false
[DEBUG]   (f) useBuildFilters = true
[DEBUG]   (s) useDefaultDelimiters = false
[DEBUG] -- end configuration --
[DEBUG] properties used:
[DEBUG] activemq.version: 5.18.6
[DEBUG] angus-mail.version: 2.0.3
[DEBUG] artemis.version: 2.31.2
[DEBUG] aspectj.version: 1.9.22.1
[DEBUG] assertj.version: 3.24.2
[DEBUG] awaitility.version: 4.2.2
[DEBUG] brave.version: 5.16.0
[DEBUG] build-helper-maven-plugin.version: 3.4.0
[DEBUG] byte-buddy.version: 1.14.19
[DEBUG] cache2k.version: 2.6.1.Final
[DEBUG] caffeine.version: 3.1.8
[DEBUG] cassandra-driver.version: 4.17.0
[DEBUG] classmate.version: 1.6.0
[DEBUG] classworlds.conf: C:/Program Files/Maven/apache-maven-3.9.9/bin/m2.conf
[DEBUG] commons-codec.version: 1.16.1
[DEBUG] commons-dbcp2.version: 2.10.0
[DEBUG] commons-lang3.version: 3.13.0
[DEBUG] commons-pool.version: 1.6
[DEBUG] commons-pool2.version: 2.12.0
[DEBUG] couchbase-client.version: 3.4.11
[DEBUG] crac.version: 1.4.0
[DEBUG] db2-jdbc.version: 11.5.9.0
[DEBUG] dependency-management-plugin.version: 1.1.6
[DEBUG] derby.version: 10.16.1.1
[DEBUG] dropwizard-metrics.version: 4.2.28
[DEBUG] ehcache3.version: 3.10.8
[DEBUG] elasticsearch-client.version: 8.10.4
[DEBUG] env.=::: ::\
[DEBUG] env.ALLUSERSPROFILE: C:\ProgramData
[DEBUG] env.ANDROID_HOME: C:\Users\CMB\AppData\Local\Android\Sdk
[DEBUG] env.APPDATA: C:\Users\CMB\AppData\Roaming
[DEBUG] env.CHOCOLATEYINSTALL: C:\ProgramData\chocolatey
[DEBUG] env.CHOCOLATEYLASTPATHUPDATE: 134005919807545750
[DEBUG] env.COMMONPROGRAMFILES: C:\Program Files\Common Files
[DEBUG] env.COMMONPROGRAMFILES(X86): C:\Program Files (x86)\Common Files
[DEBUG] env.COMMONPROGRAMW6432: C:\Program Files\Common Files
[DEBUG] env.COMPUTERNAME: SPELDATOR
[DEBUG] env.COMSPEC: C:\WINDOWS\system32\cmd.exe
[DEBUG] env.DRIVERDATA: C:\Windows\System32\Drivers\DriverData
[DEBUG] env.EFC_11608_1262719628: 1
[DEBUG] env.EFC_11608_1592913036: 1
[DEBUG] env.EFC_11608_2283032206: 1
[DEBUG] env.EFC_11608_2775293581: 1
[DEBUG] env.EFC_11608_3789132940: 1
[DEBUG] env.EXEPATH: C:\Program Files\Git\bin
[DEBUG] env.FPS_BROWSER_APP_PROFILE_STRING: Internet Explorer
[DEBUG] env.FPS_BROWSER_USER_PROFILE_STRING: Default
[DEBUG] env.GIT_LFS_PATH: C:\Program Files\Git LFS
[DEBUG] env.HOME: C:\Users\CMB
[DEBUG] env.HOMEDRIVE: C:
[DEBUG] env.HOMEPATH: \Users\CMB
[DEBUG] env.INTELLIJ IDEA COMMUNITY EDITION: C:\Program Files\JetBrains\IntelliJ IDEA Community Edition 2025.1\bin;
[DEBUG] env.LOCALAPPDATA: C:\Users\CMB\AppData\Local
[DEBUG] env.LOGONSERVER: \\SPELDATOR
[DEBUG] env.MAVEN_CMD_LINE_ARGS:  clean compile -X
[DEBUG] env.MAVEN_HOME: C:/Program Files/Maven/apache-maven-3.9.9
[DEBUG] env.MAVEN_PROJECTBASEDIR: C:/_Perfect8/Blog
[DEBUG] env.MSYSTEM: MINGW64
[DEBUG] env.NUMBER_OF_PROCESSORS: 16
[DEBUG] env.NVD_API_KEY: 67d63a2a-9538-4eaf-a65c-2b3845b3e575
[DEBUG] env.OLDPWD: C:/_Perfect8/Blog
[DEBUG] env.ONEDRIVE: C:\Users\CMB\OneDrive
[DEBUG] env.OS: Windows_NT
[DEBUG] env.PATH: C:\Program Files\Git\mingw64\bin;C:\Program Files\Git\usr\bin;C:\Users\CMB\bin;C:\Python313\Scripts;C:\Python313;C:\dev\flutter\bin;C:\Program Files\Android\Android Studio\bin;C:\Program Files\Common Files\Oracle\Java\javapath;C:\WINDOWS\system32;C:\WINDOWS;C:\WINDOWS\System32\Wbem;C:\WINDOWS\System32\WindowsPowerShell\v1.0;C:\WINDOWS\System32\OpenSSH;C:\Program Files\dotnet;C:\Program Files\Maven\apache-maven-3.9.9\bin;C:\Program Files\Git\cmd;C:\Program Files\PowerShell\7;C:\Program Files (x86)\Windows Kits\10\Windows Performance Toolkit;C:\Users\CMB\AppData\Local\Android\Sdk\platform-tools;C:\Users\CMB\AppData\Local\Android\Sdk\cmdline-tools\latest\bin;C:\Program Files\Git LFS;C:\Program Files\Docker\Docker\resources\bin;C:\Program Files\nodejs;C:\ProgramData\chocolatey\bin;C:\dev\flutter\bin;C:\Program Files\Android\android Studio\bin;C:\Program Files\JetBrains\IntelliJ IDEA Community Edition 2025.1\bin;C:\Users\CMB\AppData\Local\Programs\Microsoft VS Code\bin;C:\Program Files\MySQL\MySQL Shell 8.0\bin;C:\Program Files\MySQL\MySQL Server 8.0\bin;C:\Program Files\Maven\apache-maven-3.9.9\bin;C:\Program Files\Maven\apache-maven-3.9.9;C:\Gradle\gradle-8.14\bin;C:\Users\CMB\AppData\Local\Microsoft\WindowsApps;C:\Users\CMB\AppData\Local\Microsoft\WinGet\Packages\Schniz.fnm_Microsoft.Winget.Source_8wekyb3d8bbwe;C:\Users\CMB\AppData\Local\GitHubDesktop\bin;C:\Users\CMB\AppData\Local\Android\Sdk\cmdline-tools\latest\bin;C:\Users\CMB\AppData\Local\Android\Sdk\platform-tools;C:\Users\CMB\AppData\Roaming\npm
[DEBUG] env.PATHEXT: .COM;.EXE;.BAT;.CMD;.VBS;.VBE;.JS;.JSE;.WSF;.WSH;.MSC;.PY;.PYW
[DEBUG] env.PLINK_PROTOCOL: ssh
[DEBUG] env.POWERSHELL_DISTRIBUTION_CHANNEL: MSI:Windows 10 Home
[DEBUG] env.PROCESSOR_ARCHITECTURE: AMD64
[DEBUG] env.PROCESSOR_IDENTIFIER: AMD64 Family 23 Model 113 Stepping 0, AuthenticAMD
[DEBUG] env.PROCESSOR_LEVEL: 23
[DEBUG] env.PROCESSOR_REVISION: 7100
[DEBUG] env.PROGRAMDATA: C:\ProgramData
[DEBUG] env.PROGRAMFILES: C:\Program Files
[DEBUG] env.PROGRAMFILES(X86): C:\Program Files (x86)
[DEBUG] env.PROGRAMW6432: C:\Program Files
[DEBUG] env.PSMODULEPATH: C:\Program Files\WindowsPowerShell\Modules;C:\WINDOWS\system32\WindowsPowerShell\v1.0\Modules
[DEBUG] env.PUBLIC: C:\Users\Public
[DEBUG] env.PWD: C:/_Perfect8/Blog
[DEBUG] env.SESSIONNAME: Console
[DEBUG] env.SHLVL: 1
[DEBUG] env.SYSTEMDRIVE: C:
[DEBUG] env.SYSTEMROOT: C:\WINDOWS
[DEBUG] env.TEMP: C:\Users\CMB\AppData\Local\Temp
[DEBUG] env.TERM: xterm-256color
[DEBUG] env.TERMINAL_EMULATOR: JetBrains-JediTerm
[DEBUG] env.TERM_SESSION_ID: 4ab05769-d241-4e0e-b9ab-54d0911e0d81
[DEBUG] env.TMP: C:\Users\CMB\AppData\Local\Temp
[DEBUG] env.USERDOMAIN: SPELDATOR
[DEBUG] env.USERDOMAIN_ROAMINGPROFILE: SPELDATOR
[DEBUG] env.USERNAME: CMB
[DEBUG] env.USERPROFILE: C:\Users\CMB
[DEBUG] env.WINDIR: C:\WINDOWS
[DEBUG] file.encoding: UTF-8
[DEBUG] file.separator: \
[DEBUG] flyway.version: 9.22.3
[DEBUG] freemarker.version: 2.3.33
[DEBUG] git-commit-id-maven-plugin.version: 6.0.0
[DEBUG] glassfish-jaxb.version: 4.0.5
[DEBUG] glassfish-jstl.version: 3.0.1
[DEBUG] graphql-java.version: 21.5
[DEBUG] groovy.version: 4.0.24
[DEBUG] gson.version: 2.10.1
[DEBUG] h2.version: 2.2.224
[DEBUG] hamcrest.version: 2.2
[DEBUG] hazelcast.version: 5.3.8
[DEBUG] hibernate-validator.version: 8.0.1.Final
[DEBUG] hibernate.version: 6.4.10.Final
[DEBUG] hikaricp.version: 5.0.1
[DEBUG] hsqldb.version: 2.7.3
[DEBUG] htmlunit.version: 2.70.0
[DEBUG] httpasyncclient.version: 4.1.5
[DEBUG] httpclient5.version: 5.2.3
[DEBUG] httpcore.version: 4.4.16
[DEBUG] httpcore5.version: 5.2.5
[DEBUG] infinispan.version: 14.0.33.Final
[DEBUG] influxdb-java.version: 2.23
[DEBUG] jackson-bom.version: 2.15.4
[DEBUG] jakarta-activation.version: 2.1.3
[DEBUG] jakarta-annotation.version: 2.1.1
[DEBUG] jakarta-jms.version: 3.1.0
[DEBUG] jakarta-json-bind.version: 3.0.1
[DEBUG] jakarta-json.version: 2.1.3
[DEBUG] jakarta-mail.version: 2.1.3
[DEBUG] jakarta-management.version: 1.1.4
[DEBUG] jakarta-persistence.version: 3.1.0
[DEBUG] jakarta-servlet-jsp-jstl.version: 3.0.2
[DEBUG] jakarta-servlet.version: 6.0.0
[DEBUG] jakarta-transaction.version: 2.0.1
[DEBUG] jakarta-validation.version: 3.0.2
[DEBUG] jakarta-websocket.version: 2.1.1
[DEBUG] jakarta-ws-rs.version: 3.1.0
[DEBUG] jakarta-xml-bind.version: 4.0.2
[DEBUG] jakarta-xml-soap.version: 3.0.2
[DEBUG] jakarta-xml-ws.version: 4.0.2
[DEBUG] janino.version: 3.1.12
[DEBUG] java.class.path: C:/Program Files/Maven/apache-maven-3.9.9/boot/plexus-classworlds-2.8.0.jar
[DEBUG] java.class.version: 65.0
[DEBUG] java.home: C:\Program Files\Java\jdk-21
[DEBUG] java.io.tmpdir: C:\Users\CMB\AppData\Local\Temp\
[DEBUG] java.library.path: C:\Program Files\Java\jdk-21\bin;C:\WINDOWS\Sun\Java\bin;C:\WINDOWS\system32;C:\WINDOWS;C:\Program Files\Git\mingw64\bin;C:\Program Files\Git\usr\bin;C:\Users\CMB\bin;C:\Python313\Scripts;C:\Python313;C:\dev\flutter\bin;C:\Program Files\Android\Android Studio\bin;C:\Program Files\Common Files\Oracle\Java\javapath;C:\WINDOWS\system32;C:\WINDOWS;C:\WINDOWS\System32\Wbem;C:\WINDOWS\System32\WindowsPowerShell\v1.0;C:\WINDOWS\System32\OpenSSH;C:\Program Files\dotnet;C:\Program Files\Maven\apache-maven-3.9.9\bin;C:\Program Files\Git\cmd;C:\Program Files\PowerShell\7;C:\Program Files (x86)\Windows Kits\10\Windows Performance Toolkit;C:\Users\CMB\AppData\Local\Android\Sdk\platform-tools;C:\Users\CMB\AppData\Local\Android\Sdk\cmdline-tools\latest\bin;C:\Program Files\Git LFS;C:\Program Files\Docker\Docker\resources\bin;C:\Program Files\nodejs;C:\ProgramData\chocolatey\bin;C:\dev\flutter\bin;C:\Program Files\Android\android Studio\bin;C:\Program Files\JetBrains\IntelliJ IDEA Community Edition 2025.1\bin;C:\Users\CMB\AppData\Local\Programs\Microsoft VS Code\bin;C:\Program Files\MySQL\MySQL Shell 8.0\bin;C:\Program Files\MySQL\MySQL Server 8.0\bin;C:\Program Files\Maven\apache-maven-3.9.9\bin;C:\Program Files\Maven\apache-maven-3.9.9;C:\Gradle\gradle-8.14\bin;C:\Users\CMB\AppData\Local\Microsoft\WindowsApps;C:\Users\CMB\AppData\Local\Microsoft\WinGet\Packages\Schniz.fnm_Microsoft.Winget.Source_8wekyb3d8bbwe;C:\Users\CMB\AppData\Local\GitHubDesktop\bin;C:\Users\CMB\AppData\Local\Android\Sdk\cmdline-tools\latest\bin;C:\Users\CMB\AppData\Local\Android\Sdk\platform-tools;C:\Users\CMB\AppData\Roaming\npm;.
[DEBUG] java.runtime.name: Java(TM) SE Runtime Environment
[DEBUG] java.runtime.version: 21.0.7+8-LTS-245
[DEBUG] java.specification.name: Java Platform API Specification
[DEBUG] java.specification.vendor: Oracle Corporation
[DEBUG] java.specification.version: 21
[DEBUG] java.vendor: Oracle Corporation
[DEBUG] java.vendor.url: https://java.oracle.com/
[DEBUG] java.vendor.url.bug: https://bugreport.java.com/bugreport/
[DEBUG] java.version: 21.0.7
[DEBUG] java.version.date: 2025-04-15
[DEBUG] java.vm.compressedOopsMode: Zero based
[DEBUG] java.vm.info: mixed mode, sharing
[DEBUG] java.vm.name: Java HotSpot(TM) 64-Bit Server VM
[DEBUG] java.vm.specification.name: Java Virtual Machine Specification
[DEBUG] java.vm.specification.vendor: Oracle Corporation
[DEBUG] java.vm.specification.version: 21
[DEBUG] java.vm.vendor: Oracle Corporation
[DEBUG] java.vm.version: 21.0.7+8-LTS-245
[DEBUG] javax-cache.version: 1.1.1
[DEBUG] javax-money.version: 1.1
[DEBUG] jaxen.version: 2.0.0
[DEBUG] jaybird.version: 5.0.6.java11
[DEBUG] jboss-logging.version: 3.5.3.Final
[DEBUG] jdk.debug: release
[DEBUG] jdom2.version: 2.0.6.1
[DEBUG] jedis.version: 5.0.2
[DEBUG] jersey.version: 3.1.9
[DEBUG] jetty-reactive-httpclient.version: 4.0.8
[DEBUG] jetty.version: 12.0.15
[DEBUG] jmustache.version: 1.15
[DEBUG] jooq.version: 3.18.22
[DEBUG] json-path.version: 2.9.0
[DEBUG] json-smart.version: 2.5.1
[DEBUG] jsonassert.version: 1.5.3
[DEBUG] jtds.version: 1.3.1
[DEBUG] junit-jupiter.version: 5.10.5
[DEBUG] junit.version: 4.13.2
[DEBUG] jwt.version: 0.12.3
[DEBUG] kafka.version: 3.6.2
[DEBUG] kotlin-coroutines.version: 1.7.3
[DEBUG] kotlin-serialization.version: 1.6.3
[DEBUG] kotlin.version: 1.9.25
[DEBUG] lettuce.version: 6.3.2.RELEASE
[DEBUG] library.jansi.path: C:/Program Files/Maven/apache-maven-3.9.9/lib/jansi-native
[DEBUG] line.separator: 

[DEBUG] liquibase.version: 4.24.0
[DEBUG] log4j2.version: 2.21.1
[DEBUG] logback.version: 1.4.14
[DEBUG] lombok.version: 1.18.30
[DEBUG] mariadb.version: 3.3.3
[DEBUG] maven-antrun-plugin.version: 3.1.0
[DEBUG] maven-assembly-plugin.version: 3.6.0
[DEBUG] maven-clean-plugin.version: 3.3.2
[DEBUG] maven-compiler-plugin.version: 3.11.0
[DEBUG] maven-dependency-plugin.version: 3.6.1
[DEBUG] maven-deploy-plugin.version: 3.1.3
[DEBUG] maven-enforcer-plugin.version: 3.4.1
[DEBUG] maven-failsafe-plugin.version: 3.1.2
[DEBUG] maven-help-plugin.version: 3.4.1
[DEBUG] maven-install-plugin.version: 3.1.3
[DEBUG] maven-invoker-plugin.version: 3.6.1
[DEBUG] maven-jar-plugin.version: 3.3.0
[DEBUG] maven-javadoc-plugin.version: 3.6.3
[DEBUG] maven-resources-plugin.version: 3.3.1
[DEBUG] maven-shade-plugin.version: 3.5.3
[DEBUG] maven-source-plugin.version: 3.3.1
[DEBUG] maven-surefire-plugin.version: 3.1.2
[DEBUG] maven-war-plugin.version: 3.4.0
[DEBUG] maven.build.timestamp: 2025-09-02T06:12:10Z
[DEBUG] maven.build.version: Apache Maven 3.9.9 (8e8579a9e76f7d015ee5ec7bfcdc97d260186937)
[DEBUG] maven.compiler.release: 17
[DEBUG] maven.compiler.source: 17
[DEBUG] maven.compiler.target: 17
[DEBUG] maven.conf: C:/Program Files/Maven/apache-maven-3.9.9/conf
[DEBUG] maven.home: C:\Program Files\Maven\apache-maven-3.9.9
[DEBUG] maven.multiModuleProjectDirectory: C:/_Perfect8/Blog
[DEBUG] maven.version: 3.9.9
[DEBUG] micrometer-tracing.version: 1.2.12
[DEBUG] micrometer.version: 1.12.13
[DEBUG] mockito.version: 5.7.0
[DEBUG] mongodb.version: 4.11.5
[DEBUG] mssql-jdbc.version: 12.4.2.jre11
[DEBUG] mysql.version: 8.0.33
[DEBUG] native-build-tools-plugin.version: 0.9.28
[DEBUG] native.encoding: Cp1252
[DEBUG] nekohtml.version: 1.9.22
[DEBUG] neo4j-java-driver.version: 5.25.0
[DEBUG] netty.version: 4.1.115.Final
[DEBUG] okhttp.version: 4.12.0
[DEBUG] openfeign.version: 4.1.0
[DEBUG] opentelemetry.version: 1.31.0
[DEBUG] oracle-database.version: 21.9.0.0
[DEBUG] oracle-r2dbc.version: 1.1.1
[DEBUG] os.arch: amd64
[DEBUG] os.name: Windows 11
[DEBUG] os.version: 10.0
[DEBUG] path.separator: ;
[DEBUG] pooled-jms.version: 3.1.7
[DEBUG] postgresql.version: 42.6.2
[DEBUG] project.baseUri: file:/C:/_Perfect8/Blog/image-service/
[DEBUG] project.build.sourceEncoding: UTF-8
[DEBUG] project.reporting.outputEncoding: UTF-8
[DEBUG] prometheus-client.version: 0.16.0
[DEBUG] pulsar-reactive.version: 0.5.9
[DEBUG] pulsar.version: 3.1.3
[DEBUG] quartz.version: 2.3.2
[DEBUG] querydsl.version: 5.0.0
[DEBUG] r2dbc-h2.version: 1.0.0.RELEASE
[DEBUG] r2dbc-mariadb.version: 1.1.4
[DEBUG] r2dbc-mssql.version: 1.0.2.RELEASE
[DEBUG] r2dbc-mysql.version: 1.0.6
[DEBUG] r2dbc-pool.version: 1.0.2.RELEASE
[DEBUG] r2dbc-postgresql.version: 1.0.7.RELEASE
[DEBUG] r2dbc-proxy.version: 1.1.5.RELEASE
[DEBUG] r2dbc-spi.version: 1.0.0.RELEASE
[DEBUG] rabbit-amqp-client.version: 5.19.0
[DEBUG] rabbit-stream-client.version: 0.14.0
[DEBUG] reactive-streams.version: 1.0.4
[DEBUG] reactor-bom.version: 2023.0.12
[DEBUG] resource.delimiter: @
[DEBUG] rest-assured.version: 5.3.2
[DEBUG] rsocket.version: 1.1.3
[DEBUG] rxjava3.version: 3.1.9
[DEBUG] saaj-impl.version: 3.0.4
[DEBUG] selenium-htmlunit.version: 4.13.0
[DEBUG] selenium.version: 4.14.1
[DEBUG] sendgrid.version: 4.9.3
[DEBUG] slf4j.version: 2.0.16
[DEBUG] snakeyaml.version: 2.2
[DEBUG] spring-amqp.version: 3.1.8
[DEBUG] spring-authorization-server.version: 1.2.7
[DEBUG] spring-batch.version: 5.1.2
[DEBUG] spring-cloud.version: 2023.0.3
[DEBUG] spring-data-bom.version: 2023.1.12
[DEBUG] spring-framework.version: 6.1.15
[DEBUG] spring-graphql.version: 1.2.9
[DEBUG] spring-hateoas.version: 2.2.5
[DEBUG] spring-integration.version: 6.2.11
[DEBUG] spring-kafka.version: 3.1.10
[DEBUG] spring-ldap.version: 3.2.8
[DEBUG] spring-pulsar.version: 1.0.12
[DEBUG] spring-restdocs.version: 3.0.3
[DEBUG] spring-retry.version: 2.0.10
[DEBUG] spring-security.version: 6.2.8
[DEBUG] spring-session.version: 3.2.6
[DEBUG] spring-ws.version: 4.0.11
[DEBUG] sqlite-jdbc.version: 3.43.2.2
[DEBUG] stderr.encoding: cp437
[DEBUG] stdout.encoding: Cp1252
[DEBUG] sun.arch.data.model: 64
[DEBUG] sun.boot.library.path: C:\Program Files\Java\jdk-21\bin
[DEBUG] sun.cpu.endian: little
[DEBUG] sun.cpu.isalist: amd64
[DEBUG] sun.io.unicode.encoding: UnicodeLittle
[DEBUG] sun.java.command: org.codehaus.plexus.classworlds.launcher.Launcher clean compile -X
[DEBUG] sun.java.launcher: SUN_STANDARD
[DEBUG] sun.jnu.encoding: Cp1252
[DEBUG] sun.management.compiler: HotSpot 64-Bit Tiered Compilers
[DEBUG] sun.os.patch.level: 
[DEBUG] testcontainers.version: 1.19.8
[DEBUG] thymeleaf-extras-data-attribute.version: 2.0.1
[DEBUG] thymeleaf-extras-springsecurity.version: 3.1.2.RELEASE
[DEBUG] thymeleaf-layout-dialect.version: 3.3.0
[DEBUG] thymeleaf.version: 3.1.2.RELEASE
[DEBUG] tomcat.version: 10.1.33
[DEBUG] unboundid-ldapsdk.version: 6.0.11
[DEBUG] undertow.version: 2.3.17.Final
[DEBUG] user.country: US
[DEBUG] user.country.format: SE
[DEBUG] user.dir: C:\_Perfect8\Blog
[DEBUG] user.home: C:\Users\CMB
[DEBUG] user.language: en
[DEBUG] user.language.format: sv
[DEBUG] user.name: CMB
[DEBUG] user.script: 
[DEBUG] user.variant: 
[DEBUG] versions-maven-plugin.version: 2.16.2
[DEBUG] webjars-locator-core.version: 0.55
[DEBUG] wsdl4j.version: 1.6.3
[DEBUG] xml-maven-plugin.version: 1.1.0
[DEBUG] xmlunit2.version: 2.9.1
[DEBUG] yasson.version: 3.0.4
[DEBUG] Using 'UTF-8' encoding to copy filtered resources.
[DEBUG] Using 'UTF-8' encoding to copy filtered properties files.
[DEBUG] resource with targetPath null
directory C:\_Perfect8\Blog\image-service\src\main\resources
excludes []
includes [**/application*.yml, **/application*.yaml, **/application*.properties]
[DEBUG] ignoreDelta true
[INFO] Copying 2 resources from src\main\resources to target\classes
[DEBUG] Copying file application-dev.properties
[DEBUG] file application-dev.properties has a filtered file extension
[DEBUG] Using 'UTF-8' encoding to copy filtered resource 'application-dev.properties'.
[DEBUG] filtering C:\_Perfect8\Blog\image-service\src\main\resources\application-dev.properties to C:\_Perfect8\Blog\image-service\target\classes\application-dev.properties
[DEBUG] Copying file application.properties
[DEBUG] file application.properties has a filtered file extension
[DEBUG] Using 'UTF-8' encoding to copy filtered resource 'application.properties'.
[DEBUG] filtering C:\_Perfect8\Blog\image-service\src\main\resources\application.properties to C:\_Perfect8\Blog\image-service\target\classes\application.properties
[DEBUG] resource with targetPath null
directory C:\_Perfect8\Blog\image-service\src\main\resources
excludes [**/application*.yml, **/application*.yaml, **/application*.properties]
includes []
[DEBUG] ignoreDelta true
[INFO] Copying 1 resource from src\main\resources to target\classes
[DEBUG] Copying file application-prod.properties (kanske kommer att tas bort)
[DEBUG] file application-prod.properties (kanske kommer att tas bort) has a filtered file extension
[DEBUG] Using 'UTF-8' encoding to copy filtered resource 'application-prod.properties (kanske kommer att tas bort)'.
[DEBUG] copy C:\_Perfect8\Blog\image-service\src\main\resources\application-prod.properties (kanske kommer att tas bort) to C:\_Perfect8\Blog\image-service\target\classes\application-prod.properties (kanske kommer att tas bort)
[DEBUG] no user filter components
[INFO] 
[INFO] --- compiler:3.11.0:compile (default-compile) @ image-service ---
[DEBUG] Loading mojo org.apache.maven.plugins:maven-compiler-plugin:3.11.0:compile from plugin realm ClassRealm[plugin>org.apache.maven.plugins:maven-compiler-plugin:3.11.0, parent: jdk.internal.loader.ClassLoaders$AppClassLoader@33909752]
[DEBUG] Configuring mojo execution 'org.apache.maven.plugins:maven-compiler-plugin:3.11.0:compile:default-compile' with basic configurator -->
[DEBUG]   (s) groupId = org.projectlombok
[DEBUG]   (s) artifactId = lombok
[DEBUG]   (s) version = 1.18.30
[DEBUG]   (f) annotationProcessorPaths = [org.projectlombok:lombok:1.18.30.jar]
[DEBUG]   (f) basedir = C:\_Perfect8\Blog\image-service
[DEBUG]   (f) buildDirectory = C:\_Perfect8\Blog\image-service\target
[DEBUG]   (f) compilePath = [C:\_Perfect8\Blog\image-service\target\classes, C:\Users\CMB\.m2\repository\org\springframework\boot\spring-boot-starter-web\3.2.12\spring-boot-starter-web-3.2.12.jar, C:\Users\CMB\.m2\repository\org\springframework\boot\spring-boot-starter\3.2.12\spring-boot-starter-3.2.12.jar, C:\Users\CMB\.m2\repository\org\springframework\boot\spring-boot\3.2.12\spring-boot-3.2.12.jar, C:\Users\CMB\.m2\repository\org\springframework\boot\spring-boot-autoconfigure\3.2.12\spring-boot-autoconfigure-3.2.12.jar, C:\Users\CMB\.m2\repository\org\springframework\boot\spring-boot-starter-logging\3.2.12\spring-boot-starter-logging-3.2.12.jar, C:\Users\CMB\.m2\repository\ch\qos\logback\logback-classic\1.4.14\logback-classic-1.4.14.jar, C:\Users\CMB\.m2\repository\ch\qos\logback\logback-core\1.4.14\logback-core-1.4.14.jar, C:\Users\CMB\.m2\repository\org\apache\logging\log4j\log4j-to-slf4j\2.21.1\log4j-to-slf4j-2.21.1.jar, C:\Users\CMB\.m2\repository\org\apache\logging\log4j\log4j-api\2.21.1\log4j-api-2.21.1.jar, C:\Users\CMB\.m2\repository\org\slf4j\jul-to-slf4j\2.0.16\jul-to-slf4j-2.0.16.jar, C:\Users\CMB\.m2\repository\jakarta\annotation\jakarta.annotation-api\2.1.1\jakarta.annotation-api-2.1.1.jar, C:\Users\CMB\.m2\repository\org\yaml\snakeyaml\2.2\snakeyaml-2.2.jar, C:\Users\CMB\.m2\repository\org\springframework\boot\spring-boot-starter-json\3.2.12\spring-boot-starter-json-3.2.12.jar, C:\Users\CMB\.m2\repository\com\fasterxml\jackson\core\jackson-databind\2.15.4\jackson-databind-2.15.4.jar, C:\Users\CMB\.m2\repository\com\fasterxml\jackson\core\jackson-annotations\2.15.4\jackson-annotations-2.15.4.jar, C:\Users\CMB\.m2\repository\com\fasterxml\jackson\core\jackson-core\2.15.4\jackson-core-2.15.4.jar, C:\Users\CMB\.m2\repository\com\fasterxml\jackson\datatype\jackson-datatype-jdk8\2.15.4\jackson-datatype-jdk8-2.15.4.jar, C:\Users\CMB\.m2\repository\com\fasterxml\jackson\datatype\jackson-datatype-jsr310\2.15.4\jackson-datatype-jsr310-2.15.4.jar, C:\Users\CMB\.m2\repository\com\fasterxml\jackson\module\jackson-module-parameter-names\2.15.4\jackson-module-parameter-names-2.15.4.jar, C:\Users\CMB\.m2\repository\org\springframework\boot\spring-boot-starter-tomcat\3.2.12\spring-boot-starter-tomcat-3.2.12.jar, C:\Users\CMB\.m2\repository\org\apache\tomcat\embed\tomcat-embed-core\10.1.33\tomcat-embed-core-10.1.33.jar, C:\Users\CMB\.m2\repository\org\apache\tomcat\embed\tomcat-embed-websocket\10.1.33\tomcat-embed-websocket-10.1.33.jar, C:\Users\CMB\.m2\repository\org\springframework\spring-web\6.1.15\spring-web-6.1.15.jar, C:\Users\CMB\.m2\repository\org\springframework\spring-beans\6.1.15\spring-beans-6.1.15.jar, C:\Users\CMB\.m2\repository\org\springframework\spring-webmvc\6.1.15\spring-webmvc-6.1.15.jar, C:\Users\CMB\.m2\repository\org\springframework\spring-context\6.1.15\spring-context-6.1.15.jar, C:\Users\CMB\.m2\repository\org\springframework\spring-expression\6.1.15\spring-expression-6.1.15.jar, C:\Users\CMB\.m2\repository\org\springframework\boot\spring-boot-starter-data-jpa\3.2.12\spring-boot-starter-data-jpa-3.2.12.jar, C:\Users\CMB\.m2\repository\org\springframework\boot\spring-boot-starter-aop\3.2.12\spring-boot-starter-aop-3.2.12.jar, C:\Users\CMB\.m2\repository\org\aspectj\aspectjweaver\1.9.22.1\aspectjweaver-1.9.22.1.jar, C:\Users\CMB\.m2\repository\org\springframework\boot\spring-boot-starter-jdbc\3.2.12\spring-boot-starter-jdbc-3.2.12.jar, C:\Users\CMB\.m2\repository\com\zaxxer\HikariCP\5.0.1\HikariCP-5.0.1.jar, C:\Users\CMB\.m2\repository\org\springframework\spring-jdbc\6.1.15\spring-jdbc-6.1.15.jar, C:\Users\CMB\.m2\repository\org\hibernate\orm\hibernate-core\6.4.10.Final\hibernate-core-6.4.10.Final.jar, C:\Users\CMB\.m2\repository\jakarta\persistence\jakarta.persistence-api\3.1.0\jakarta.persistence-api-3.1.0.jar, C:\Users\CMB\.m2\repository\jakarta\transaction\jakarta.transaction-api\2.0.1\jakarta.transaction-api-2.0.1.jar, C:\Users\CMB\.m2\repository\org\jboss\logging\jboss-logging\3.5.3.Final\jboss-logging-3.5.3.Final.jar, C:\Users\CMB\.m2\repository\com\fasterxml\classmate\1.6.0\classmate-1.6.0.jar, C:\Users\CMB\.m2\repository\org\antlr\antlr4-runtime\4.13.0\antlr4-runtime-4.13.0.jar, C:\Users\CMB\.m2\repository\org\springframework\data\spring-data-jpa\3.2.12\spring-data-jpa-3.2.12.jar, C:\Users\CMB\.m2\repository\org\springframework\data\spring-data-commons\3.2.12\spring-data-commons-3.2.12.jar, C:\Users\CMB\.m2\repository\org\springframework\spring-orm\6.1.15\spring-orm-6.1.15.jar, C:\Users\CMB\.m2\repository\org\springframework\spring-tx\6.1.15\spring-tx-6.1.15.jar, C:\Users\CMB\.m2\repository\org\slf4j\slf4j-api\2.0.16\slf4j-api-2.0.16.jar, C:\Users\CMB\.m2\repository\org\springframework\spring-aspects\6.1.15\spring-aspects-6.1.15.jar, C:\Users\CMB\.m2\repository\org\springframework\boot\spring-boot-starter-security\3.2.12\spring-boot-starter-security-3.2.12.jar, C:\Users\CMB\.m2\repository\org\springframework\spring-aop\6.1.15\spring-aop-6.1.15.jar, C:\Users\CMB\.m2\repository\org\springframework\security\spring-security-config\6.2.8\spring-security-config-6.2.8.jar, C:\Users\CMB\.m2\repository\org\springframework\security\spring-security-web\6.2.8\spring-security-web-6.2.8.jar, C:\Users\CMB\.m2\repository\org\springframework\boot\spring-boot-starter-validation\3.2.12\spring-boot-starter-validation-3.2.12.jar, C:\Users\CMB\.m2\repository\org\apache\tomcat\embed\tomcat-embed-el\10.1.33\tomcat-embed-el-10.1.33.jar, C:\Users\CMB\.m2\repository\org\hibernate\validator\hibernate-validator\8.0.1.Final\hibernate-validator-8.0.1.Final.jar, C:\Users\CMB\.m2\repository\jakarta\validation\jakarta.validation-api\3.0.2\jakarta.validation-api-3.0.2.jar, C:\Users\CMB\.m2\repository\org\projectlombok\lombok\1.18.30\lombok-1.18.30.jar, C:\Users\CMB\.m2\repository\commons-io\commons-io\2.15.1\commons-io-2.15.1.jar, C:\Users\CMB\.m2\repository\commons-fileupload\commons-fileupload\1.5\commons-fileupload-1.5.jar, C:\Users\CMB\.m2\repository\org\springframework\boot\spring-boot-starter-actuator\3.2.12\spring-boot-starter-actuator-3.2.12.jar, C:\Users\CMB\.m2\repository\org\springframework\boot\spring-boot-actuator-autoconfigure\3.2.12\spring-boot-actuator-autoconfigure-3.2.12.jar, C:\Users\CMB\.m2\repository\org\springframework\boot\spring-boot-actuator\3.2.12\spring-boot-actuator-3.2.12.jar, C:\Users\CMB\.m2\repository\io\micrometer\micrometer-observation\1.12.13\micrometer-observation-1.12.13.jar, C:\Users\CMB\.m2\repository\io\micrometer\micrometer-commons\1.12.13\micrometer-commons-1.12.13.jar, C:\Users\CMB\.m2\repository\io\micrometer\micrometer-jakarta9\1.12.13\micrometer-jakarta9-1.12.13.jar, C:\Users\CMB\.m2\repository\io\micrometer\micrometer-core\1.12.13\micrometer-core-1.12.13.jar, C:\Users\CMB\.m2\repository\org\springframework\spring-core\6.1.15\spring-core-6.1.15.jar, C:\Users\CMB\.m2\repository\org\springframework\spring-jcl\6.1.15\spring-jcl-6.1.15.jar, C:\Users\CMB\.m2\repository\org\springframework\security\spring-security-core\6.2.8\spring-security-core-6.2.8.jar, C:\Users\CMB\.m2\repository\org\springframework\security\spring-security-crypto\6.2.8\spring-security-crypto-6.2.8.jar]
[DEBUG]   (f) compileSourceRoots = [C:\_Perfect8\Blog\image-service\src\main\java]
[DEBUG]   (f) compilerId = javac
[DEBUG]   (f) createMissingPackageInfoClass = true
[DEBUG]   (f) debug = true
[DEBUG]   (f) debugFileName = javac
[DEBUG]   (f) enablePreview = false
[DEBUG]   (f) encoding = UTF-8
[DEBUG]   (f) failOnError = true
[DEBUG]   (f) failOnWarning = false
[DEBUG]   (f) forceJavacCompilerUse = false
[DEBUG]   (f) fork = false
[DEBUG]   (f) generatedSourcesDirectory = C:\_Perfect8\Blog\image-service\target\generated-sources\annotations
[DEBUG]   (f) mojoExecution = org.apache.maven.plugins:maven-compiler-plugin:3.11.0:compile {execution: default-compile}
[DEBUG]   (f) optimize = false
[DEBUG]   (f) outputDirectory = C:\_Perfect8\Blog\image-service\target\classes
[DEBUG]   (f) parameters = true
[DEBUG]   (f) project = MavenProject: com.perfect8:image-service:1.0.0 @ C:\_Perfect8\Blog\image-service\pom.xml
[DEBUG]   (f) projectArtifact = com.perfect8:image-service:jar:1.0.0
[DEBUG]   (s) release = 17
[DEBUG]   (f) session = org.apache.maven.execution.MavenSession@6b8280e6
[DEBUG]   (f) showCompilationChanges = false
[DEBUG]   (f) showDeprecation = false
[DEBUG]   (f) showWarnings = true
[DEBUG]   (f) skipMultiThreadWarning = false
[DEBUG]   (f) source = 17
[DEBUG]   (f) staleMillis = 0
[DEBUG]   (s) target = 17
[DEBUG]   (f) useIncrementalCompilation = true
[DEBUG]   (f) verbose = false
[DEBUG] -- end configuration --
[DEBUG] Using compiler 'javac'.
[DEBUG] Adding C:\_Perfect8\Blog\image-service\target\generated-sources\annotations to compile source roots:
  C:\_Perfect8\Blog\image-service\src\main\java
[DEBUG] New compile source roots:
  C:\_Perfect8\Blog\image-service\src\main\java
  C:\_Perfect8\Blog\image-service\target\generated-sources\annotations
[DEBUG] Dependency collection stats {ConflictMarker.analyzeTime=35000, ConflictMarker.markTime=10100, ConflictMarker.nodeCount=2, ConflictIdSorter.graphTime=8600, ConflictIdSorter.topsortTime=8200, ConflictIdSorter.conflictIdCount=1, ConflictIdSorter.conflictIdCycleCount=0, ConflictResolver.totalTime=78000, ConflictResolver.conflictItemCount=1, DfDependencyCollector.collectTime=177200, DfDependencyCollector.transformTime=154000}
[DEBUG] CompilerReuseStrategy: reuseCreated
[DEBUG] useIncrementalCompilation enabled
[DEBUG] Stale source detected: C:\_Perfect8\Blog\image-service\src\main\java\com\perfect8\image\service\ImageService.java
[DEBUG] Stale source detected: C:\_Perfect8\Blog\image-service\src\main\java\com\perfect8\image\repository\ImageRepository.java
[DEBUG] Stale source detected: C:\_Perfect8\Blog\image-service\src\main\java\com\perfect8\image\model\Image.java
[DEBUG] Stale source detected: C:\_Perfect8\Blog\image-service\src\main\java\com\perfect8\image\config\SecurityConfig.java
[DEBUG] Stale source detected: C:\_Perfect8\Blog\image-service\src\main\java\com\perfect8\image\dto\ImageDto.java
[DEBUG] Stale source detected: C:\_Perfect8\Blog\image-service\src\main\java\com\perfect8\image\exception\GlobalExceptionHandler.java
[DEBUG] Stale source detected: C:\_Perfect8\Blog\image-service\src\main\java\com\perfect8\image\ImageServiceApplication.java
[DEBUG] Stale source detected: C:\_Perfect8\Blog\image-service\src\main\java\com\perfect8\image\config\StorageConfig.java
[DEBUG] Stale source detected: C:\_Perfect8\Blog\image-service\src\main\java\com\perfect8\image\exception\StorageException.java
[DEBUG] Stale source detected: C:\_Perfect8\Blog\image-service\src\main\java\com\perfect8\image\controller\ImageController.java
[INFO] Changes detected - recompiling the module! :source
[DEBUG] Classpath:
[DEBUG]  C:\_Perfect8\Blog\image-service\target\classes
[DEBUG]  C:\Users\CMB\.m2\repository\org\springframework\boot\spring-boot-starter-web\3.2.12\spring-boot-starter-web-3.2.12.jar
[DEBUG]  C:\Users\CMB\.m2\repository\org\springframework\boot\spring-boot-starter\3.2.12\spring-boot-starter-3.2.12.jar
[DEBUG]  C:\Users\CMB\.m2\repository\org\springframework\boot\spring-boot\3.2.12\spring-boot-3.2.12.jar
[DEBUG]  C:\Users\CMB\.m2\repository\org\springframework\boot\spring-boot-autoconfigure\3.2.12\spring-boot-autoconfigure-3.2.12.jar
[DEBUG]  C:\Users\CMB\.m2\repository\org\springframework\boot\spring-boot-starter-logging\3.2.12\spring-boot-starter-logging-3.2.12.jar
[DEBUG]  C:\Users\CMB\.m2\repository\ch\qos\logback\logback-classic\1.4.14\logback-classic-1.4.14.jar
[DEBUG]  C:\Users\CMB\.m2\repository\ch\qos\logback\logback-core\1.4.14\logback-core-1.4.14.jar
[DEBUG]  C:\Users\CMB\.m2\repository\org\apache\logging\log4j\log4j-to-slf4j\2.21.1\log4j-to-slf4j-2.21.1.jar
[DEBUG]  C:\Users\CMB\.m2\repository\org\apache\logging\log4j\log4j-api\2.21.1\log4j-api-2.21.1.jar
[DEBUG]  C:\Users\CMB\.m2\repository\org\slf4j\jul-to-slf4j\2.0.16\jul-to-slf4j-2.0.16.jar
[DEBUG]  C:\Users\CMB\.m2\repository\jakarta\annotation\jakarta.annotation-api\2.1.1\jakarta.annotation-api-2.1.1.jar
[DEBUG]  C:\Users\CMB\.m2\repository\org\yaml\snakeyaml\2.2\snakeyaml-2.2.jar
[DEBUG]  C:\Users\CMB\.m2\repository\org\springframework\boot\spring-boot-starter-json\3.2.12\spring-boot-starter-json-3.2.12.jar
[DEBUG]  C:\Users\CMB\.m2\repository\com\fasterxml\jackson\core\jackson-databind\2.15.4\jackson-databind-2.15.4.jar
[DEBUG]  C:\Users\CMB\.m2\repository\com\fasterxml\jackson\core\jackson-annotations\2.15.4\jackson-annotations-2.15.4.jar
[DEBUG]  C:\Users\CMB\.m2\repository\com\fasterxml\jackson\core\jackson-core\2.15.4\jackson-core-2.15.4.jar
[DEBUG]  C:\Users\CMB\.m2\repository\com\fasterxml\jackson\datatype\jackson-datatype-jdk8\2.15.4\jackson-datatype-jdk8-2.15.4.jar
[DEBUG]  C:\Users\CMB\.m2\repository\com\fasterxml\jackson\datatype\jackson-datatype-jsr310\2.15.4\jackson-datatype-jsr310-2.15.4.jar
[DEBUG]  C:\Users\CMB\.m2\repository\com\fasterxml\jackson\module\jackson-module-parameter-names\2.15.4\jackson-module-parameter-names-2.15.4.jar
[DEBUG]  C:\Users\CMB\.m2\repository\org\springframework\boot\spring-boot-starter-tomcat\3.2.12\spring-boot-starter-tomcat-3.2.12.jar
[DEBUG]  C:\Users\CMB\.m2\repository\org\apache\tomcat\embed\tomcat-embed-core\10.1.33\tomcat-embed-core-10.1.33.jar
[DEBUG]  C:\Users\CMB\.m2\repository\org\apache\tomcat\embed\tomcat-embed-websocket\10.1.33\tomcat-embed-websocket-10.1.33.jar
[DEBUG]  C:\Users\CMB\.m2\repository\org\springframework\spring-web\6.1.15\spring-web-6.1.15.jar
[DEBUG]  C:\Users\CMB\.m2\repository\org\springframework\spring-beans\6.1.15\spring-beans-6.1.15.jar
[DEBUG]  C:\Users\CMB\.m2\repository\org\springframework\spring-webmvc\6.1.15\spring-webmvc-6.1.15.jar
[DEBUG]  C:\Users\CMB\.m2\repository\org\springframework\spring-context\6.1.15\spring-context-6.1.15.jar
[DEBUG]  C:\Users\CMB\.m2\repository\org\springframework\spring-expression\6.1.15\spring-expression-6.1.15.jar
[DEBUG]  C:\Users\CMB\.m2\repository\org\springframework\boot\spring-boot-starter-data-jpa\3.2.12\spring-boot-starter-data-jpa-3.2.12.jar
[DEBUG]  C:\Users\CMB\.m2\repository\org\springframework\boot\spring-boot-starter-aop\3.2.12\spring-boot-starter-aop-3.2.12.jar
[DEBUG]  C:\Users\CMB\.m2\repository\org\aspectj\aspectjweaver\1.9.22.1\aspectjweaver-1.9.22.1.jar
[DEBUG]  C:\Users\CMB\.m2\repository\org\springframework\boot\spring-boot-starter-jdbc\3.2.12\spring-boot-starter-jdbc-3.2.12.jar
[DEBUG]  C:\Users\CMB\.m2\repository\com\zaxxer\HikariCP\5.0.1\HikariCP-5.0.1.jar
[DEBUG]  C:\Users\CMB\.m2\repository\org\springframework\spring-jdbc\6.1.15\spring-jdbc-6.1.15.jar
[DEBUG]  C:\Users\CMB\.m2\repository\org\hibernate\orm\hibernate-core\6.4.10.Final\hibernate-core-6.4.10.Final.jar
[DEBUG]  C:\Users\CMB\.m2\repository\jakarta\persistence\jakarta.persistence-api\3.1.0\jakarta.persistence-api-3.1.0.jar
[DEBUG]  C:\Users\CMB\.m2\repository\jakarta\transaction\jakarta.transaction-api\2.0.1\jakarta.transaction-api-2.0.1.jar
[DEBUG]  C:\Users\CMB\.m2\repository\org\jboss\logging\jboss-logging\3.5.3.Final\jboss-logging-3.5.3.Final.jar
[DEBUG]  C:\Users\CMB\.m2\repository\com\fasterxml\classmate\1.6.0\classmate-1.6.0.jar
[DEBUG]  C:\Users\CMB\.m2\repository\org\antlr\antlr4-runtime\4.13.0\antlr4-runtime-4.13.0.jar
[DEBUG]  C:\Users\CMB\.m2\repository\org\springframework\data\spring-data-jpa\3.2.12\spring-data-jpa-3.2.12.jar
[DEBUG]  C:\Users\CMB\.m2\repository\org\springframework\data\spring-data-commons\3.2.12\spring-data-commons-3.2.12.jar
[DEBUG]  C:\Users\CMB\.m2\repository\org\springframework\spring-orm\6.1.15\spring-orm-6.1.15.jar
[DEBUG]  C:\Users\CMB\.m2\repository\org\springframework\spring-tx\6.1.15\spring-tx-6.1.15.jar
[DEBUG]  C:\Users\CMB\.m2\repository\org\slf4j\slf4j-api\2.0.16\slf4j-api-2.0.16.jar
[DEBUG]  C:\Users\CMB\.m2\repository\org\springframework\spring-aspects\6.1.15\spring-aspects-6.1.15.jar
[DEBUG]  C:\Users\CMB\.m2\repository\org\springframework\boot\spring-boot-starter-security\3.2.12\spring-boot-starter-security-3.2.12.jar
[DEBUG]  C:\Users\CMB\.m2\repository\org\springframework\spring-aop\6.1.15\spring-aop-6.1.15.jar
[DEBUG]  C:\Users\CMB\.m2\repository\org\springframework\security\spring-security-config\6.2.8\spring-security-config-6.2.8.jar
[DEBUG]  C:\Users\CMB\.m2\repository\org\springframework\security\spring-security-web\6.2.8\spring-security-web-6.2.8.jar
[DEBUG]  C:\Users\CMB\.m2\repository\org\springframework\boot\spring-boot-starter-validation\3.2.12\spring-boot-starter-validation-3.2.12.jar
[DEBUG]  C:\Users\CMB\.m2\repository\org\apache\tomcat\embed\tomcat-embed-el\10.1.33\tomcat-embed-el-10.1.33.jar
[DEBUG]  C:\Users\CMB\.m2\repository\org\hibernate\validator\hibernate-validator\8.0.1.Final\hibernate-validator-8.0.1.Final.jar
[DEBUG]  C:\Users\CMB\.m2\repository\jakarta\validation\jakarta.validation-api\3.0.2\jakarta.validation-api-3.0.2.jar
[DEBUG]  C:\Users\CMB\.m2\repository\org\projectlombok\lombok\1.18.30\lombok-1.18.30.jar
[DEBUG]  C:\Users\CMB\.m2\repository\commons-io\commons-io\2.15.1\commons-io-2.15.1.jar
[DEBUG]  C:\Users\CMB\.m2\repository\commons-fileupload\commons-fileupload\1.5\commons-fileupload-1.5.jar
[DEBUG]  C:\Users\CMB\.m2\repository\org\springframework\boot\spring-boot-starter-actuator\3.2.12\spring-boot-starter-actuator-3.2.12.jar
[DEBUG]  C:\Users\CMB\.m2\repository\org\springframework\boot\spring-boot-actuator-autoconfigure\3.2.12\spring-boot-actuator-autoconfigure-3.2.12.jar
[DEBUG]  C:\Users\CMB\.m2\repository\org\springframework\boot\spring-boot-actuator\3.2.12\spring-boot-actuator-3.2.12.jar
[DEBUG]  C:\Users\CMB\.m2\repository\io\micrometer\micrometer-observation\1.12.13\micrometer-observation-1.12.13.jar
[DEBUG]  C:\Users\CMB\.m2\repository\io\micrometer\micrometer-commons\1.12.13\micrometer-commons-1.12.13.jar
[DEBUG]  C:\Users\CMB\.m2\repository\io\micrometer\micrometer-jakarta9\1.12.13\micrometer-jakarta9-1.12.13.jar
[DEBUG]  C:\Users\CMB\.m2\repository\io\micrometer\micrometer-core\1.12.13\micrometer-core-1.12.13.jar
[DEBUG]  C:\Users\CMB\.m2\repository\org\springframework\spring-core\6.1.15\spring-core-6.1.15.jar
[DEBUG]  C:\Users\CMB\.m2\repository\org\springframework\spring-jcl\6.1.15\spring-jcl-6.1.15.jar
[DEBUG]  C:\Users\CMB\.m2\repository\org\springframework\security\spring-security-core\6.2.8\spring-security-core-6.2.8.jar
[DEBUG]  C:\Users\CMB\.m2\repository\org\springframework\security\spring-security-crypto\6.2.8\spring-security-crypto-6.2.8.jar
[DEBUG] Source roots:
[DEBUG]  C:\_Perfect8\Blog\image-service\src\main\java
[DEBUG]  C:\_Perfect8\Blog\image-service\target\generated-sources\annotations
[DEBUG] Command line options:
[DEBUG] -d C:\_Perfect8\Blog\image-service\target\classes -classpath C:\_Perfect8\Blog\image-service\target\classes;C:\Users\CMB\.m2\repository\org\springframework\boot\spring-boot-starter-web\3.2.12\spring-boot-starter-web-3.2.12.jar;C:\Users\CMB\.m2\repository\org\springframework\boot\spring-boot-starter\3.2.12\spring-boot-starter-3.2.12.jar;C:\Users\CMB\.m2\repository\org\springframework\boot\spring-boot\3.2.12\spring-boot-3.2.12.jar;C:\Users\CMB\.m2\repository\org\springframework\boot\spring-boot-autoconfigure\3.2.12\spring-boot-autoconfigure-3.2.12.jar;C:\Users\CMB\.m2\repository\org\springframework\boot\spring-boot-starter-logging\3.2.12\spring-boot-starter-logging-3.2.12.jar;C:\Users\CMB\.m2\repository\ch\qos\logback\logback-classic\1.4.14\logback-classic-1.4.14.jar;C:\Users\CMB\.m2\repository\ch\qos\logback\logback-core\1.4.14\logback-core-1.4.14.jar;C:\Users\CMB\.m2\repository\org\apache\logging\log4j\log4j-to-slf4j\2.21.1\log4j-to-slf4j-2.21.1.jar;C:\Users\CMB\.m2\repository\org\apache\logging\log4j\log4j-api\2.21.1\log4j-api-2.21.1.jar;C:\Users\CMB\.m2\repository\org\slf4j\jul-to-slf4j\2.0.16\jul-to-slf4j-2.0.16.jar;C:\Users\CMB\.m2\repository\jakarta\annotation\jakarta.annotation-api\2.1.1\jakarta.annotation-api-2.1.1.jar;C:\Users\CMB\.m2\repository\org\yaml\snakeyaml\2.2\snakeyaml-2.2.jar;C:\Users\CMB\.m2\repository\org\springframework\boot\spring-boot-starter-json\3.2.12\spring-boot-starter-json-3.2.12.jar;C:\Users\CMB\.m2\repository\com\fasterxml\jackson\core\jackson-databind\2.15.4\jackson-databind-2.15.4.jar;C:\Users\CMB\.m2\repository\com\fasterxml\jackson\core\jackson-annotations\2.15.4\jackson-annotations-2.15.4.jar;C:\Users\CMB\.m2\repository\com\fasterxml\jackson\core\jackson-core\2.15.4\jackson-core-2.15.4.jar;C:\Users\CMB\.m2\repository\com\fasterxml\jackson\datatype\jackson-datatype-jdk8\2.15.4\jackson-datatype-jdk8-2.15.4.jar;C:\Users\CMB\.m2\repository\com\fasterxml\jackson\datatype\jackson-datatype-jsr310\2.15.4\jackson-datatype-jsr310-2.15.4.jar;C:\Users\CMB\.m2\repository\com\fasterxml\jackson\module\jackson-module-parameter-names\2.15.4\jackson-module-parameter-names-2.15.4.jar;C:\Users\CMB\.m2\repository\org\springframework\boot\spring-boot-starter-tomcat\3.2.12\spring-boot-starter-tomcat-3.2.12.jar;C:\Users\CMB\.m2\repository\org\apache\tomcat\embed\tomcat-embed-core\10.1.33\tomcat-embed-core-10.1.33.jar;C:\Users\CMB\.m2\repository\org\apache\tomcat\embed\tomcat-embed-websocket\10.1.33\tomcat-embed-websocket-10.1.33.jar;C:\Users\CMB\.m2\repository\org\springframework\spring-web\6.1.15\spring-web-6.1.15.jar;C:\Users\CMB\.m2\repository\org\springframework\spring-beans\6.1.15\spring-beans-6.1.15.jar;C:\Users\CMB\.m2\repository\org\springframework\spring-webmvc\6.1.15\spring-webmvc-6.1.15.jar;C:\Users\CMB\.m2\repository\org\springframework\spring-context\6.1.15\spring-context-6.1.15.jar;C:\Users\CMB\.m2\repository\org\springframework\spring-expression\6.1.15\spring-expression-6.1.15.jar;C:\Users\CMB\.m2\repository\org\springframework\boot\spring-boot-starter-data-jpa\3.2.12\spring-boot-starter-data-jpa-3.2.12.jar;C:\Users\CMB\.m2\repository\org\springframework\boot\spring-boot-starter-aop\3.2.12\spring-boot-starter-aop-3.2.12.jar;C:\Users\CMB\.m2\repository\org\aspectj\aspectjweaver\1.9.22.1\aspectjweaver-1.9.22.1.jar;C:\Users\CMB\.m2\repository\org\springframework\boot\spring-boot-starter-jdbc\3.2.12\spring-boot-starter-jdbc-3.2.12.jar;C:\Users\CMB\.m2\repository\com\zaxxer\HikariCP\5.0.1\HikariCP-5.0.1.jar;C:\Users\CMB\.m2\repository\org\springframework\spring-jdbc\6.1.15\spring-jdbc-6.1.15.jar;C:\Users\CMB\.m2\repository\org\hibernate\orm\hibernate-core\6.4.10.Final\hibernate-core-6.4.10.Final.jar;C:\Users\CMB\.m2\repository\jakarta\persistence\jakarta.persistence-api\3.1.0\jakarta.persistence-api-3.1.0.jar;C:\Users\CMB\.m2\repository\jakarta\transaction\jakarta.transaction-api\2.0.1\jakarta.transaction-api-2.0.1.jar;C:\Users\CMB\.m2\repository\org\jboss\logging\jboss-logging\3.5.3.Final\jboss-logging-3.5.3.Final.jar;C:\Users\CMB\.m2\repository\com\fasterxml\classmate\1.6.0\classmate-1.6.0.jar;C:\Users\CMB\.m2\repository\org\antlr\antlr4-runtime\4.13.0\antlr4-runtime-4.13.0.jar;C:\Users\CMB\.m2\repository\org\springframework\data\spring-data-jpa\3.2.12\spring-data-jpa-3.2.12.jar;C:\Users\CMB\.m2\repository\org\springframework\data\spring-data-commons\3.2.12\spring-data-commons-3.2.12.jar;C:\Users\CMB\.m2\repository\org\springframework\spring-orm\6.1.15\spring-orm-6.1.15.jar;C:\Users\CMB\.m2\repository\org\springframework\spring-tx\6.1.15\spring-tx-6.1.15.jar;C:\Users\CMB\.m2\repository\org\slf4j\slf4j-api\2.0.16\slf4j-api-2.0.16.jar;C:\Users\CMB\.m2\repository\org\springframework\spring-aspects\6.1.15\spring-aspects-6.1.15.jar;C:\Users\CMB\.m2\repository\org\springframework\boot\spring-boot-starter-security\3.2.12\spring-boot-starter-security-3.2.12.jar;C:\Users\CMB\.m2\repository\org\springframework\spring-aop\6.1.15\spring-aop-6.1.15.jar;C:\Users\CMB\.m2\repository\org\springframework\security\spring-security-config\6.2.8\spring-security-config-6.2.8.jar;C:\Users\CMB\.m2\repository\org\springframework\security\spring-security-web\6.2.8\spring-security-web-6.2.8.jar;C:\Users\CMB\.m2\repository\org\springframework\boot\spring-boot-starter-validation\3.2.12\spring-boot-starter-validation-3.2.12.jar;C:\Users\CMB\.m2\repository\org\apache\tomcat\embed\tomcat-embed-el\10.1.33\tomcat-embed-el-10.1.33.jar;C:\Users\CMB\.m2\repository\org\hibernate\validator\hibernate-validator\8.0.1.Final\hibernate-validator-8.0.1.Final.jar;C:\Users\CMB\.m2\repository\jakarta\validation\jakarta.validation-api\3.0.2\jakarta.validation-api-3.0.2.jar;C:\Users\CMB\.m2\repository\org\projectlombok\lombok\1.18.30\lombok-1.18.30.jar;C:\Users\CMB\.m2\repository\commons-io\commons-io\2.15.1\commons-io-2.15.1.jar;C:\Users\CMB\.m2\repository\commons-fileupload\commons-fileupload\1.5\commons-fileupload-1.5.jar;C:\Users\CMB\.m2\repository\org\springframework\boot\spring-boot-starter-actuator\3.2.12\spring-boot-starter-actuator-3.2.12.jar;C:\Users\CMB\.m2\repository\org\springframework\boot\spring-boot-actuator-autoconfigure\3.2.12\spring-boot-actuator-autoconfigure-3.2.12.jar;C:\Users\CMB\.m2\repository\org\springframework\boot\spring-boot-actuator\3.2.12\spring-boot-actuator-3.2.12.jar;C:\Users\CMB\.m2\repository\io\micrometer\micrometer-observation\1.12.13\micrometer-observation-1.12.13.jar;C:\Users\CMB\.m2\repository\io\micrometer\micrometer-commons\1.12.13\micrometer-commons-1.12.13.jar;C:\Users\CMB\.m2\repository\io\micrometer\micrometer-jakarta9\1.12.13\micrometer-jakarta9-1.12.13.jar;C:\Users\CMB\.m2\repository\io\micrometer\micrometer-core\1.12.13\micrometer-core-1.12.13.jar;C:\Users\CMB\.m2\repository\org\springframework\spring-core\6.1.15\spring-core-6.1.15.jar;C:\Users\CMB\.m2\repository\org\springframework\spring-jcl\6.1.15\spring-jcl-6.1.15.jar;C:\Users\CMB\.m2\repository\org\springframework\security\spring-security-core\6.2.8\spring-security-core-6.2.8.jar;C:\Users\CMB\.m2\repository\org\springframework\security\spring-security-crypto\6.2.8\spring-security-crypto-6.2.8.jar; -sourcepath C:\_Perfect8\Blog\image-service\src\main\java;C:\_Perfect8\Blog\image-service\target\generated-sources\annotations; -s C:\_Perfect8\Blog\image-service\target\generated-sources\annotations -processorpath C:\Users\CMB\.m2\repository\org\projectlombok\lombok\1.18.30\lombok-1.18.30.jar; -g -parameters --release 17 -encoding UTF-8
[DEBUG] incrementalBuildHelper#beforeRebuildExecution
[INFO] Compiling 10 source files with javac [debug release 17] to target\classes
[DEBUG] incrementalBuildHelper#afterRebuildExecution
[INFO] 
[INFO] ---------------------< com.perfect8:shop-service >----------------------
[INFO] Building Shop Service 1.0.0                                        [4/6]
[INFO]   from shop-service\pom.xml
[INFO] --------------------------------[ jar ]---------------------------------
[DEBUG] Lifecycle clean -> [pre-clean, clean, post-clean]
[DEBUG] Lifecycle default -> [validate, initialize, generate-sources, process-sources, generate-resources, process-resources, compile, process-classes, generate-test-sources, process-test-sources, generate-test-resources, process-test-resources, test-compile, process-test-classes, test, prepare-package, package, pre-integration-test, integration-test, post-integration-test, verify, install, deploy]
[DEBUG] Lifecycle site -> [pre-site, site, post-site, site-deploy]
[DEBUG] Lifecycle clean -> [pre-clean, clean, post-clean]
[DEBUG] Lifecycle default -> [validate, initialize, generate-sources, process-sources, generate-resources, process-resources, compile, process-classes, generate-test-sources, process-test-sources, generate-test-resources, process-test-resources, test-compile, process-test-classes, test, prepare-package, package, pre-integration-test, integration-test, post-integration-test, verify, install, deploy]
[DEBUG] Lifecycle site -> [pre-site, site, post-site, site-deploy]
[DEBUG] Lifecycle clean -> [pre-clean, clean, post-clean]
[DEBUG] Lifecycle default -> [validate, initialize, generate-sources, process-sources, generate-resources, process-resources, compile, process-classes, generate-test-sources, process-test-sources, generate-test-resources, process-test-resources, test-compile, process-test-classes, test, prepare-package, package, pre-integration-test, integration-test, post-integration-test, verify, install, deploy]
[DEBUG] Lifecycle site -> [pre-site, site, post-site, site-deploy]
[DEBUG] Lifecycle clean -> [pre-clean, clean, post-clean]
[DEBUG] Lifecycle default -> [validate, initialize, generate-sources, process-sources, generate-resources, process-resources, compile, process-classes, generate-test-sources, process-test-sources, generate-test-resources, process-test-resources, test-compile, process-test-classes, test, prepare-package, package, pre-integration-test, integration-test, post-integration-test, verify, install, deploy]
[DEBUG] Lifecycle site -> [pre-site, site, post-site, site-deploy]
[DEBUG] Lifecycle clean -> [pre-clean, clean, post-clean]
[DEBUG] Lifecycle default -> [validate, initialize, generate-sources, process-sources, generate-resources, process-resources, compile, process-classes, generate-test-sources, process-test-sources, generate-test-resources, process-test-resources, test-compile, process-test-classes, test, prepare-package, package, pre-integration-test, integration-test, post-integration-test, verify, install, deploy]
[DEBUG] Lifecycle site -> [pre-site, site, post-site, site-deploy]
[DEBUG] === PROJECT BUILD PLAN ================================================
[DEBUG] Project:       com.perfect8:shop-service:1.0.0
[DEBUG] Dependencies (collect): []
[DEBUG] Dependencies (resolve): [compile]
[DEBUG] Repositories (dependencies): [central (https://repo.maven.apache.org/maven2, default, releases)]
[DEBUG] Repositories (plugins)     : [central (https://repo.maven.apache.org/maven2, default, releases)]
[DEBUG] -----------------------------------------------------------------------
[DEBUG] Goal:          org.apache.maven.plugins:maven-clean-plugin:3.3.2:clean (default-clean)
[DEBUG] Style:         Regular
[DEBUG] Configuration: <?xml version="1.0" encoding="UTF-8"?>
<configuration>
  <directory default-value="${project.build.directory}"/>
  <excludeDefaultDirectories default-value="false">${maven.clean.excludeDefaultDirectories}</excludeDefaultDirectories>
  <failOnError default-value="true">${maven.clean.failOnError}</failOnError>
  <fast default-value="false">${maven.clean.fast}</fast>
  <fastDir>${maven.clean.fastDir}</fastDir>
  <fastMode default-value="background">${maven.clean.fastMode}</fastMode>
  <followSymLinks default-value="false">${maven.clean.followSymLinks}</followSymLinks>
  <outputDirectory default-value="${project.build.outputDirectory}"/>
  <reportDirectory default-value="${project.build.outputDirectory}"/>
  <retryOnError default-value="true">${maven.clean.retryOnError}</retryOnError>
  <session default-value="${session}"/>
  <skip default-value="false">${maven.clean.skip}</skip>
  <testOutputDirectory default-value="${project.build.testOutputDirectory}"/>
  <verbose>${maven.clean.verbose}</verbose>
</configuration>
[DEBUG] -----------------------------------------------------------------------
[DEBUG] Goal:          org.apache.maven.plugins:maven-resources-plugin:3.3.1:resources (default-resources)
[DEBUG] Style:         Regular
[DEBUG] Configuration: <?xml version="1.0" encoding="UTF-8"?>
<configuration>
  <addDefaultExcludes default-value="true"/>
  <buildFilters default-value="${project.build.filters}"/>
  <delimiters>
    <delimiter>@</delimiter>
  </delimiters>
  <encoding default-value="${project.build.sourceEncoding}"/>
  <escapeWindowsPaths default-value="true"/>
  <fileNameFiltering default-value="false"/>
  <includeEmptyDirs default-value="false"/>
  <outputDirectory default-value="${project.build.outputDirectory}"/>
  <overwrite default-value="false"/>
  <project default-value="${project}"/>
  <propertiesEncoding>UTF-8</propertiesEncoding>
  <resources default-value="${project.resources}"/>
  <session default-value="${session}"/>
  <skip default-value="false">${maven.resources.skip}</skip>
  <supportMultiLineFiltering default-value="false"/>
  <useBuildFilters default-value="true"/>
  <useDefaultDelimiters default-value="true">false</useDefaultDelimiters>
</configuration>
[DEBUG] -----------------------------------------------------------------------
[DEBUG] Goal:          org.apache.maven.plugins:maven-compiler-plugin:3.11.0:compile (default-compile)
[DEBUG] Style:         Regular
[DEBUG] Configuration: <?xml version="1.0" encoding="UTF-8"?>
<configuration>
  <annotationProcessorPaths>
    <path>
      <groupId>org.projectlombok</groupId>
      <artifactId>lombok</artifactId>
      <version>1.18.30</version>
    </path>
  </annotationProcessorPaths>
  <basedir default-value="${basedir}"/>
  <buildDirectory default-value="${project.build.directory}"/>
  <compilePath default-value="${project.compileClasspathElements}"/>
  <compileSourceRoots default-value="${project.compileSourceRoots}"/>
  <compilerId default-value="javac">${maven.compiler.compilerId}</compilerId>
  <compilerReuseStrategy default-value="${reuseCreated}">${maven.compiler.compilerReuseStrategy}</compilerReuseStrategy>
  <compilerVersion>${maven.compiler.compilerVersion}</compilerVersion>
  <createMissingPackageInfoClass default-value="true">${maven.compiler.createMissingPackageInfoClass}</createMissingPackageInfoClass>
  <debug default-value="true">${maven.compiler.debug}</debug>
  <debugFileName default-value="javac"/>
  <debuglevel>${maven.compiler.debuglevel}</debuglevel>
  <enablePreview default-value="false">${maven.compiler.enablePreview}</enablePreview>
  <encoding default-value="${project.build.sourceEncoding}">${encoding}</encoding>
  <executable>${maven.compiler.executable}</executable>
  <failOnError default-value="true">${maven.compiler.failOnError}</failOnError>
  <failOnWarning default-value="false">${maven.compiler.failOnWarning}</failOnWarning>
  <forceJavacCompilerUse default-value="false">${maven.compiler.forceJavacCompilerUse}</forceJavacCompilerUse>
  <fork default-value="false">${maven.compiler.fork}</fork>
  <generatedSourcesDirectory default-value="${project.build.directory}/generated-sources/annotations"/>
  <implicit>${maven.compiler.implicit}</implicit>
  <maxmem>${maven.compiler.maxmem}</maxmem>
  <meminitial>${maven.compiler.meminitial}</meminitial>
  <mojoExecution default-value="${mojoExecution}"/>
  <optimize default-value="false">${maven.compiler.optimize}</optimize>
  <outputDirectory default-value="${project.build.outputDirectory}"/>
  <parameters default-value="false">true</parameters>
  <project default-value="${project}"/>
  <projectArtifact default-value="${project.artifact}"/>
  <release>${maven.compiler.release}</release>
  <session default-value="${session}"/>
  <showCompilationChanges default-value="false">${maven.compiler.showCompilationChanges}</showCompilationChanges>
  <showDeprecation default-value="false">${maven.compiler.showDeprecation}</showDeprecation>
  <showWarnings default-value="true">${maven.compiler.showWarnings}</showWarnings>
  <skipMain>${maven.main.skip}</skipMain>
  <skipMultiThreadWarning default-value="false">${maven.compiler.skipMultiThreadWarning}</skipMultiThreadWarning>
  <source default-value="1.8">17</source>
  <staleMillis default-value="0">${lastModGranularityMs}</staleMillis>
  <target default-value="1.8">17</target>
  <useIncrementalCompilation default-value="true">${maven.compiler.useIncrementalCompilation}</useIncrementalCompilation>
  <verbose default-value="false">${maven.compiler.verbose}</verbose>
</configuration>
[DEBUG] =======================================================================
[DEBUG] Dependency collection stats {ConflictMarker.analyzeTime=225500, ConflictMarker.markTime=95900, ConflictMarker.nodeCount=261, ConflictIdSorter.graphTime=61100, ConflictIdSorter.topsortTime=107800, ConflictIdSorter.conflictIdCount=121, ConflictIdSorter.conflictIdCycleCount=0, ConflictResolver.totalTime=1830900, ConflictResolver.conflictItemCount=248, DfDependencyCollector.collectTime=23489700, DfDependencyCollector.transformTime=2402400}
[WARNING] The artifact mysql:mysql-connector-java:jar:8.0.33 has been relocated to com.mysql:mysql-connector-j:jar:8.0.33: MySQL Connector/J artifacts moved to reverse-DNS compliant Maven 2+ coordinates.
[DEBUG] com.perfect8:shop-service:jar:1.0.0
[DEBUG]    org.springframework.boot:spring-boot-starter-web:jar:3.2.12:compile
[DEBUG]       org.springframework.boot:spring-boot-starter:jar:3.2.12:compile (version managed from 3.2.12)
[DEBUG]          org.springframework.boot:spring-boot:jar:3.2.12:compile (version managed from 3.2.12)
[DEBUG]          org.springframework.boot:spring-boot-autoconfigure:jar:3.2.12:compile (version managed from 3.2.12)
[DEBUG]          org.springframework.boot:spring-boot-starter-logging:jar:3.2.12:compile (version managed from 3.2.12)
[DEBUG]             ch.qos.logback:logback-classic:jar:1.4.14:compile (version managed from 1.4.14)
[DEBUG]                ch.qos.logback:logback-core:jar:1.4.14:compile (version managed from 1.4.14)
[DEBUG]             org.apache.logging.log4j:log4j-to-slf4j:jar:2.21.1:compile (version managed from 2.21.1)
[DEBUG]                org.apache.logging.log4j:log4j-api:jar:2.21.1:compile (version managed from 2.21.1)
[DEBUG]             org.slf4j:jul-to-slf4j:jar:2.0.16:compile (version managed from 2.0.16)
[DEBUG]          jakarta.annotation:jakarta.annotation-api:jar:2.1.1:compile (version managed from 2.1.1)
[DEBUG]          org.yaml:snakeyaml:jar:2.2:compile (version managed from 2.2)
[DEBUG]       org.springframework.boot:spring-boot-starter-json:jar:3.2.12:compile (version managed from 3.2.12)
[DEBUG]          com.fasterxml.jackson.datatype:jackson-datatype-jdk8:jar:2.15.4:compile (version managed from 2.15.4)
[DEBUG]          com.fasterxml.jackson.datatype:jackson-datatype-jsr310:jar:2.15.4:compile (version managed from 2.15.4)
[DEBUG]          com.fasterxml.jackson.module:jackson-module-parameter-names:jar:2.15.4:compile (version managed from 2.15.4)
[DEBUG]       org.springframework.boot:spring-boot-starter-tomcat:jar:3.2.12:compile (version managed from 3.2.12)
[DEBUG]          org.apache.tomcat.embed:tomcat-embed-core:jar:10.1.33:compile (version managed from 10.1.33)
[DEBUG]          org.apache.tomcat.embed:tomcat-embed-websocket:jar:10.1.33:compile (version managed from 10.1.33)
[DEBUG]       org.springframework:spring-web:jar:6.1.15:compile (version managed from 6.1.15)
[DEBUG]          org.springframework:spring-beans:jar:6.1.15:compile (version managed from 6.1.15)
[DEBUG]          io.micrometer:micrometer-observation:jar:1.12.13:compile (version managed from 1.12.12)
[DEBUG]             io.micrometer:micrometer-commons:jar:1.12.13:compile (version managed from 1.12.13)
[DEBUG]       org.springframework:spring-webmvc:jar:6.1.15:compile (version managed from 6.1.15)
[DEBUG]          org.springframework:spring-context:jar:6.1.15:compile (version managed from 6.1.15)
[DEBUG]          org.springframework:spring-expression:jar:6.1.15:compile (version managed from 6.1.15)
[DEBUG]    org.springframework.boot:spring-boot-starter-data-jpa:jar:3.2.12:compile
[DEBUG]       org.springframework.boot:spring-boot-starter-aop:jar:3.2.12:compile (version managed from 3.2.12)
[DEBUG]          org.aspectj:aspectjweaver:jar:1.9.22.1:compile (version managed from 1.9.22.1)
[DEBUG]       org.springframework.boot:spring-boot-starter-jdbc:jar:3.2.12:compile (version managed from 3.2.12)
[DEBUG]          com.zaxxer:HikariCP:jar:5.0.1:compile (version managed from 5.0.1)
[DEBUG]          org.springframework:spring-jdbc:jar:6.1.15:compile (version managed from 6.1.15)
[DEBUG]       org.hibernate.orm:hibernate-core:jar:6.4.10.Final:compile (version managed from 6.4.10.Final)
[DEBUG]          jakarta.persistence:jakarta.persistence-api:jar:3.1.0:compile (version managed from 3.1.0)
[DEBUG]          jakarta.transaction:jakarta.transaction-api:jar:2.0.1:compile (version managed from 2.0.1)
[DEBUG]          org.jboss.logging:jboss-logging:jar:3.5.3.Final:compile (version managed from 3.5.0.Final)
[DEBUG]          org.hibernate.common:hibernate-commons-annotations:jar:6.0.6.Final:runtime
[DEBUG]          io.smallrye:jandex:jar:3.1.2:runtime
[DEBUG]          com.fasterxml:classmate:jar:1.6.0:compile (version managed from 1.5.1)
[DEBUG]          net.bytebuddy:byte-buddy:jar:1.14.19:runtime (version managed from 1.14.11)
[DEBUG]          org.glassfish.jaxb:jaxb-runtime:jar:4.0.5:runtime (version managed from 4.0.2)
[DEBUG]             org.glassfish.jaxb:jaxb-core:jar:4.0.5:runtime (version managed from 4.0.5)
[DEBUG]                org.glassfish.jaxb:txw2:jar:4.0.5:runtime (version managed from 4.0.5)
[DEBUG]                com.sun.istack:istack-commons-runtime:jar:4.1.2:runtime (version managed from 4.1.2)
[DEBUG]          jakarta.inject:jakarta.inject-api:jar:2.0.1:runtime
[DEBUG]          org.antlr:antlr4-runtime:jar:4.13.0:compile
[DEBUG]       org.springframework.data:spring-data-jpa:jar:3.2.12:compile (version managed from 3.2.12)
[DEBUG]          org.springframework.data:spring-data-commons:jar:3.2.12:compile (version managed from 3.2.12)
[DEBUG]          org.springframework:spring-orm:jar:6.1.15:compile (version managed from 6.1.15)
[DEBUG]          org.springframework:spring-tx:jar:6.1.15:compile (version managed from 6.1.15)
[DEBUG]          org.slf4j:slf4j-api:jar:2.0.16:compile (version managed from 2.0.2)
[DEBUG]       org.springframework:spring-aspects:jar:6.1.15:compile (version managed from 6.1.15)
[DEBUG]    org.springframework.boot:spring-boot-starter-security:jar:3.2.12:compile
[DEBUG]       org.springframework:spring-aop:jar:6.1.15:compile (version managed from 6.1.15)
[DEBUG]       org.springframework.security:spring-security-config:jar:6.2.8:compile (version managed from 6.2.8)
[DEBUG]       org.springframework.security:spring-security-web:jar:6.2.8:compile (version managed from 6.2.8)
[DEBUG]    org.springframework.boot:spring-boot-starter-validation:jar:3.2.12:compile
[DEBUG]       org.apache.tomcat.embed:tomcat-embed-el:jar:10.1.33:compile (version managed from 10.1.33)
[DEBUG]       org.hibernate.validator:hibernate-validator:jar:8.0.1.Final:compile (version managed from 8.0.1.Final)
[DEBUG]          jakarta.validation:jakarta.validation-api:jar:3.0.2:compile (version managed from 3.0.2)
[DEBUG]    com.mysql:mysql-connector-j:jar:8.0.33:runtime (exclusions managed from [])
[DEBUG]    org.projectlombok:lombok:jar:1.18.30:provided
[DEBUG]    io.jsonwebtoken:jjwt-api:jar:0.12.3:compile
[DEBUG]    io.jsonwebtoken:jjwt-impl:jar:0.12.3:runtime
[DEBUG]    io.jsonwebtoken:jjwt-jackson:jar:0.12.3:runtime
[DEBUG]       com.fasterxml.jackson.core:jackson-databind:jar:2.15.4:compile (version managed from 2.12.7.1)
[DEBUG]          com.fasterxml.jackson.core:jackson-annotations:jar:2.15.4:compile (version managed from 2.15.4)
[DEBUG]          com.fasterxml.jackson.core:jackson-core:jar:2.15.4:compile (version managed from 2.15.4)
[DEBUG]    org.springframework.cloud:spring-cloud-starter-openfeign:jar:4.1.0:compile
[DEBUG]       org.springframework.cloud:spring-cloud-starter:jar:4.1.4:compile (version managed from 4.1.0)
[DEBUG]          org.springframework.cloud:spring-cloud-context:jar:4.1.4:compile (version managed from 4.1.4)
[DEBUG]          org.springframework.security:spring-security-rsa:jar:1.1.3:compile (version managed from 1.1.3) (exclusions managed from [org.springframework:spring-core:*:*, org.springframework.security:spring-security-crypto:*:*])
[DEBUG]             org.bouncycastle:bcprov-jdk18on:jar:1.78:compile
[DEBUG]       org.springframework.cloud:spring-cloud-openfeign-core:jar:4.1.3:compile (version managed from 4.1.0)
[DEBUG]          io.github.openfeign.form:feign-form-spring:jar:3.8.0:compile (version managed from 3.8.0) (exclusions managed from [commons-io:commons-io:*:*, commons-fileupload:commons-fileupload:*:*])
[DEBUG]             io.github.openfeign.form:feign-form:jar:3.8.0:compile
[DEBUG]          commons-fileupload:commons-fileupload:jar:1.5:compile (version managed from 1.5)
[DEBUG]             commons-io:commons-io:jar:2.11.0:compile
[DEBUG]       org.springframework.cloud:spring-cloud-commons:jar:4.1.4:compile (version managed from 4.1.0)
[DEBUG]          org.springframework.security:spring-security-crypto:jar:6.2.8:compile (version managed from 6.2.5)
[DEBUG]       io.github.openfeign:feign-core:jar:13.3:compile (version managed from 13.1)
[DEBUG]       io.github.openfeign:feign-slf4j:jar:13.3:compile (version managed from 13.1)
[DEBUG]    com.paypal.sdk:checkout-sdk:jar:2.0.0:compile
[DEBUG]       com.paypal:paypalhttp:jar:2.0.0:compile
[DEBUG]          com.google.code.gson:gson:jar:2.10.1:runtime (version managed from 2.9.0)
[DEBUG]    org.springframework.boot:spring-boot-starter-mail:jar:3.2.12:compile
[DEBUG]       org.springframework:spring-context-support:jar:6.1.15:compile (version managed from 6.1.15)
[DEBUG]       org.eclipse.angus:jakarta.mail:jar:2.0.3:compile (version managed from 2.0.3)
[DEBUG]          jakarta.activation:jakarta.activation-api:jar:2.1.3:compile (version managed from 2.1.3)
[DEBUG]          org.eclipse.angus:angus-activation:jar:2.0.2:runtime (version managed from 2.0.2)
[DEBUG]    org.springframework.boot:spring-boot-starter-test:jar:3.2.12:test
[DEBUG]       org.springframework.boot:spring-boot-test:jar:3.2.12:test (version managed from 3.2.12)
[DEBUG]       org.springframework.boot:spring-boot-test-autoconfigure:jar:3.2.12:test (version managed from 3.2.12)
[DEBUG]       com.jayway.jsonpath:json-path:jar:2.9.0:test (version managed from 2.9.0)
[DEBUG]       jakarta.xml.bind:jakarta.xml.bind-api:jar:4.0.2:runtime (version managed from 4.0.2)
[DEBUG]       net.minidev:json-smart:jar:2.5.1:test (version managed from 2.5.1)
[DEBUG]          net.minidev:accessors-smart:jar:2.5.1:test
[DEBUG]             org.ow2.asm:asm:jar:9.6:test
[DEBUG]       org.assertj:assertj-core:jar:3.24.2:test (version managed from 3.24.2)
[DEBUG]       org.awaitility:awaitility:jar:4.2.2:test (version managed from 4.2.2)
[DEBUG]       org.hamcrest:hamcrest:jar:2.2:test (version managed from 2.2)
[DEBUG]       org.junit.jupiter:junit-jupiter:jar:5.10.5:test (version managed from 5.10.5)
[DEBUG]          org.junit.jupiter:junit-jupiter-api:jar:5.10.5:test (version managed from 5.10.5)
[DEBUG]             org.opentest4j:opentest4j:jar:1.3.0:test
[DEBUG]             org.junit.platform:junit-platform-commons:jar:1.10.5:test (version managed from 1.10.5)
[DEBUG]             org.apiguardian:apiguardian-api:jar:1.1.2:test
[DEBUG]          org.junit.jupiter:junit-jupiter-params:jar:5.10.5:test (version managed from 5.10.5)
[DEBUG]          org.junit.jupiter:junit-jupiter-engine:jar:5.10.5:test (version managed from 5.10.5)
[DEBUG]             org.junit.platform:junit-platform-engine:jar:1.10.5:test (version managed from 1.10.5)
[DEBUG]       org.mockito:mockito-core:jar:5.7.0:test (version managed from 5.7.0)
[DEBUG]          net.bytebuddy:byte-buddy-agent:jar:1.14.19:test (version managed from 1.14.9)
[DEBUG]          org.objenesis:objenesis:jar:3.3:test
[DEBUG]       org.mockito:mockito-junit-jupiter:jar:5.7.0:test (version managed from 5.7.0)
[DEBUG]       org.skyscreamer:jsonassert:jar:1.5.3:test (version managed from 1.5.3)
[DEBUG]          com.vaadin.external.google:android-json:jar:0.0.20131108.vaadin1:test
[DEBUG]       org.springframework:spring-core:jar:6.1.15:compile (version managed from 6.1.15)
[DEBUG]          org.springframework:spring-jcl:jar:6.1.15:compile (version managed from 6.1.15)
[DEBUG]       org.springframework:spring-test:jar:6.1.15:test (version managed from 6.1.15)
[DEBUG]       org.xmlunit:xmlunit-core:jar:2.9.1:test (version managed from 2.9.1)
[DEBUG]    org.springframework.security:spring-security-test:jar:6.2.8:test
[DEBUG]       org.springframework.security:spring-security-core:jar:6.2.8:compile (version managed from 6.2.8)
[INFO] 
[INFO] --- clean:3.3.2:clean (default-clean) @ shop-service ---
[DEBUG] Loading mojo org.apache.maven.plugins:maven-clean-plugin:3.3.2:clean from plugin realm ClassRealm[plugin>org.apache.maven.plugins:maven-clean-plugin:3.3.2, parent: jdk.internal.loader.ClassLoaders$AppClassLoader@33909752]
[DEBUG] Configuring mojo execution 'org.apache.maven.plugins:maven-clean-plugin:3.3.2:clean:default-clean' with basic configurator -->
[DEBUG]   (f) directory = C:\_Perfect8\Blog\shop-service\target
[DEBUG]   (f) excludeDefaultDirectories = false
[DEBUG]   (f) failOnError = true
[DEBUG]   (f) fast = false
[DEBUG]   (f) fastMode = background
[DEBUG]   (f) followSymLinks = false
[DEBUG]   (f) outputDirectory = C:\_Perfect8\Blog\shop-service\target\classes
[DEBUG]   (f) reportDirectory = C:\_Perfect8\Blog\shop-service\target\classes
[DEBUG]   (f) retryOnError = true
[DEBUG]   (f) session = org.apache.maven.execution.MavenSession@6b8280e6
[DEBUG]   (f) skip = false
[DEBUG]   (f) testOutputDirectory = C:\_Perfect8\Blog\shop-service\target\test-classes
[DEBUG] -- end configuration --
[INFO] Deleting C:\_Perfect8\Blog\shop-service\target
[INFO] Deleting file C:\_Perfect8\Blog\shop-service\target\maven-status\maven-compiler-plugin\compile\default-compile\inputFiles.lst
[INFO] Deleting file C:\_Perfect8\Blog\shop-service\target\maven-status\maven-compiler-plugin\compile\default-compile\createdFiles.lst
[INFO] Deleting directory C:\_Perfect8\Blog\shop-service\target\maven-status\maven-compiler-plugin\compile\default-compile
[INFO] Deleting directory C:\_Perfect8\Blog\shop-service\target\maven-status\maven-compiler-plugin\compile
[INFO] Deleting directory C:\_Perfect8\Blog\shop-service\target\maven-status\maven-compiler-plugin
[INFO] Deleting directory C:\_Perfect8\Blog\shop-service\target\maven-status
[INFO] Deleting directory C:\_Perfect8\Blog\shop-service\target\generated-sources\annotations
[INFO] Deleting directory C:\_Perfect8\Blog\shop-service\target\generated-sources
[INFO] Deleting file C:\_Perfect8\Blog\shop-service\target\classes\data.sql (optional)
[INFO] Deleting file C:\_Perfect8\Blog\shop-service\target\classes\com\perfect8\shop\service\CartService.class
[INFO] Deleting directory C:\_Perfect8\Blog\shop-service\target\classes\com\perfect8\shop\service
[INFO] Deleting file C:\_Perfect8\Blog\shop-service\target\classes\com\perfect8\shop\repository\ProductRepository.class
[INFO] Deleting file C:\_Perfect8\Blog\shop-service\target\classes\com\perfect8\shop\repository\CustomerRepository.class
[INFO] Deleting file C:\_Perfect8\Blog\shop-service\target\classes\com\perfect8\shop\repository\CartRepository.class
[INFO] Deleting file C:\_Perfect8\Blog\shop-service\target\classes\com\perfect8\shop\repository\CartItemRepository.class
[INFO] Deleting directory C:\_Perfect8\Blog\shop-service\target\classes\com\perfect8\shop\repository
[INFO] Deleting file C:\_Perfect8\Blog\shop-service\target\classes\com\perfect8\shop\model\ShippingMethod.class
[INFO] Deleting file C:\_Perfect8\Blog\shop-service\target\classes\com\perfect8\shop\model\ShipmentStatus.class
[INFO] Deleting file C:\_Perfect8\Blog\shop-service\target\classes\com\perfect8\shop\model\Shipment.class
[INFO] Deleting file C:\_Perfect8\Blog\shop-service\target\classes\com\perfect8\shop\model\Shipment$1.class
[INFO] Deleting file C:\_Perfect8\Blog\shop-service\target\classes\com\perfect8\shop\model\Product.class
[INFO] Deleting file C:\_Perfect8\Blog\shop-service\target\classes\com\perfect8\shop\model\PaymentStatus.class
[INFO] Deleting file C:\_Perfect8\Blog\shop-service\target\classes\com\perfect8\shop\model\PaymentMethod.class
[INFO] Deleting file C:\_Perfect8\Blog\shop-service\target\classes\com\perfect8\shop\model\Payment.class
[INFO] Deleting file C:\_Perfect8\Blog\shop-service\target\classes\com\perfect8\shop\model\Payment$1.class
[INFO] Deleting file C:\_Perfect8\Blog\shop-service\target\classes\com\perfect8\shop\model\OrderStatus.class
[INFO] Deleting file C:\_Perfect8\Blog\shop-service\target\classes\com\perfect8\shop\model\OrderItem.class
[INFO] Deleting file C:\_Perfect8\Blog\shop-service\target\classes\com\perfect8\shop\model\Order.class
[INFO] Deleting file C:\_Perfect8\Blog\shop-service\target\classes\com\perfect8\shop\model\Order$1.class
[INFO] Deleting file C:\_Perfect8\Blog\shop-service\target\classes\com\perfect8\shop\model\Customer.class
[INFO] Deleting file C:\_Perfect8\Blog\shop-service\target\classes\com\perfect8\shop\model\Customer$Gender.class
[INFO] Deleting file C:\_Perfect8\Blog\shop-service\target\classes\com\perfect8\shop\model\Category.class
[INFO] Deleting directory C:\_Perfect8\Blog\shop-service\target\classes\com\perfect8\shop\model
[INFO] Deleting file C:\_Perfect8\Blog\shop-service\target\classes\com\perfect8\shop\enums\OrderStatus.class
[INFO] Deleting directory C:\_Perfect8\Blog\shop-service\target\classes\com\perfect8\shop\enums
[INFO] Deleting file C:\_Perfect8\Blog\shop-service\target\classes\com\perfect8\shop\entity\ShipmentTracking.class
[INFO] Deleting file C:\_Perfect8\Blog\shop-service\target\classes\com\perfect8\shop\entity\Shipment.class
[INFO] Deleting file C:\_Perfect8\Blog\shop-service\target\classes\com\perfect8\shop\entity\Shipment$ShipmentBuilder.class
[INFO] Deleting file C:\_Perfect8\Blog\shop-service\target\classes\com\perfect8\shop\entity\Product.class
[INFO] Deleting file C:\_Perfect8\Blog\shop-service\target\classes\com\perfect8\shop\entity\Product$ProductBuilder.class
[INFO] Deleting file C:\_Perfect8\Blog\shop-service\target\classes\com\perfect8\shop\entity\Payment.class
[INFO] Deleting file C:\_Perfect8\Blog\shop-service\target\classes\com\perfect8\shop\entity\Payment$PaymentStatus.class
[INFO] Deleting file C:\_Perfect8\Blog\shop-service\target\classes\com\perfect8\shop\entity\Payment$PaymentMethod.class
[INFO] Deleting file C:\_Perfect8\Blog\shop-service\target\classes\com\perfect8\shop\entity\Payment$PaymentBuilder.class
[INFO] Deleting file C:\_Perfect8\Blog\shop-service\target\classes\com\perfect8\shop\entity\OrderItem.class
[INFO] Deleting file C:\_Perfect8\Blog\shop-service\target\classes\com\perfect8\shop\entity\OrderItem$OrderItemBuilder.class
[INFO] Deleting file C:\_Perfect8\Blog\shop-service\target\classes\com\perfect8\shop\entity\OrderItem$ItemStatus.class
[INFO] Deleting file C:\_Perfect8\Blog\shop-service\target\classes\com\perfect8\shop\entity\Order.class
[INFO] Deleting file C:\_Perfect8\Blog\shop-service\target\classes\com\perfect8\shop\entity\Order$OrderBuilder.class
[INFO] Deleting file C:\_Perfect8\Blog\shop-service\target\classes\com\perfect8\shop\entity\Order$1.class
[INFO] Deleting file C:\_Perfect8\Blog\shop-service\target\classes\com\perfect8\shop\entity\Customer.class
[INFO] Deleting file C:\_Perfect8\Blog\shop-service\target\classes\com\perfect8\shop\entity\Customer$CustomerBuilder.class
[INFO] Deleting file C:\_Perfect8\Blog\shop-service\target\classes\com\perfect8\shop\entity\Category.class
[INFO] Deleting file C:\_Perfect8\Blog\shop-service\target\classes\com\perfect8\shop\entity\Category$CategoryBuilder.class
[INFO] Deleting file C:\_Perfect8\Blog\shop-service\target\classes\com\perfect8\shop\entity\CartItem.class
[INFO] Deleting file C:\_Perfect8\Blog\shop-service\target\classes\com\perfect8\shop\entity\CartItem$CartItemBuilder.class
[INFO] Deleting file C:\_Perfect8\Blog\shop-service\target\classes\com\perfect8\shop\entity\Cart.class
[INFO] Deleting file C:\_Perfect8\Blog\shop-service\target\classes\com\perfect8\shop\entity\Cart$CartBuilder.class
[INFO] Deleting file C:\_Perfect8\Blog\shop-service\target\classes\com\perfect8\shop\entity\Address.class
[INFO] Deleting directory C:\_Perfect8\Blog\shop-service\target\classes\com\perfect8\shop\entity
[INFO] Deleting file C:\_Perfect8\Blog\shop-service\target\classes\com\perfect8\shop\dto\UpdateCustomerRequest.class
[INFO] Deleting file C:\_Perfect8\Blog\shop-service\target\classes\com\perfect8\shop\dto\UpdateCustomerRequest$UpdateCustomerRequestBuilder.class
[INFO] Deleting file C:\_Perfect8\Blog\shop-service\target\classes\com\perfect8\shop\dto\TaxEstimationResponse.class
[INFO] Deleting file C:\_Perfect8\Blog\shop-service\target\classes\com\perfect8\shop\dto\TaxEstimationResponse$TaxEstimationResponseBuilder.class
[INFO] Deleting file C:\_Perfect8\Blog\shop-service\target\classes\com\perfect8\shop\dto\TaxEstimationResponse$TaxBreakdown.class
[INFO] Deleting file C:\_Perfect8\Blog\shop-service\target\classes\com\perfect8\shop\dto\TaxEstimationResponse$TaxBreakdown$TaxBreakdownBuilder.class
[INFO] Deleting file C:\_Perfect8\Blog\shop-service\target\classes\com\perfect8\shop\dto\CartSummaryResponse.class
[INFO] Deleting file C:\_Perfect8\Blog\shop-service\target\classes\com\perfect8\shop\dto\CartSummaryResponse$Warning.class
[INFO] Deleting file C:\_Perfect8\Blog\shop-service\target\classes\com\perfect8\shop\dto\CartSummaryResponse$Warning$WarningBuilder.class
[INFO] Deleting file C:\_Perfect8\Blog\shop-service\target\classes\com\perfect8\shop\dto\CartSummaryResponse$ValidationError.class
[INFO] Deleting file C:\_Perfect8\Blog\shop-service\target\classes\com\perfect8\shop\dto\CartSummaryResponse$ValidationError$ValidationErrorBuilder.class
[INFO] Deleting file C:\_Perfect8\Blog\shop-service\target\classes\com\perfect8\shop\dto\CartSummaryResponse$CartSummaryResponseBuilder.class
[INFO] Deleting file C:\_Perfect8\Blog\shop-service\target\classes\com\perfect8\shop\dto\AddToCartRequest.class
[INFO] Deleting file C:\_Perfect8\Blog\shop-service\target\classes\com\perfect8\shop\dto\AddToCartRequest$AddToCartRequestBuilder.class
[INFO] Deleting directory C:\_Perfect8\Blog\shop-service\target\classes\com\perfect8\shop\dto
[INFO] Deleting directory C:\_Perfect8\Blog\shop-service\target\classes\com\perfect8\shop
[INFO] Deleting directory C:\_Perfect8\Blog\shop-service\target\classes\com\perfect8
[INFO] Deleting directory C:\_Perfect8\Blog\shop-service\target\classes\com
[INFO] Deleting file C:\_Perfect8\Blog\shop-service\target\classes\application.properties
[INFO] Deleting file C:\_Perfect8\Blog\shop-service\target\classes\application-test.properties
[INFO] Deleting file C:\_Perfect8\Blog\shop-service\target\classes\application-prod.properties
[INFO] Deleting file C:\_Perfect8\Blog\shop-service\target\classes\application-dev.properties
[INFO] Deleting directory C:\_Perfect8\Blog\shop-service\target\classes
[INFO] Deleting directory C:\_Perfect8\Blog\shop-service\target
[DEBUG] Skipping non-existing directory C:\_Perfect8\Blog\shop-service\target\classes
[DEBUG] Skipping non-existing directory C:\_Perfect8\Blog\shop-service\target\test-classes
[DEBUG] Skipping non-existing directory C:\_Perfect8\Blog\shop-service\target\classes
[INFO] 
[INFO] --- resources:3.3.1:resources (default-resources) @ shop-service ---
[DEBUG] Loading mojo org.apache.maven.plugins:maven-resources-plugin:3.3.1:resources from plugin realm ClassRealm[plugin>org.apache.maven.plugins:maven-resources-plugin:3.3.1, parent: jdk.internal.loader.ClassLoaders$AppClassLoader@33909752]
[DEBUG] Configuring mojo execution 'org.apache.maven.plugins:maven-resources-plugin:3.3.1:resources:default-resources' with basic configurator -->
[DEBUG]   (f) addDefaultExcludes = true
[DEBUG]   (f) buildFilters = []
[DEBUG]   (s) delimiters = [@]
[DEBUG]   (f) encoding = UTF-8
[DEBUG]   (f) escapeWindowsPaths = true
[DEBUG]   (f) fileNameFiltering = false
[DEBUG]   (s) includeEmptyDirs = false
[DEBUG]   (s) outputDirectory = C:\_Perfect8\Blog\shop-service\target\classes
[DEBUG]   (s) overwrite = false
[DEBUG]   (f) project = MavenProject: com.perfect8:shop-service:1.0.0 @ C:\_Perfect8\Blog\shop-service\pom.xml
[DEBUG]   (f) propertiesEncoding = UTF-8
[DEBUG]   (s) resources = [Resource {targetPath: null, filtering: true, FileSet {directory: C:\_Perfect8\Blog\shop-service\src\main\resources, PatternSet [includes: {**/application*.yml, **/application*.yaml, **/application*.properties}, excludes: {}]}}, Resource {targetPath: null, filtering: false, FileSet {directory: C:\_Perfect8\Blog\shop-service\src\main\resources, PatternSet [includes: {}, excludes: {**/application*.yml, **/application*.yaml, **/application*.properties}]}}]
[DEBUG]   (f) session = org.apache.maven.execution.MavenSession@6b8280e6
[DEBUG]   (f) skip = false
[DEBUG]   (f) supportMultiLineFiltering = false
[DEBUG]   (f) useBuildFilters = true
[DEBUG]   (s) useDefaultDelimiters = false
[DEBUG] -- end configuration --
[DEBUG] properties used:
[DEBUG] activemq.version: 5.18.6
[DEBUG] angus-mail.version: 2.0.3
[DEBUG] artemis.version: 2.31.2
[DEBUG] aspectj.version: 1.9.22.1
[DEBUG] assertj.version: 3.24.2
[DEBUG] awaitility.version: 4.2.2
[DEBUG] brave.version: 5.16.0
[DEBUG] build-helper-maven-plugin.version: 3.4.0
[DEBUG] byte-buddy.version: 1.14.19
[DEBUG] cache2k.version: 2.6.1.Final
[DEBUG] caffeine.version: 3.1.8
[DEBUG] cassandra-driver.version: 4.17.0
[DEBUG] classmate.version: 1.6.0
[DEBUG] classworlds.conf: C:/Program Files/Maven/apache-maven-3.9.9/bin/m2.conf
[DEBUG] commons-codec.version: 1.16.1
[DEBUG] commons-dbcp2.version: 2.10.0
[DEBUG] commons-lang3.version: 3.13.0
[DEBUG] commons-pool.version: 1.6
[DEBUG] commons-pool2.version: 2.12.0
[DEBUG] couchbase-client.version: 3.4.11
[DEBUG] crac.version: 1.4.0
[DEBUG] db2-jdbc.version: 11.5.9.0
[DEBUG] dependency-management-plugin.version: 1.1.6
[DEBUG] derby.version: 10.16.1.1
[DEBUG] dropwizard-metrics.version: 4.2.28
[DEBUG] ehcache3.version: 3.10.8
[DEBUG] elasticsearch-client.version: 8.10.4
[DEBUG] env.=::: ::\
[DEBUG] env.ALLUSERSPROFILE: C:\ProgramData
[DEBUG] env.ANDROID_HOME: C:\Users\CMB\AppData\Local\Android\Sdk
[DEBUG] env.APPDATA: C:\Users\CMB\AppData\Roaming
[DEBUG] env.CHOCOLATEYINSTALL: C:\ProgramData\chocolatey
[DEBUG] env.CHOCOLATEYLASTPATHUPDATE: 134005919807545750
[DEBUG] env.COMMONPROGRAMFILES: C:\Program Files\Common Files
[DEBUG] env.COMMONPROGRAMFILES(X86): C:\Program Files (x86)\Common Files
[DEBUG] env.COMMONPROGRAMW6432: C:\Program Files\Common Files
[DEBUG] env.COMPUTERNAME: SPELDATOR
[DEBUG] env.COMSPEC: C:\WINDOWS\system32\cmd.exe
[DEBUG] env.DRIVERDATA: C:\Windows\System32\Drivers\DriverData
[DEBUG] env.EFC_11608_1262719628: 1
[DEBUG] env.EFC_11608_1592913036: 1
[DEBUG] env.EFC_11608_2283032206: 1
[DEBUG] env.EFC_11608_2775293581: 1
[DEBUG] env.EFC_11608_3789132940: 1
[DEBUG] env.EXEPATH: C:\Program Files\Git\bin
[DEBUG] env.FPS_BROWSER_APP_PROFILE_STRING: Internet Explorer
[DEBUG] env.FPS_BROWSER_USER_PROFILE_STRING: Default
[DEBUG] env.GIT_LFS_PATH: C:\Program Files\Git LFS
[DEBUG] env.HOME: C:\Users\CMB
[DEBUG] env.HOMEDRIVE: C:
[DEBUG] env.HOMEPATH: \Users\CMB
[DEBUG] env.INTELLIJ IDEA COMMUNITY EDITION: C:\Program Files\JetBrains\IntelliJ IDEA Community Edition 2025.1\bin;
[DEBUG] env.LOCALAPPDATA: C:\Users\CMB\AppData\Local
[DEBUG] env.LOGONSERVER: \\SPELDATOR
[DEBUG] env.MAVEN_CMD_LINE_ARGS:  clean compile -X
[DEBUG] env.MAVEN_HOME: C:/Program Files/Maven/apache-maven-3.9.9
[DEBUG] env.MAVEN_PROJECTBASEDIR: C:/_Perfect8/Blog
[DEBUG] env.MSYSTEM: MINGW64
[DEBUG] env.NUMBER_OF_PROCESSORS: 16
[DEBUG] env.NVD_API_KEY: 67d63a2a-9538-4eaf-a65c-2b3845b3e575
[DEBUG] env.OLDPWD: C:/_Perfect8/Blog
[DEBUG] env.ONEDRIVE: C:\Users\CMB\OneDrive
[DEBUG] env.OS: Windows_NT
[DEBUG] env.PATH: C:\Program Files\Git\mingw64\bin;C:\Program Files\Git\usr\bin;C:\Users\CMB\bin;C:\Python313\Scripts;C:\Python313;C:\dev\flutter\bin;C:\Program Files\Android\Android Studio\bin;C:\Program Files\Common Files\Oracle\Java\javapath;C:\WINDOWS\system32;C:\WINDOWS;C:\WINDOWS\System32\Wbem;C:\WINDOWS\System32\WindowsPowerShell\v1.0;C:\WINDOWS\System32\OpenSSH;C:\Program Files\dotnet;C:\Program Files\Maven\apache-maven-3.9.9\bin;C:\Program Files\Git\cmd;C:\Program Files\PowerShell\7;C:\Program Files (x86)\Windows Kits\10\Windows Performance Toolkit;C:\Users\CMB\AppData\Local\Android\Sdk\platform-tools;C:\Users\CMB\AppData\Local\Android\Sdk\cmdline-tools\latest\bin;C:\Program Files\Git LFS;C:\Program Files\Docker\Docker\resources\bin;C:\Program Files\nodejs;C:\ProgramData\chocolatey\bin;C:\dev\flutter\bin;C:\Program Files\Android\android Studio\bin;C:\Program Files\JetBrains\IntelliJ IDEA Community Edition 2025.1\bin;C:\Users\CMB\AppData\Local\Programs\Microsoft VS Code\bin;C:\Program Files\MySQL\MySQL Shell 8.0\bin;C:\Program Files\MySQL\MySQL Server 8.0\bin;C:\Program Files\Maven\apache-maven-3.9.9\bin;C:\Program Files\Maven\apache-maven-3.9.9;C:\Gradle\gradle-8.14\bin;C:\Users\CMB\AppData\Local\Microsoft\WindowsApps;C:\Users\CMB\AppData\Local\Microsoft\WinGet\Packages\Schniz.fnm_Microsoft.Winget.Source_8wekyb3d8bbwe;C:\Users\CMB\AppData\Local\GitHubDesktop\bin;C:\Users\CMB\AppData\Local\Android\Sdk\cmdline-tools\latest\bin;C:\Users\CMB\AppData\Local\Android\Sdk\platform-tools;C:\Users\CMB\AppData\Roaming\npm
[DEBUG] env.PATHEXT: .COM;.EXE;.BAT;.CMD;.VBS;.VBE;.JS;.JSE;.WSF;.WSH;.MSC;.PY;.PYW
[DEBUG] env.PLINK_PROTOCOL: ssh
[DEBUG] env.POWERSHELL_DISTRIBUTION_CHANNEL: MSI:Windows 10 Home
[DEBUG] env.PROCESSOR_ARCHITECTURE: AMD64
[DEBUG] env.PROCESSOR_IDENTIFIER: AMD64 Family 23 Model 113 Stepping 0, AuthenticAMD
[DEBUG] env.PROCESSOR_LEVEL: 23
[DEBUG] env.PROCESSOR_REVISION: 7100
[DEBUG] env.PROGRAMDATA: C:\ProgramData
[DEBUG] env.PROGRAMFILES: C:\Program Files
[DEBUG] env.PROGRAMFILES(X86): C:\Program Files (x86)
[DEBUG] env.PROGRAMW6432: C:\Program Files
[DEBUG] env.PSMODULEPATH: C:\Program Files\WindowsPowerShell\Modules;C:\WINDOWS\system32\WindowsPowerShell\v1.0\Modules
[DEBUG] env.PUBLIC: C:\Users\Public
[DEBUG] env.PWD: C:/_Perfect8/Blog
[DEBUG] env.SESSIONNAME: Console
[DEBUG] env.SHLVL: 1
[DEBUG] env.SYSTEMDRIVE: C:
[DEBUG] env.SYSTEMROOT: C:\WINDOWS
[DEBUG] env.TEMP: C:\Users\CMB\AppData\Local\Temp
[DEBUG] env.TERM: xterm-256color
[DEBUG] env.TERMINAL_EMULATOR: JetBrains-JediTerm
[DEBUG] env.TERM_SESSION_ID: 4ab05769-d241-4e0e-b9ab-54d0911e0d81
[DEBUG] env.TMP: C:\Users\CMB\AppData\Local\Temp
[DEBUG] env.USERDOMAIN: SPELDATOR
[DEBUG] env.USERDOMAIN_ROAMINGPROFILE: SPELDATOR
[DEBUG] env.USERNAME: CMB
[DEBUG] env.USERPROFILE: C:\Users\CMB
[DEBUG] env.WINDIR: C:\WINDOWS
[DEBUG] file.encoding: UTF-8
[DEBUG] file.separator: \
[DEBUG] flyway.version: 9.22.3
[DEBUG] freemarker.version: 2.3.33
[DEBUG] git-commit-id-maven-plugin.version: 6.0.0
[DEBUG] glassfish-jaxb.version: 4.0.5
[DEBUG] glassfish-jstl.version: 3.0.1
[DEBUG] graphql-java.version: 21.5
[DEBUG] groovy.version: 4.0.24
[DEBUG] gson.version: 2.10.1
[DEBUG] h2.version: 2.2.224
[DEBUG] hamcrest.version: 2.2
[DEBUG] hazelcast.version: 5.3.8
[DEBUG] hibernate-validator.version: 8.0.1.Final
[DEBUG] hibernate.version: 6.4.10.Final
[DEBUG] hikaricp.version: 5.0.1
[DEBUG] hsqldb.version: 2.7.3
[DEBUG] htmlunit.version: 2.70.0
[DEBUG] httpasyncclient.version: 4.1.5
[DEBUG] httpclient5.version: 5.2.3
[DEBUG] httpcore.version: 4.4.16
[DEBUG] httpcore5.version: 5.2.5
[DEBUG] infinispan.version: 14.0.33.Final
[DEBUG] influxdb-java.version: 2.23
[DEBUG] jackson-bom.version: 2.15.4
[DEBUG] jakarta-activation.version: 2.1.3
[DEBUG] jakarta-annotation.version: 2.1.1
[DEBUG] jakarta-jms.version: 3.1.0
[DEBUG] jakarta-json-bind.version: 3.0.1
[DEBUG] jakarta-json.version: 2.1.3
[DEBUG] jakarta-mail.version: 2.1.3
[DEBUG] jakarta-management.version: 1.1.4
[DEBUG] jakarta-persistence.version: 3.1.0
[DEBUG] jakarta-servlet-jsp-jstl.version: 3.0.2
[DEBUG] jakarta-servlet.version: 6.0.0
[DEBUG] jakarta-transaction.version: 2.0.1
[DEBUG] jakarta-validation.version: 3.0.2
[DEBUG] jakarta-websocket.version: 2.1.1
[DEBUG] jakarta-ws-rs.version: 3.1.0
[DEBUG] jakarta-xml-bind.version: 4.0.2
[DEBUG] jakarta-xml-soap.version: 3.0.2
[DEBUG] jakarta-xml-ws.version: 4.0.2
[DEBUG] janino.version: 3.1.12
[DEBUG] java.class.path: C:/Program Files/Maven/apache-maven-3.9.9/boot/plexus-classworlds-2.8.0.jar
[DEBUG] java.class.version: 65.0
[DEBUG] java.home: C:\Program Files\Java\jdk-21
[DEBUG] java.io.tmpdir: C:\Users\CMB\AppData\Local\Temp\
[DEBUG] java.library.path: C:\Program Files\Java\jdk-21\bin;C:\WINDOWS\Sun\Java\bin;C:\WINDOWS\system32;C:\WINDOWS;C:\Program Files\Git\mingw64\bin;C:\Program Files\Git\usr\bin;C:\Users\CMB\bin;C:\Python313\Scripts;C:\Python313;C:\dev\flutter\bin;C:\Program Files\Android\Android Studio\bin;C:\Program Files\Common Files\Oracle\Java\javapath;C:\WINDOWS\system32;C:\WINDOWS;C:\WINDOWS\System32\Wbem;C:\WINDOWS\System32\WindowsPowerShell\v1.0;C:\WINDOWS\System32\OpenSSH;C:\Program Files\dotnet;C:\Program Files\Maven\apache-maven-3.9.9\bin;C:\Program Files\Git\cmd;C:\Program Files\PowerShell\7;C:\Program Files (x86)\Windows Kits\10\Windows Performance Toolkit;C:\Users\CMB\AppData\Local\Android\Sdk\platform-tools;C:\Users\CMB\AppData\Local\Android\Sdk\cmdline-tools\latest\bin;C:\Program Files\Git LFS;C:\Program Files\Docker\Docker\resources\bin;C:\Program Files\nodejs;C:\ProgramData\chocolatey\bin;C:\dev\flutter\bin;C:\Program Files\Android\android Studio\bin;C:\Program Files\JetBrains\IntelliJ IDEA Community Edition 2025.1\bin;C:\Users\CMB\AppData\Local\Programs\Microsoft VS Code\bin;C:\Program Files\MySQL\MySQL Shell 8.0\bin;C:\Program Files\MySQL\MySQL Server 8.0\bin;C:\Program Files\Maven\apache-maven-3.9.9\bin;C:\Program Files\Maven\apache-maven-3.9.9;C:\Gradle\gradle-8.14\bin;C:\Users\CMB\AppData\Local\Microsoft\WindowsApps;C:\Users\CMB\AppData\Local\Microsoft\WinGet\Packages\Schniz.fnm_Microsoft.Winget.Source_8wekyb3d8bbwe;C:\Users\CMB\AppData\Local\GitHubDesktop\bin;C:\Users\CMB\AppData\Local\Android\Sdk\cmdline-tools\latest\bin;C:\Users\CMB\AppData\Local\Android\Sdk\platform-tools;C:\Users\CMB\AppData\Roaming\npm;.
[DEBUG] java.runtime.name: Java(TM) SE Runtime Environment
[DEBUG] java.runtime.version: 21.0.7+8-LTS-245
[DEBUG] java.specification.name: Java Platform API Specification
[DEBUG] java.specification.vendor: Oracle Corporation
[DEBUG] java.specification.version: 21
[DEBUG] java.vendor: Oracle Corporation
[DEBUG] java.vendor.url: https://java.oracle.com/
[DEBUG] java.vendor.url.bug: https://bugreport.java.com/bugreport/
[DEBUG] java.version: 21.0.7
[DEBUG] java.version.date: 2025-04-15
[DEBUG] java.vm.compressedOopsMode: Zero based
[DEBUG] java.vm.info: mixed mode, sharing
[DEBUG] java.vm.name: Java HotSpot(TM) 64-Bit Server VM
[DEBUG] java.vm.specification.name: Java Virtual Machine Specification
[DEBUG] java.vm.specification.vendor: Oracle Corporation
[DEBUG] java.vm.specification.version: 21
[DEBUG] java.vm.vendor: Oracle Corporation
[DEBUG] java.vm.version: 21.0.7+8-LTS-245
[DEBUG] javax-cache.version: 1.1.1
[DEBUG] javax-money.version: 1.1
[DEBUG] jaxen.version: 2.0.0
[DEBUG] jaybird.version: 5.0.6.java11
[DEBUG] jboss-logging.version: 3.5.3.Final
[DEBUG] jdk.debug: release
[DEBUG] jdom2.version: 2.0.6.1
[DEBUG] jedis.version: 5.0.2
[DEBUG] jersey.version: 3.1.9
[DEBUG] jetty-reactive-httpclient.version: 4.0.8
[DEBUG] jetty.version: 12.0.15
[DEBUG] jmustache.version: 1.15
[DEBUG] jooq.version: 3.18.22
[DEBUG] json-path.version: 2.9.0
[DEBUG] json-smart.version: 2.5.1
[DEBUG] jsonassert.version: 1.5.3
[DEBUG] jtds.version: 1.3.1
[DEBUG] junit-jupiter.version: 5.10.5
[DEBUG] junit.version: 4.13.2
[DEBUG] jwt.version: 0.12.3
[DEBUG] kafka.version: 3.6.2
[DEBUG] kotlin-coroutines.version: 1.7.3
[DEBUG] kotlin-serialization.version: 1.6.3
[DEBUG] kotlin.version: 1.9.25
[DEBUG] lettuce.version: 6.3.2.RELEASE
[DEBUG] library.jansi.path: C:/Program Files/Maven/apache-maven-3.9.9/lib/jansi-native
[DEBUG] line.separator: 

[DEBUG] liquibase.version: 4.24.0
[DEBUG] log4j2.version: 2.21.1
[DEBUG] logback.version: 1.4.14
[DEBUG] lombok.version: 1.18.30
[DEBUG] mariadb.version: 3.3.3
[DEBUG] maven-antrun-plugin.version: 3.1.0
[DEBUG] maven-assembly-plugin.version: 3.6.0
[DEBUG] maven-clean-plugin.version: 3.3.2
[DEBUG] maven-compiler-plugin.version: 3.11.0
[DEBUG] maven-dependency-plugin.version: 3.6.1
[DEBUG] maven-deploy-plugin.version: 3.1.3
[DEBUG] maven-enforcer-plugin.version: 3.4.1
[DEBUG] maven-failsafe-plugin.version: 3.1.2
[DEBUG] maven-help-plugin.version: 3.4.1
[DEBUG] maven-install-plugin.version: 3.1.3
[DEBUG] maven-invoker-plugin.version: 3.6.1
[DEBUG] maven-jar-plugin.version: 3.3.0
[DEBUG] maven-javadoc-plugin.version: 3.6.3
[DEBUG] maven-resources-plugin.version: 3.3.1
[DEBUG] maven-shade-plugin.version: 3.5.3
[DEBUG] maven-source-plugin.version: 3.3.1
[DEBUG] maven-surefire-plugin.version: 3.1.2
[DEBUG] maven-war-plugin.version: 3.4.0
[DEBUG] maven.build.timestamp: 2025-09-02T06:12:11Z
[DEBUG] maven.build.version: Apache Maven 3.9.9 (8e8579a9e76f7d015ee5ec7bfcdc97d260186937)
[DEBUG] maven.compiler.release: 17
[DEBUG] maven.compiler.source: 17
[DEBUG] maven.compiler.target: 17
[DEBUG] maven.conf: C:/Program Files/Maven/apache-maven-3.9.9/conf
[DEBUG] maven.home: C:\Program Files\Maven\apache-maven-3.9.9
[DEBUG] maven.multiModuleProjectDirectory: C:/_Perfect8/Blog
[DEBUG] maven.version: 3.9.9
[DEBUG] micrometer-tracing.version: 1.2.12
[DEBUG] micrometer.version: 1.12.13
[DEBUG] mockito.version: 5.7.0
[DEBUG] mongodb.version: 4.11.5
[DEBUG] mssql-jdbc.version: 12.4.2.jre11
[DEBUG] mysql.version: 8.0.33
[DEBUG] native-build-tools-plugin.version: 0.9.28
[DEBUG] native.encoding: Cp1252
[DEBUG] nekohtml.version: 1.9.22
[DEBUG] neo4j-java-driver.version: 5.25.0
[DEBUG] netty.version: 4.1.115.Final
[DEBUG] okhttp.version: 4.12.0
[DEBUG] openfeign.version: 4.1.0
[DEBUG] opentelemetry.version: 1.31.0
[DEBUG] oracle-database.version: 21.9.0.0
[DEBUG] oracle-r2dbc.version: 1.1.1
[DEBUG] os.arch: amd64
[DEBUG] os.name: Windows 11
[DEBUG] os.version: 10.0
[DEBUG] path.separator: ;
[DEBUG] pooled-jms.version: 3.1.7
[DEBUG] postgresql.version: 42.6.2
[DEBUG] project.baseUri: file:/C:/_Perfect8/Blog/shop-service/
[DEBUG] project.build.sourceEncoding: UTF-8
[DEBUG] project.reporting.outputEncoding: UTF-8
[DEBUG] prometheus-client.version: 0.16.0
[DEBUG] pulsar-reactive.version: 0.5.9
[DEBUG] pulsar.version: 3.1.3
[DEBUG] quartz.version: 2.3.2
[DEBUG] querydsl.version: 5.0.0
[DEBUG] r2dbc-h2.version: 1.0.0.RELEASE
[DEBUG] r2dbc-mariadb.version: 1.1.4
[DEBUG] r2dbc-mssql.version: 1.0.2.RELEASE
[DEBUG] r2dbc-mysql.version: 1.0.6
[DEBUG] r2dbc-pool.version: 1.0.2.RELEASE
[DEBUG] r2dbc-postgresql.version: 1.0.7.RELEASE
[DEBUG] r2dbc-proxy.version: 1.1.5.RELEASE
[DEBUG] r2dbc-spi.version: 1.0.0.RELEASE
[DEBUG] rabbit-amqp-client.version: 5.19.0
[DEBUG] rabbit-stream-client.version: 0.14.0
[DEBUG] reactive-streams.version: 1.0.4
[DEBUG] reactor-bom.version: 2023.0.12
[DEBUG] resource.delimiter: @
[DEBUG] rest-assured.version: 5.3.2
[DEBUG] rsocket.version: 1.1.3
[DEBUG] rxjava3.version: 3.1.9
[DEBUG] saaj-impl.version: 3.0.4
[DEBUG] selenium-htmlunit.version: 4.13.0
[DEBUG] selenium.version: 4.14.1
[DEBUG] sendgrid.version: 4.9.3
[DEBUG] slf4j.version: 2.0.16
[DEBUG] snakeyaml.version: 2.2
[DEBUG] spring-amqp.version: 3.1.8
[DEBUG] spring-authorization-server.version: 1.2.7
[DEBUG] spring-batch.version: 5.1.2
[DEBUG] spring-cloud.version: 2023.0.3
[DEBUG] spring-data-bom.version: 2023.1.12
[DEBUG] spring-framework.version: 6.1.15
[DEBUG] spring-graphql.version: 1.2.9
[DEBUG] spring-hateoas.version: 2.2.5
[DEBUG] spring-integration.version: 6.2.11
[DEBUG] spring-kafka.version: 3.1.10
[DEBUG] spring-ldap.version: 3.2.8
[DEBUG] spring-pulsar.version: 1.0.12
[DEBUG] spring-restdocs.version: 3.0.3
[DEBUG] spring-retry.version: 2.0.10
[DEBUG] spring-security.version: 6.2.8
[DEBUG] spring-session.version: 3.2.6
[DEBUG] spring-ws.version: 4.0.11
[DEBUG] sqlite-jdbc.version: 3.43.2.2
[DEBUG] stderr.encoding: cp437
[DEBUG] stdout.encoding: Cp1252
[DEBUG] sun.arch.data.model: 64
[DEBUG] sun.boot.library.path: C:\Program Files\Java\jdk-21\bin
[DEBUG] sun.cpu.endian: little
[DEBUG] sun.cpu.isalist: amd64
[DEBUG] sun.io.unicode.encoding: UnicodeLittle
[DEBUG] sun.java.command: org.codehaus.plexus.classworlds.launcher.Launcher clean compile -X
[DEBUG] sun.java.launcher: SUN_STANDARD
[DEBUG] sun.jnu.encoding: Cp1252
[DEBUG] sun.management.compiler: HotSpot 64-Bit Tiered Compilers
[DEBUG] sun.os.patch.level: 
[DEBUG] testcontainers.version: 1.19.8
[DEBUG] thymeleaf-extras-data-attribute.version: 2.0.1
[DEBUG] thymeleaf-extras-springsecurity.version: 3.1.2.RELEASE
[DEBUG] thymeleaf-layout-dialect.version: 3.3.0
[DEBUG] thymeleaf.version: 3.1.2.RELEASE
[DEBUG] tomcat.version: 10.1.33
[DEBUG] unboundid-ldapsdk.version: 6.0.11
[DEBUG] undertow.version: 2.3.17.Final
[DEBUG] user.country: US
[DEBUG] user.country.format: SE
[DEBUG] user.dir: C:\_Perfect8\Blog
[DEBUG] user.home: C:\Users\CMB
[DEBUG] user.language: en
[DEBUG] user.language.format: sv
[DEBUG] user.name: CMB
[DEBUG] user.script: 
[DEBUG] user.variant: 
[DEBUG] versions-maven-plugin.version: 2.16.2
[DEBUG] webjars-locator-core.version: 0.55
[DEBUG] wsdl4j.version: 1.6.3
[DEBUG] xml-maven-plugin.version: 1.1.0
[DEBUG] xmlunit2.version: 2.9.1
[DEBUG] yasson.version: 3.0.4
[DEBUG] Using 'UTF-8' encoding to copy filtered resources.
[DEBUG] Using 'UTF-8' encoding to copy filtered properties files.
[DEBUG] resource with targetPath null
directory C:\_Perfect8\Blog\shop-service\src\main\resources
excludes []
includes [**/application*.yml, **/application*.yaml, **/application*.properties]
[DEBUG] ignoreDelta true
[INFO] Copying 4 resources from src\main\resources to target\classes
[DEBUG] Copying file application-dev.properties
[DEBUG] file application-dev.properties has a filtered file extension
[DEBUG] Using 'UTF-8' encoding to copy filtered resource 'application-dev.properties'.
[DEBUG] filtering C:\_Perfect8\Blog\shop-service\src\main\resources\application-dev.properties to C:\_Perfect8\Blog\shop-service\target\classes\application-dev.properties
[DEBUG] Copying file application-prod.properties
[DEBUG] file application-prod.properties has a filtered file extension
[DEBUG] Using 'UTF-8' encoding to copy filtered resource 'application-prod.properties'.
[DEBUG] filtering C:\_Perfect8\Blog\shop-service\src\main\resources\application-prod.properties to C:\_Perfect8\Blog\shop-service\target\classes\application-prod.properties
[DEBUG] Copying file application-test.properties
[DEBUG] file application-test.properties has a filtered file extension
[DEBUG] Using 'UTF-8' encoding to copy filtered resource 'application-test.properties'.
[DEBUG] filtering C:\_Perfect8\Blog\shop-service\src\main\resources\application-test.properties to C:\_Perfect8\Blog\shop-service\target\classes\application-test.properties
[DEBUG] Copying file application.properties
[DEBUG] file application.properties has a filtered file extension
[DEBUG] Using 'UTF-8' encoding to copy filtered resource 'application.properties'.
[DEBUG] filtering C:\_Perfect8\Blog\shop-service\src\main\resources\application.properties to C:\_Perfect8\Blog\shop-service\target\classes\application.properties
[DEBUG] resource with targetPath null
directory C:\_Perfect8\Blog\shop-service\src\main\resources
excludes [**/application*.yml, **/application*.yaml, **/application*.properties]
includes []
[DEBUG] ignoreDelta true
[INFO] Copying 1 resource from src\main\resources to target\classes
[DEBUG] Copying file data.sql (optional)
[DEBUG] file data.sql (optional) has a filtered file extension
[DEBUG] Using 'UTF-8' encoding to copy filtered resource 'data.sql (optional)'.
[DEBUG] copy C:\_Perfect8\Blog\shop-service\src\main\resources\data.sql (optional) to C:\_Perfect8\Blog\shop-service\target\classes\data.sql (optional)
[DEBUG] no user filter components
[INFO] 
[INFO] --- compiler:3.11.0:compile (default-compile) @ shop-service ---
[DEBUG] Loading mojo org.apache.maven.plugins:maven-compiler-plugin:3.11.0:compile from plugin realm ClassRealm[plugin>org.apache.maven.plugins:maven-compiler-plugin:3.11.0, parent: jdk.internal.loader.ClassLoaders$AppClassLoader@33909752]
[DEBUG] Configuring mojo execution 'org.apache.maven.plugins:maven-compiler-plugin:3.11.0:compile:default-compile' with basic configurator -->
[DEBUG]   (s) groupId = org.projectlombok
[DEBUG]   (s) artifactId = lombok
[DEBUG]   (s) version = 1.18.30
[DEBUG]   (f) annotationProcessorPaths = [org.projectlombok:lombok:1.18.30.jar]
[DEBUG]   (f) basedir = C:\_Perfect8\Blog\shop-service
[DEBUG]   (f) buildDirectory = C:\_Perfect8\Blog\shop-service\target
[DEBUG]   (f) compilePath = [C:\_Perfect8\Blog\shop-service\target\classes, C:\Users\CMB\.m2\repository\org\springframework\boot\spring-boot-starter-web\3.2.12\spring-boot-starter-web-3.2.12.jar, C:\Users\CMB\.m2\repository\org\springframework\boot\spring-boot-starter\3.2.12\spring-boot-starter-3.2.12.jar, C:\Users\CMB\.m2\repository\org\springframework\boot\spring-boot\3.2.12\spring-boot-3.2.12.jar, C:\Users\CMB\.m2\repository\org\springframework\boot\spring-boot-autoconfigure\3.2.12\spring-boot-autoconfigure-3.2.12.jar, C:\Users\CMB\.m2\repository\org\springframework\boot\spring-boot-starter-logging\3.2.12\spring-boot-starter-logging-3.2.12.jar, C:\Users\CMB\.m2\repository\ch\qos\logback\logback-classic\1.4.14\logback-classic-1.4.14.jar, C:\Users\CMB\.m2\repository\ch\qos\logback\logback-core\1.4.14\logback-core-1.4.14.jar, C:\Users\CMB\.m2\repository\org\apache\logging\log4j\log4j-to-slf4j\2.21.1\log4j-to-slf4j-2.21.1.jar, C:\Users\CMB\.m2\repository\org\apache\logging\log4j\log4j-api\2.21.1\log4j-api-2.21.1.jar, C:\Users\CMB\.m2\repository\org\slf4j\jul-to-slf4j\2.0.16\jul-to-slf4j-2.0.16.jar, C:\Users\CMB\.m2\repository\jakarta\annotation\jakarta.annotation-api\2.1.1\jakarta.annotation-api-2.1.1.jar, C:\Users\CMB\.m2\repository\org\yaml\snakeyaml\2.2\snakeyaml-2.2.jar, C:\Users\CMB\.m2\repository\org\springframework\boot\spring-boot-starter-json\3.2.12\spring-boot-starter-json-3.2.12.jar, C:\Users\CMB\.m2\repository\com\fasterxml\jackson\datatype\jackson-datatype-jdk8\2.15.4\jackson-datatype-jdk8-2.15.4.jar, C:\Users\CMB\.m2\repository\com\fasterxml\jackson\datatype\jackson-datatype-jsr310\2.15.4\jackson-datatype-jsr310-2.15.4.jar, C:\Users\CMB\.m2\repository\com\fasterxml\jackson\module\jackson-module-parameter-names\2.15.4\jackson-module-parameter-names-2.15.4.jar, C:\Users\CMB\.m2\repository\org\springframework\boot\spring-boot-starter-tomcat\3.2.12\spring-boot-starter-tomcat-3.2.12.jar, C:\Users\CMB\.m2\repository\org\apache\tomcat\embed\tomcat-embed-core\10.1.33\tomcat-embed-core-10.1.33.jar, C:\Users\CMB\.m2\repository\org\apache\tomcat\embed\tomcat-embed-websocket\10.1.33\tomcat-embed-websocket-10.1.33.jar, C:\Users\CMB\.m2\repository\org\springframework\spring-web\6.1.15\spring-web-6.1.15.jar, C:\Users\CMB\.m2\repository\org\springframework\spring-beans\6.1.15\spring-beans-6.1.15.jar, C:\Users\CMB\.m2\repository\io\micrometer\micrometer-observation\1.12.13\micrometer-observation-1.12.13.jar, C:\Users\CMB\.m2\repository\io\micrometer\micrometer-commons\1.12.13\micrometer-commons-1.12.13.jar, C:\Users\CMB\.m2\repository\org\springframework\spring-webmvc\6.1.15\spring-webmvc-6.1.15.jar, C:\Users\CMB\.m2\repository\org\springframework\spring-context\6.1.15\spring-context-6.1.15.jar, C:\Users\CMB\.m2\repository\org\springframework\spring-expression\6.1.15\spring-expression-6.1.15.jar, C:\Users\CMB\.m2\repository\org\springframework\boot\spring-boot-starter-data-jpa\3.2.12\spring-boot-starter-data-jpa-3.2.12.jar, C:\Users\CMB\.m2\repository\org\springframework\boot\spring-boot-starter-aop\3.2.12\spring-boot-starter-aop-3.2.12.jar, C:\Users\CMB\.m2\repository\org\aspectj\aspectjweaver\1.9.22.1\aspectjweaver-1.9.22.1.jar, C:\Users\CMB\.m2\repository\org\springframework\boot\spring-boot-starter-jdbc\3.2.12\spring-boot-starter-jdbc-3.2.12.jar, C:\Users\CMB\.m2\repository\com\zaxxer\HikariCP\5.0.1\HikariCP-5.0.1.jar, C:\Users\CMB\.m2\repository\org\springframework\spring-jdbc\6.1.15\spring-jdbc-6.1.15.jar, C:\Users\CMB\.m2\repository\org\hibernate\orm\hibernate-core\6.4.10.Final\hibernate-core-6.4.10.Final.jar, C:\Users\CMB\.m2\repository\jakarta\persistence\jakarta.persistence-api\3.1.0\jakarta.persistence-api-3.1.0.jar, C:\Users\CMB\.m2\repository\jakarta\transaction\jakarta.transaction-api\2.0.1\jakarta.transaction-api-2.0.1.jar, C:\Users\CMB\.m2\repository\org\jboss\logging\jboss-logging\3.5.3.Final\jboss-logging-3.5.3.Final.jar, C:\Users\CMB\.m2\repository\com\fasterxml\classmate\1.6.0\classmate-1.6.0.jar, C:\Users\CMB\.m2\repository\org\antlr\antlr4-runtime\4.13.0\antlr4-runtime-4.13.0.jar, C:\Users\CMB\.m2\repository\org\springframework\data\spring-data-jpa\3.2.12\spring-data-jpa-3.2.12.jar, C:\Users\CMB\.m2\repository\org\springframework\data\spring-data-commons\3.2.12\spring-data-commons-3.2.12.jar, C:\Users\CMB\.m2\repository\org\springframework\spring-orm\6.1.15\spring-orm-6.1.15.jar, C:\Users\CMB\.m2\repository\org\springframework\spring-tx\6.1.15\spring-tx-6.1.15.jar, C:\Users\CMB\.m2\repository\org\slf4j\slf4j-api\2.0.16\slf4j-api-2.0.16.jar, C:\Users\CMB\.m2\repository\org\springframework\spring-aspects\6.1.15\spring-aspects-6.1.15.jar, C:\Users\CMB\.m2\repository\org\springframework\boot\spring-boot-starter-security\3.2.12\spring-boot-starter-security-3.2.12.jar, C:\Users\CMB\.m2\repository\org\springframework\spring-aop\6.1.15\spring-aop-6.1.15.jar, C:\Users\CMB\.m2\repository\org\springframework\security\spring-security-config\6.2.8\spring-security-config-6.2.8.jar, C:\Users\CMB\.m2\repository\org\springframework\security\spring-security-web\6.2.8\spring-security-web-6.2.8.jar, C:\Users\CMB\.m2\repository\org\springframework\boot\spring-boot-starter-validation\3.2.12\spring-boot-starter-validation-3.2.12.jar, C:\Users\CMB\.m2\repository\org\apache\tomcat\embed\tomcat-embed-el\10.1.33\tomcat-embed-el-10.1.33.jar, C:\Users\CMB\.m2\repository\org\hibernate\validator\hibernate-validator\8.0.1.Final\hibernate-validator-8.0.1.Final.jar, C:\Users\CMB\.m2\repository\jakarta\validation\jakarta.validation-api\3.0.2\jakarta.validation-api-3.0.2.jar, C:\Users\CMB\.m2\repository\org\projectlombok\lombok\1.18.30\lombok-1.18.30.jar, C:\Users\CMB\.m2\repository\io\jsonwebtoken\jjwt-api\0.12.3\jjwt-api-0.12.3.jar, C:\Users\CMB\.m2\repository\com\fasterxml\jackson\core\jackson-databind\2.15.4\jackson-databind-2.15.4.jar, C:\Users\CMB\.m2\repository\com\fasterxml\jackson\core\jackson-annotations\2.15.4\jackson-annotations-2.15.4.jar, C:\Users\CMB\.m2\repository\com\fasterxml\jackson\core\jackson-core\2.15.4\jackson-core-2.15.4.jar, C:\Users\CMB\.m2\repository\org\springframework\cloud\spring-cloud-starter-openfeign\4.1.0\spring-cloud-starter-openfeign-4.1.0.jar, C:\Users\CMB\.m2\repository\org\springframework\cloud\spring-cloud-starter\4.1.4\spring-cloud-starter-4.1.4.jar, C:\Users\CMB\.m2\repository\org\springframework\cloud\spring-cloud-context\4.1.4\spring-cloud-context-4.1.4.jar, C:\Users\CMB\.m2\repository\org\springframework\security\spring-security-rsa\1.1.3\spring-security-rsa-1.1.3.jar, C:\Users\CMB\.m2\repository\org\bouncycastle\bcprov-jdk18on\1.78\bcprov-jdk18on-1.78.jar, C:\Users\CMB\.m2\repository\org\springframework\cloud\spring-cloud-openfeign-core\4.1.3\spring-cloud-openfeign-core-4.1.3.jar, C:\Users\CMB\.m2\repository\io\github\openfeign\form\feign-form-spring\3.8.0\feign-form-spring-3.8.0.jar, C:\Users\CMB\.m2\repository\io\github\openfeign\form\feign-form\3.8.0\feign-form-3.8.0.jar, C:\Users\CMB\.m2\repository\commons-fileupload\commons-fileupload\1.5\commons-fileupload-1.5.jar, C:\Users\CMB\.m2\repository\commons-io\commons-io\2.11.0\commons-io-2.11.0.jar, C:\Users\CMB\.m2\repository\org\springframework\cloud\spring-cloud-commons\4.1.4\spring-cloud-commons-4.1.4.jar, C:\Users\CMB\.m2\repository\org\springframework\security\spring-security-crypto\6.2.8\spring-security-crypto-6.2.8.jar, C:\Users\CMB\.m2\repository\io\github\openfeign\feign-core\13.3\feign-core-13.3.jar, C:\Users\CMB\.m2\repository\io\github\openfeign\feign-slf4j\13.3\feign-slf4j-13.3.jar, C:\Users\CMB\.m2\repository\com\paypal\sdk\checkout-sdk\2.0.0\checkout-sdk-2.0.0.jar, C:\Users\CMB\.m2\repository\com\paypal\paypalhttp\2.0.0\paypalhttp-2.0.0.jar, C:\Users\CMB\.m2\repository\org\springframework\boot\spring-boot-starter-mail\3.2.12\spring-boot-starter-mail-3.2.12.jar, C:\Users\CMB\.m2\repository\org\springframework\spring-context-support\6.1.15\spring-context-support-6.1.15.jar, C:\Users\CMB\.m2\repository\org\eclipse\angus\jakarta.mail\2.0.3\jakarta.mail-2.0.3.jar, C:\Users\CMB\.m2\repository\jakarta\activation\jakarta.activation-api\2.1.3\jakarta.activation-api-2.1.3.jar, C:\Users\CMB\.m2\repository\org\springframework\spring-core\6.1.15\spring-core-6.1.15.jar, C:\Users\CMB\.m2\repository\org\springframework\spring-jcl\6.1.15\spring-jcl-6.1.15.jar, C:\Users\CMB\.m2\repository\org\springframework\security\spring-security-core\6.2.8\spring-security-core-6.2.8.jar]
[DEBUG]   (f) compileSourceRoots = [C:\_Perfect8\Blog\shop-service\src\main\java]
[DEBUG]   (f) compilerId = javac
[DEBUG]   (f) createMissingPackageInfoClass = true
[DEBUG]   (f) debug = true
[DEBUG]   (f) debugFileName = javac
[DEBUG]   (f) enablePreview = false
[DEBUG]   (f) encoding = UTF-8
[DEBUG]   (f) failOnError = true
[DEBUG]   (f) failOnWarning = false
[DEBUG]   (f) forceJavacCompilerUse = false
[DEBUG]   (f) fork = false
[DEBUG]   (f) generatedSourcesDirectory = C:\_Perfect8\Blog\shop-service\target\generated-sources\annotations
[DEBUG]   (f) mojoExecution = org.apache.maven.plugins:maven-compiler-plugin:3.11.0:compile {execution: default-compile}
[DEBUG]   (f) optimize = false
[DEBUG]   (f) outputDirectory = C:\_Perfect8\Blog\shop-service\target\classes
[DEBUG]   (f) parameters = true
[DEBUG]   (f) project = MavenProject: com.perfect8:shop-service:1.0.0 @ C:\_Perfect8\Blog\shop-service\pom.xml
[DEBUG]   (f) projectArtifact = com.perfect8:shop-service:jar:1.0.0
[DEBUG]   (s) release = 17
[DEBUG]   (f) session = org.apache.maven.execution.MavenSession@6b8280e6
[DEBUG]   (f) showCompilationChanges = false
[DEBUG]   (f) showDeprecation = false
[DEBUG]   (f) showWarnings = true
[DEBUG]   (f) skipMultiThreadWarning = false
[DEBUG]   (f) source = 17
[DEBUG]   (f) staleMillis = 0
[DEBUG]   (s) target = 17
[DEBUG]   (f) useIncrementalCompilation = true
[DEBUG]   (f) verbose = false
[DEBUG] -- end configuration --
[DEBUG] Using compiler 'javac'.
[DEBUG] Adding C:\_Perfect8\Blog\shop-service\target\generated-sources\annotations to compile source roots:
  C:\_Perfect8\Blog\shop-service\src\main\java
[DEBUG] New compile source roots:
  C:\_Perfect8\Blog\shop-service\src\main\java
  C:\_Perfect8\Blog\shop-service\target\generated-sources\annotations
[DEBUG] Dependency collection stats {ConflictMarker.analyzeTime=8900, ConflictMarker.markTime=6800, ConflictMarker.nodeCount=2, ConflictIdSorter.graphTime=2100, ConflictIdSorter.topsortTime=13400, ConflictIdSorter.conflictIdCount=1, ConflictIdSorter.conflictIdCycleCount=0, ConflictResolver.totalTime=134200, ConflictResolver.conflictItemCount=1, DfDependencyCollector.collectTime=85900, DfDependencyCollector.transformTime=178200}
[DEBUG] CompilerReuseStrategy: reuseCreated
[DEBUG] useIncrementalCompilation enabled
[DEBUG] Stale source detected: C:\_Perfect8\Blog\shop-service\src\main\java\com\perfect8\shop\service\CustomerService.java
[DEBUG] Stale source detected: C:\_Perfect8\Blog\shop-service\src\main\java\com\perfect8\shop\dto\CohortAnalysisResponse.java
[DEBUG] Stale source detected: C:\_Perfect8\Blog\shop-service\src\main\java\com\perfect8\shop\enums\TransactionType.java
[DEBUG] Stale source detected: C:\_Perfect8\Blog\shop-service\src\main\java\com\perfect8\shop\exception\InsufficientStockException.java
[DEBUG] Stale source detected: C:\_Perfect8\Blog\shop-service\src\main\java\com\perfect8\shop\model\Order.java
[DEBUG] Stale source detected: C:\_Perfect8\Blog\shop-service\src\main\java\com\perfect8\shop\dto\PaymentMetricsResponse.java
[DEBUG] Stale source detected: C:\_Perfect8\Blog\shop-service\src\main\java\com\perfect8\shop\controller\CategoryController.java
[DEBUG] Stale source detected: C:\_Perfect8\Blog\shop-service\src\main\java\com\perfect8\shop\dto\CartHistoryResponse.java
[DEBUG] Stale source detected: C:\_Perfect8\Blog\shop-service\src\main\java\com\perfect8\shop\dto\CategoryResponse.java
[DEBUG] Stale source detected: C:\_Perfect8\Blog\shop-service\src\main\java\com\perfect8\shop\dto\ShippingOptionDTO.java
[DEBUG] Stale source detected: C:\_Perfect8\Blog\shop-service\src\main\java\com\perfect8\shop\controller\ShipmentController.java
[DEBUG] Stale source detected: C:\_Perfect8\Blog\shop-service\src\main\java\com\perfect8\shop\dto\UpdateOrderStatusRequest.java
[DEBUG] Stale source detected: C:\_Perfect8\Blog\shop-service\src\main\java\com\perfect8\shop\dto\CategoryUpdateRequest.java
[DEBUG] Stale source detected: C:\_Perfect8\Blog\shop-service\src\main\java\com\perfect8\shop\entity\Product.java
[DEBUG] Stale source detected: C:\_Perfect8\Blog\shop-service\src\main\java\com\perfect8\shop\entity\Shipment.java
[DEBUG] Stale source detected: C:\_Perfect8\Blog\shop-service\src\main\java\com\perfect8\shop\enums\OrderStatus.java
[DEBUG] Stale source detected: C:\_Perfect8\Blog\shop-service\src\main\java\com\perfect8\shop\dto\AuthDto.java
[DEBUG] Stale source detected: C:\_Perfect8\Blog\shop-service\src\main\java\com\perfect8\shop\dto\SystemAlertResponse.java
[DEBUG] Stale source detected: C:\_Perfect8\Blog\shop-service\src\main\java\com\perfect8\shop\exception\ShippingException.java
[DEBUG] Stale source detected: C:\_Perfect8\Blog\shop-service\src\main\java\com\perfect8\shop\model\Payment.java
[DEBUG] Stale source detected: C:\_Perfect8\Blog\shop-service\src\main\java\com\perfect8\shop\model\OrderItem.java
[DEBUG] Stale source detected: C:\_Perfect8\Blog\shop-service\src\main\java\com\perfect8\shop\dto\CheckoutPreparationRequest.java
[DEBUG] Stale source detected: C:\_Perfect8\Blog\shop-service\src\main\java\com\perfect8\shop\repository\InventoryTransactionRepository.java
[DEBUG] Stale source detected: C:\_Perfect8\Blog\shop-service\src\main\java\com\perfect8\shop\model\ShippingMethod.java
[DEBUG] Stale source detected: C:\_Perfect8\Blog\shop-service\src\main\java\com\perfect8\shop\dto\SalesMetricsResponse.java
[DEBUG] Stale source detected: C:\_Perfect8\Blog\shop-service\src\main\java\com\perfect8\shop\dto\ProductCreateRequest.java
[DEBUG] Stale source detected: C:\_Perfect8\Blog\shop-service\src\main\java\com\perfect8\shop\dto\TaxEstimationResponse.java
[DEBUG] Stale source detected: C:\_Perfect8\Blog\shop-service\src\main\java\com\perfect8\shop\dto\RevenueAnalyticsResponse.java
[DEBUG] Stale source detected: C:\_Perfect8\Blog\shop-service\src\main\java\com\perfect8\shop\exception\EmailAlreadyExistsException.java
[DEBUG] Stale source detected: C:\_Perfect8\Blog\shop-service\src\main\java\com\perfect8\shop\dto\ApiPerformanceResponse.java
[DEBUG] Stale source detected: C:\_Perfect8\Blog\shop-service\src\main\java\com\perfect8\shop\dto\CategoryDTO.java
[DEBUG] Stale source detected: C:\_Perfect8\Blog\shop-service\src\main\java\com\perfect8\shop\exception\OrderNotFoundException.java
[DEBUG] Stale source detected: C:\_Perfect8\Blog\shop-service\src\main\java\com\perfect8\shop\controller\ProductController.java
[DEBUG] Stale source detected: C:\_Perfect8\Blog\shop-service\src\main\java\com\perfect8\shop\model\Category.java
[DEBUG] Stale source detected: C:\_Perfect8\Blog\shop-service\src\main\java\com\perfect8\shop\dto\SavedCartResponse.java
[DEBUG] Stale source detected: C:\_Perfect8\Blog\shop-service\src\main\java\com\perfect8\shop\controller\AdminDashboardController.java
[DEBUG] Stale source detected: C:\_Perfect8\Blog\shop-service\src\main\java\com\perfect8\shop\dto\SalesReportResponse.java
[DEBUG] Stale source detected: C:\_Perfect8\Blog\shop-service\src\main\java\com\perfect8\shop\dto\AddToCartRequest.java
[DEBUG] Stale source detected: C:\_Perfect8\Blog\shop-service\src\main\java\com\perfect8\shop\exception\ProductNotFoundException.java
[DEBUG] Stale source detected: C:\_Perfect8\Blog\shop-service\src\main\java\com\perfect8\shop\controller\OrderController.java
[DEBUG] Stale source detected: C:\_Perfect8\Blog\shop-service\src\main\java\com\perfect8\shop\entity\ShipmentTracking.java
[DEBUG] Stale source detected: C:\_Perfect8\Blog\shop-service\src\main\java\com\perfect8\shop\dto\OrderStatusUpdateDTO.java
[DEBUG] Stale source detected: C:\_Perfect8\Blog\shop-service\src\main\java\com\perfect8\shop\entity\Payment.java
[DEBUG] Stale source detected: C:\_Perfect8\Blog\shop-service\src\main\java\com\perfect8\shop\entity\Cart.java
[DEBUG] Stale source detected: C:\_Perfect8\Blog\shop-service\src\main\java\com\perfect8\shop\dto\TrackingUpdateDTO.java
[DEBUG] Stale source detected: C:\_Perfect8\Blog\shop-service\src\main\java\com\perfect8\shop\dto\ExecutiveSummaryResponse.java
[DEBUG] Stale source detected: C:\_Perfect8\Blog\shop-service\src\main\java\com\perfect8\shop\entity\Customer.java
[DEBUG] Stale source detected: C:\_Perfect8\Blog\shop-service\src\main\java\com\perfect8\shop\dto\CreateOrderRequest.java
[DEBUG] Stale source detected: C:\_Perfect8\Blog\shop-service\src\main\java\com\perfect8\shop\dto\UpdateCustomerRequest.java
[DEBUG] Stale source detected: C:\_Perfect8\Blog\shop-service\src\main\java\com\perfect8\shop\entity\CartItem.java
[DEBUG] Stale source detected: C:\_Perfect8\Blog\shop-service\src\main\java\com\perfect8\shop\dto\CustomerRegistrationDTO.java
[DEBUG] Stale source detected: C:\_Perfect8\Blog\shop-service\src\main\java\com\perfect8\shop\dto\RefundRequestDTO.java
[DEBUG] Stale source detected: C:\_Perfect8\Blog\shop-service\src\main\java\com\perfect8\shop\exception\DuplicateSkuException.java
[DEBUG] Stale source detected: C:\_Perfect8\Blog\shop-service\src\main\java\com\perfect8\shop\dto\TrendAnalysisResponse.java
[DEBUG] Stale source detected: C:\_Perfect8\Blog\shop-service\src\main\java\com\perfect8\shop\service\EmailService.java
[DEBUG] Stale source detected: C:\_Perfect8\Blog\shop-service\src\main\java\com\perfect8\shop\dto\ProductUpdateRequest.java
[DEBUG] Stale source detected: C:\_Perfect8\Blog\shop-service\src\main\java\com\perfect8\shop\repository\ProductRepository.java
[DEBUG] Stale source detected: C:\_Perfect8\Blog\shop-service\src\main\java\com\perfect8\shop\dto\CheckoutPreparationResponse.java
[DEBUG] Stale source detected: C:\_Perfect8\Blog\shop-service\src\main\java\com\perfect8\shop\dto\CartResponse.java
[DEBUG] Stale source detected: C:\_Perfect8\Blog\shop-service\src\main\java\com\perfect8\shop\model\Customer.java
[DEBUG] Stale source detected: C:\_Perfect8\Blog\shop-service\src\main\java\com\perfect8\shop\model\PaymentStatus.java
[DEBUG] Stale source detected: C:\_Perfect8\Blog\shop-service\src\main\java\com\perfect8\shop\dto\SaveCartRequest.java
[DEBUG] Stale source detected: C:\_Perfect8\Blog\shop-service\src\main\java\com\perfect8\shop\dto\ApplyCouponRequest.java
[DEBUG] Stale source detected: C:\_Perfect8\Blog\shop-service\src\main\java\com\perfect8\shop\repository\CartRepository.java
[DEBUG] Stale source detected: C:\_Perfect8\Blog\shop-service\src\main\java\com\perfect8\shop\service\CartService.java
[DEBUG] Stale source detected: C:\_Perfect8\Blog\shop-service\src\main\java\com\perfect8\shop\entity\Address.java
[DEBUG] Stale source detected: C:\_Perfect8\Blog\shop-service\src\main\java\com\perfect8\shop\exception\UnauthorizedAccessException.java
[DEBUG] Stale source detected: C:\_Perfect8\Blog\shop-service\src\main\java\com\perfect8\shop\security\JwtTokenProvider.java
[DEBUG] Stale source detected: C:\_Perfect8\Blog\shop-service\src\main\java\com\perfect8\shop\controller\PaymentController.java
[DEBUG] Stale source detected: C:\_Perfect8\Blog\shop-service\src\main\java\com\perfect8\shop\exception\InvalidOrderStatusException.java
[DEBUG] Stale source detected: C:\_Perfect8\Blog\shop-service\src\main\java\com\perfect8\shop\dto\DatabasePerformanceResponse.java
[DEBUG] Stale source detected: C:\_Perfect8\Blog\shop-service\src\main\java\com\perfect8\shop\exception\CategoryNotFoundException.java
[DEBUG] Stale source detected: C:\_Perfect8\Blog\shop-service\src\main\java\com\perfect8\shop\dto\ShippingOptionResponse.java
[DEBUG] Stale source detected: C:\_Perfect8\Blog\shop-service\src\main\java\com\perfect8\shop\dto\ProductRecommendationResponse.java
[DEBUG] Stale source detected: C:\_Perfect8\Blog\shop-service\src\main\java\com\perfect8\shop\dto\CreateCustomerRequest.java
[DEBUG] Stale source detected: C:\_Perfect8\Blog\shop-service\src\main\java\com\perfect8\shop\dto\GeographicAnalyticsResponse.java
[DEBUG] Stale source detected: C:\_Perfect8\Blog\shop-service\src\main\java\com\perfect8\shop\dto\ShipmentDTO.java
[DEBUG] Stale source detected: C:\_Perfect8\Blog\shop-service\src\main\java\com\perfect8\shop\dto\InventoryMetricsResponse.java
[DEBUG] Stale source detected: C:\_Perfect8\Blog\shop-service\src\main\java\com\perfect8\shop\dto\CheckoutValidationResponse.java
[DEBUG] Stale source detected: C:\_Perfect8\Blog\shop-service\src\main\java\com\perfect8\shop\dto\ShipmentUpdateDTO.java
[DEBUG] Stale source detected: C:\_Perfect8\Blog\shop-service\src\main\java\com\perfect8\shop\service\AuthService.java
[DEBUG] Stale source detected: C:\_Perfect8\Blog\shop-service\src\main\java\com\perfect8\shop\repository\ShipmentRepository.java
[DEBUG] Stale source detected: C:\_Perfect8\Blog\shop-service\src\main\java\com\perfect8\shop\repository\PaymentRepository.java
[DEBUG] Stale source detected: C:\_Perfect8\Blog\shop-service\src\main\java\com\perfect8\shop\dto\UpdateCartItemRequest.java
[DEBUG] Stale source detected: C:\_Perfect8\Blog\shop-service\src\main\java\com\perfect8\shop\model\OrderStatus.java
[DEBUG] Stale source detected: C:\_Perfect8\Blog\shop-service\src\main\java\com\perfect8\shop\dto\CartCalculationResponse.java
[DEBUG] Stale source detected: C:\_Perfect8\Blog\shop-service\src\main\java\com\perfect8\shop\dto\ProductResponse.java
[DEBUG] Stale source detected: C:\_Perfect8\Blog\shop-service\src\main\java\com\perfect8\shop\dto\InventoryUpdateDTO.java
[DEBUG] Stale source detected: C:\_Perfect8\Blog\shop-service\src\main\java\com\perfect8\shop\dto\OrderDTO.java
[DEBUG] Stale source detected: C:\_Perfect8\Blog\shop-service\src\main\java\com\perfect8\shop\service\ShippingService.java
[DEBUG] Stale source detected: C:\_Perfect8\Blog\shop-service\src\main\java\com\perfect8\shop\dto\RealtimeMetricsResponse.java
[DEBUG] Stale source detected: C:\_Perfect8\Blog\shop-service\src\main\java\com\perfect8\shop\entity\Order.java
[DEBUG] Stale source detected: C:\_Perfect8\Blog\shop-service\src\main\java\com\perfect8\shop\service\AnalyticsService.java
[DEBUG] Stale source detected: C:\_Perfect8\Blog\shop-service\src\main\java\com\perfect8\shop\service\ProductService.java
[DEBUG] Stale source detected: C:\_Perfect8\Blog\shop-service\src\main\java\com\perfect8\shop\entity\OrderItem.java
[DEBUG] Stale source detected: C:\_Perfect8\Blog\shop-service\src\main\java\com\perfect8\shop\dto\CustomerReportResponse.java
[DEBUG] Stale source detected: C:\_Perfect8\Blog\shop-service\src\main\java\com\perfect8\shop\service\InventoryService.java
[DEBUG] Stale source detected: C:\_Perfect8\Blog\shop-service\src\main\java\com\perfect8\shop\ShopServiceApplication.java
[DEBUG] Stale source detected: C:\_Perfect8\Blog\shop-service\src\main\java\com\perfect8\shop\exception\ResourceNotFoundException.java
[DEBUG] Stale source detected: C:\_Perfect8\Blog\shop-service\src\main\java\com\perfect8\shop\model\Shipment.java
[DEBUG] Stale source detected: C:\_Perfect8\Blog\shop-service\src\main\java\com\perfect8\shop\service\OrderService.java
[DEBUG] Stale source detected: C:\_Perfect8\Blog\shop-service\src\main\java\com\perfect8\shop\dto\TaxCalculationRequest.java
[DEBUG] Stale source detected: C:\_Perfect8\Blog\shop-service\src\main\java\com\perfect8\shop\exception\PaymentException.java
[DEBUG] Stale source detected: C:\_Perfect8\Blog\shop-service\src\main\java\com\perfect8\shop\exception\PaymentProcessingException.java
[DEBUG] Stale source detected: C:\_Perfect8\Blog\shop-service\src\main\java\com\perfect8\shop\dto\CustomerDTO.java
[DEBUG] Stale source detected: C:\_Perfect8\Blog\shop-service\src\main\java\com\perfect8\shop\service\PaymentService.java
[DEBUG] Stale source detected: C:\_Perfect8\Blog\shop-service\src\main\java\com\perfect8\shop\dto\AdminDashboardResponse.java
[DEBUG] Stale source detected: C:\_Perfect8\Blog\shop-service\src\main\java\com\perfect8\shop\model\PaymentMethod.java
[DEBUG] Stale source detected: C:\_Perfect8\Blog\shop-service\src\main\java\com\perfect8\shop\dto\DashboardSummaryResponse.java
[DEBUG] Stale source detected: C:\_Perfect8\Blog\shop-service\src\main\java\com\perfect8\shop\entity\InventoryTransaction.java
[DEBUG] Stale source detected: C:\_Perfect8\Blog\shop-service\src\main\java\com\perfect8\shop\model\Product.java
[DEBUG] Stale source detected: C:\_Perfect8\Blog\shop-service\src\main\java\com\perfect8\shop\dto\OrderAttentionResponse.java
[DEBUG] Stale source detected: C:\_Perfect8\Blog\shop-service\src\main\java\com\perfect8\shop\repository\OrderRepository.java
[DEBUG] Stale source detected: C:\_Perfect8\Blog\shop-service\src\main\java\com\perfect8\shop\dto\TaxCalculationResponse.java
[DEBUG] Stale source detected: C:\_Perfect8\Blog\shop-service\src\main\java\com\perfect8\shop\repository\CartItemRepository.java
[DEBUG] Stale source detected: C:\_Perfect8\Blog\shop-service\src\main\java\com\perfect8\shop\dto\CouponValidationResponse.java
[DEBUG] Stale source detected: C:\_Perfect8\Blog\shop-service\src\main\java\com\perfect8\shop\dto\OrderItemDTO.java
[DEBUG] Stale source detected: C:\_Perfect8\Blog\shop-service\src\main\java\com\perfect8\shop\controller\CartController.java
[DEBUG] Stale source detected: C:\_Perfect8\Blog\shop-service\src\main\java\com\perfect8\shop\entity\Category.java
[DEBUG] Stale source detected: C:\_Perfect8\Blog\shop-service\src\main\java\com\perfect8\shop\dto\SystemPerformanceResponse.java
[DEBUG] Stale source detected: C:\_Perfect8\Blog\shop-service\src\main\java\com\perfect8\shop\dto\ActivityFeedResponse.java
[DEBUG] Stale source detected: C:\_Perfect8\Blog\shop-service\src\main\java\com\perfect8\shop\dto\ShippingCalculationRequest.java
[DEBUG] Stale source detected: C:\_Perfect8\Blog\shop-service\src\main\java\com\perfect8\shop\dto\NewCustomerResponse.java
[DEBUG] Stale source detected: C:\_Perfect8\Blog\shop-service\src\main\java\com\perfect8\shop\service\CategoryService.java
[DEBUG] Stale source detected: C:\_Perfect8\Blog\shop-service\src\main\java\com\perfect8\shop\dto\CustomerMetricsResponse.java
[DEBUG] Stale source detected: C:\_Perfect8\Blog\shop-service\src\main\java\com\perfect8\shop\dto\AddressDTO.java
[DEBUG] Stale source detected: C:\_Perfect8\Blog\shop-service\src\main\java\com\perfect8\shop\controller\CustomerController.java
[DEBUG] Stale source detected: C:\_Perfect8\Blog\shop-service\src\main\java\com\perfect8\shop\dto\ApiResponse.java
[DEBUG] Stale source detected: C:\_Perfect8\Blog\shop-service\src\main\java\com\perfect8\shop\repository\CustomerRepository.java
[DEBUG] Stale source detected: C:\_Perfect8\Blog\shop-service\src\main\java\com\perfect8\shop\dto\OrderRequestDTO.java
[DEBUG] Stale source detected: C:\_Perfect8\Blog\shop-service\src\main\java\com\perfect8\shop\dto\StockAdjustmentDTO.java
[DEBUG] Stale source detected: C:\_Perfect8\Blog\shop-service\src\main\java\com\perfect8\shop\dto\CartItemResponse.java
[DEBUG] Stale source detected: C:\_Perfect8\Blog\shop-service\src\main\java\com\perfect8\shop\service\ShipmentService.java
[DEBUG] Stale source detected: C:\_Perfect8\Blog\shop-service\src\main\java\com\perfect8\shop\exception\ValidationException.java
[DEBUG] Stale source detected: C:\_Perfect8\Blog\shop-service\src\main\java\com\perfect8\shop\dto\CustomerUpdateDTO.java
[DEBUG] Stale source detected: C:\_Perfect8\Blog\shop-service\src\main\java\com\perfect8\shop\dto\PaymentIssueResponse.java
[DEBUG] Stale source detected: C:\_Perfect8\Blog\shop-service\src\main\java\com\perfect8\shop\dto\CategoryTreeResponse.java
[DEBUG] Stale source detected: C:\_Perfect8\Blog\shop-service\src\main\java\com\perfect8\shop\dto\PaymentResponseDTO.java
[DEBUG] Stale source detected: C:\_Perfect8\Blog\shop-service\src\main\java\com\perfect8\shop\repository\OrderItemRepository.java
[DEBUG] Stale source detected: C:\_Perfect8\Blog\shop-service\src\main\java\com\perfect8\shop\dto\LowStockAlertResponse.java
[DEBUG] Stale source detected: C:\_Perfect8\Blog\shop-service\src\main\java\com\perfect8\shop\enums\ItemStatus.java
[DEBUG] Stale source detected: C:\_Perfect8\Blog\shop-service\src\main\java\com\perfect8\shop\dto\ProductAnalyticsResponse.java
[DEBUG] Stale source detected: C:\_Perfect8\Blog\shop-service\src\main\java\com\perfect8\shop\dto\CartSummaryResponse.java
[DEBUG] Stale source detected: C:\_Perfect8\Blog\shop-service\src\main\java\com\perfect8\shop\repository\AddressRepository.java
[DEBUG] Stale source detected: C:\_Perfect8\Blog\shop-service\src\main\java\com\perfect8\shop\repository\CategoryRepository.java
[DEBUG] Stale source detected: C:\_Perfect8\Blog\shop-service\src\main\java\com\perfect8\shop\model\ShipmentStatus.java
[DEBUG] Stale source detected: C:\_Perfect8\Blog\shop-service\src\main\java\com\perfect8\shop\exception\CustomerNotFoundException.java
[DEBUG] Stale source detected: C:\_Perfect8\Blog\shop-service\src\main\java\com\perfect8\shop\dto\CategoryCreateRequest.java
[DEBUG] Stale source detected: C:\_Perfect8\Blog\shop-service\src\main\java\com\perfect8\shop\dto\ProductDTO.java
[DEBUG] Stale source detected: C:\_Perfect8\Blog\shop-service\src\main\java\com\perfect8\shop\dto\InventoryReportResponse.java
[DEBUG] Stale source detected: C:\_Perfect8\Blog\shop-service\src\main\java\com\perfect8\shop\dto\JwtResponse.java
[DEBUG] Stale source detected: C:\_Perfect8\Blog\shop-service\src\main\java\com\perfect8\shop\dto\PaymentRequestDTO.java
[INFO] Changes detected - recompiling the module! :source
[DEBUG] Classpath:
[DEBUG]  C:\_Perfect8\Blog\shop-service\target\classes
[DEBUG]  C:\Users\CMB\.m2\repository\org\springframework\boot\spring-boot-starter-web\3.2.12\spring-boot-starter-web-3.2.12.jar
[DEBUG]  C:\Users\CMB\.m2\repository\org\springframework\boot\spring-boot-starter\3.2.12\spring-boot-starter-3.2.12.jar
[DEBUG]  C:\Users\CMB\.m2\repository\org\springframework\boot\spring-boot\3.2.12\spring-boot-3.2.12.jar
[DEBUG]  C:\Users\CMB\.m2\repository\org\springframework\boot\spring-boot-autoconfigure\3.2.12\spring-boot-autoconfigure-3.2.12.jar
[DEBUG]  C:\Users\CMB\.m2\repository\org\springframework\boot\spring-boot-starter-logging\3.2.12\spring-boot-starter-logging-3.2.12.jar
[DEBUG]  C:\Users\CMB\.m2\repository\ch\qos\logback\logback-classic\1.4.14\logback-classic-1.4.14.jar
[DEBUG]  C:\Users\CMB\.m2\repository\ch\qos\logback\logback-core\1.4.14\logback-core-1.4.14.jar
[DEBUG]  C:\Users\CMB\.m2\repository\org\apache\logging\log4j\log4j-to-slf4j\2.21.1\log4j-to-slf4j-2.21.1.jar
[DEBUG]  C:\Users\CMB\.m2\repository\org\apache\logging\log4j\log4j-api\2.21.1\log4j-api-2.21.1.jar
[DEBUG]  C:\Users\CMB\.m2\repository\org\slf4j\jul-to-slf4j\2.0.16\jul-to-slf4j-2.0.16.jar
[DEBUG]  C:\Users\CMB\.m2\repository\jakarta\annotation\jakarta.annotation-api\2.1.1\jakarta.annotation-api-2.1.1.jar
[DEBUG]  C:\Users\CMB\.m2\repository\org\yaml\snakeyaml\2.2\snakeyaml-2.2.jar
[DEBUG]  C:\Users\CMB\.m2\repository\org\springframework\boot\spring-boot-starter-json\3.2.12\spring-boot-starter-json-3.2.12.jar
[DEBUG]  C:\Users\CMB\.m2\repository\com\fasterxml\jackson\datatype\jackson-datatype-jdk8\2.15.4\jackson-datatype-jdk8-2.15.4.jar
[DEBUG]  C:\Users\CMB\.m2\repository\com\fasterxml\jackson\datatype\jackson-datatype-jsr310\2.15.4\jackson-datatype-jsr310-2.15.4.jar
[DEBUG]  C:\Users\CMB\.m2\repository\com\fasterxml\jackson\module\jackson-module-parameter-names\2.15.4\jackson-module-parameter-names-2.15.4.jar
[DEBUG]  C:\Users\CMB\.m2\repository\org\springframework\boot\spring-boot-starter-tomcat\3.2.12\spring-boot-starter-tomcat-3.2.12.jar
[DEBUG]  C:\Users\CMB\.m2\repository\org\apache\tomcat\embed\tomcat-embed-core\10.1.33\tomcat-embed-core-10.1.33.jar
[DEBUG]  C:\Users\CMB\.m2\repository\org\apache\tomcat\embed\tomcat-embed-websocket\10.1.33\tomcat-embed-websocket-10.1.33.jar
[DEBUG]  C:\Users\CMB\.m2\repository\org\springframework\spring-web\6.1.15\spring-web-6.1.15.jar
[DEBUG]  C:\Users\CMB\.m2\repository\org\springframework\spring-beans\6.1.15\spring-beans-6.1.15.jar
[DEBUG]  C:\Users\CMB\.m2\repository\io\micrometer\micrometer-observation\1.12.13\micrometer-observation-1.12.13.jar
[DEBUG]  C:\Users\CMB\.m2\repository\io\micrometer\micrometer-commons\1.12.13\micrometer-commons-1.12.13.jar
[DEBUG]  C:\Users\CMB\.m2\repository\org\springframework\spring-webmvc\6.1.15\spring-webmvc-6.1.15.jar
[DEBUG]  C:\Users\CMB\.m2\repository\org\springframework\spring-context\6.1.15\spring-context-6.1.15.jar
[DEBUG]  C:\Users\CMB\.m2\repository\org\springframework\spring-expression\6.1.15\spring-expression-6.1.15.jar
[DEBUG]  C:\Users\CMB\.m2\repository\org\springframework\boot\spring-boot-starter-data-jpa\3.2.12\spring-boot-starter-data-jpa-3.2.12.jar
[DEBUG]  C:\Users\CMB\.m2\repository\org\springframework\boot\spring-boot-starter-aop\3.2.12\spring-boot-starter-aop-3.2.12.jar
[DEBUG]  C:\Users\CMB\.m2\repository\org\aspectj\aspectjweaver\1.9.22.1\aspectjweaver-1.9.22.1.jar
[DEBUG]  C:\Users\CMB\.m2\repository\org\springframework\boot\spring-boot-starter-jdbc\3.2.12\spring-boot-starter-jdbc-3.2.12.jar
[DEBUG]  C:\Users\CMB\.m2\repository\com\zaxxer\HikariCP\5.0.1\HikariCP-5.0.1.jar
[DEBUG]  C:\Users\CMB\.m2\repository\org\springframework\spring-jdbc\6.1.15\spring-jdbc-6.1.15.jar
[DEBUG]  C:\Users\CMB\.m2\repository\org\hibernate\orm\hibernate-core\6.4.10.Final\hibernate-core-6.4.10.Final.jar
[DEBUG]  C:\Users\CMB\.m2\repository\jakarta\persistence\jakarta.persistence-api\3.1.0\jakarta.persistence-api-3.1.0.jar
[DEBUG]  C:\Users\CMB\.m2\repository\jakarta\transaction\jakarta.transaction-api\2.0.1\jakarta.transaction-api-2.0.1.jar
[DEBUG]  C:\Users\CMB\.m2\repository\org\jboss\logging\jboss-logging\3.5.3.Final\jboss-logging-3.5.3.Final.jar
[DEBUG]  C:\Users\CMB\.m2\repository\com\fasterxml\classmate\1.6.0\classmate-1.6.0.jar
[DEBUG]  C:\Users\CMB\.m2\repository\org\antlr\antlr4-runtime\4.13.0\antlr4-runtime-4.13.0.jar
[DEBUG]  C:\Users\CMB\.m2\repository\org\springframework\data\spring-data-jpa\3.2.12\spring-data-jpa-3.2.12.jar
[DEBUG]  C:\Users\CMB\.m2\repository\org\springframework\data\spring-data-commons\3.2.12\spring-data-commons-3.2.12.jar
[DEBUG]  C:\Users\CMB\.m2\repository\org\springframework\spring-orm\6.1.15\spring-orm-6.1.15.jar
[DEBUG]  C:\Users\CMB\.m2\repository\org\springframework\spring-tx\6.1.15\spring-tx-6.1.15.jar
[DEBUG]  C:\Users\CMB\.m2\repository\org\slf4j\slf4j-api\2.0.16\slf4j-api-2.0.16.jar
[DEBUG]  C:\Users\CMB\.m2\repository\org\springframework\spring-aspects\6.1.15\spring-aspects-6.1.15.jar
[DEBUG]  C:\Users\CMB\.m2\repository\org\springframework\boot\spring-boot-starter-security\3.2.12\spring-boot-starter-security-3.2.12.jar
[DEBUG]  C:\Users\CMB\.m2\repository\org\springframework\spring-aop\6.1.15\spring-aop-6.1.15.jar
[DEBUG]  C:\Users\CMB\.m2\repository\org\springframework\security\spring-security-config\6.2.8\spring-security-config-6.2.8.jar
[DEBUG]  C:\Users\CMB\.m2\repository\org\springframework\security\spring-security-web\6.2.8\spring-security-web-6.2.8.jar
[DEBUG]  C:\Users\CMB\.m2\repository\org\springframework\boot\spring-boot-starter-validation\3.2.12\spring-boot-starter-validation-3.2.12.jar
[DEBUG]  C:\Users\CMB\.m2\repository\org\apache\tomcat\embed\tomcat-embed-el\10.1.33\tomcat-embed-el-10.1.33.jar
[DEBUG]  C:\Users\CMB\.m2\repository\org\hibernate\validator\hibernate-validator\8.0.1.Final\hibernate-validator-8.0.1.Final.jar
[DEBUG]  C:\Users\CMB\.m2\repository\jakarta\validation\jakarta.validation-api\3.0.2\jakarta.validation-api-3.0.2.jar
[DEBUG]  C:\Users\CMB\.m2\repository\org\projectlombok\lombok\1.18.30\lombok-1.18.30.jar
[DEBUG]  C:\Users\CMB\.m2\repository\io\jsonwebtoken\jjwt-api\0.12.3\jjwt-api-0.12.3.jar
[DEBUG]  C:\Users\CMB\.m2\repository\com\fasterxml\jackson\core\jackson-databind\2.15.4\jackson-databind-2.15.4.jar
[DEBUG]  C:\Users\CMB\.m2\repository\com\fasterxml\jackson\core\jackson-annotations\2.15.4\jackson-annotations-2.15.4.jar
[DEBUG]  C:\Users\CMB\.m2\repository\com\fasterxml\jackson\core\jackson-core\2.15.4\jackson-core-2.15.4.jar
[DEBUG]  C:\Users\CMB\.m2\repository\org\springframework\cloud\spring-cloud-starter-openfeign\4.1.0\spring-cloud-starter-openfeign-4.1.0.jar
[DEBUG]  C:\Users\CMB\.m2\repository\org\springframework\cloud\spring-cloud-starter\4.1.4\spring-cloud-starter-4.1.4.jar
[DEBUG]  C:\Users\CMB\.m2\repository\org\springframework\cloud\spring-cloud-context\4.1.4\spring-cloud-context-4.1.4.jar
[DEBUG]  C:\Users\CMB\.m2\repository\org\springframework\security\spring-security-rsa\1.1.3\spring-security-rsa-1.1.3.jar
[DEBUG]  C:\Users\CMB\.m2\repository\org\bouncycastle\bcprov-jdk18on\1.78\bcprov-jdk18on-1.78.jar
[DEBUG]  C:\Users\CMB\.m2\repository\org\springframework\cloud\spring-cloud-openfeign-core\4.1.3\spring-cloud-openfeign-core-4.1.3.jar
[DEBUG]  C:\Users\CMB\.m2\repository\io\github\openfeign\form\feign-form-spring\3.8.0\feign-form-spring-3.8.0.jar
[DEBUG]  C:\Users\CMB\.m2\repository\io\github\openfeign\form\feign-form\3.8.0\feign-form-3.8.0.jar
[DEBUG]  C:\Users\CMB\.m2\repository\commons-fileupload\commons-fileupload\1.5\commons-fileupload-1.5.jar
[DEBUG]  C:\Users\CMB\.m2\repository\commons-io\commons-io\2.11.0\commons-io-2.11.0.jar
[DEBUG]  C:\Users\CMB\.m2\repository\org\springframework\cloud\spring-cloud-commons\4.1.4\spring-cloud-commons-4.1.4.jar
[DEBUG]  C:\Users\CMB\.m2\repository\org\springframework\security\spring-security-crypto\6.2.8\spring-security-crypto-6.2.8.jar
[DEBUG]  C:\Users\CMB\.m2\repository\io\github\openfeign\feign-core\13.3\feign-core-13.3.jar
[DEBUG]  C:\Users\CMB\.m2\repository\io\github\openfeign\feign-slf4j\13.3\feign-slf4j-13.3.jar
[DEBUG]  C:\Users\CMB\.m2\repository\com\paypal\sdk\checkout-sdk\2.0.0\checkout-sdk-2.0.0.jar
[DEBUG]  C:\Users\CMB\.m2\repository\com\paypal\paypalhttp\2.0.0\paypalhttp-2.0.0.jar
[DEBUG]  C:\Users\CMB\.m2\repository\org\springframework\boot\spring-boot-starter-mail\3.2.12\spring-boot-starter-mail-3.2.12.jar
[DEBUG]  C:\Users\CMB\.m2\repository\org\springframework\spring-context-support\6.1.15\spring-context-support-6.1.15.jar
[DEBUG]  C:\Users\CMB\.m2\repository\org\eclipse\angus\jakarta.mail\2.0.3\jakarta.mail-2.0.3.jar
[DEBUG]  C:\Users\CMB\.m2\repository\jakarta\activation\jakarta.activation-api\2.1.3\jakarta.activation-api-2.1.3.jar
[DEBUG]  C:\Users\CMB\.m2\repository\org\springframework\spring-core\6.1.15\spring-core-6.1.15.jar
[DEBUG]  C:\Users\CMB\.m2\repository\org\springframework\spring-jcl\6.1.15\spring-jcl-6.1.15.jar
[DEBUG]  C:\Users\CMB\.m2\repository\org\springframework\security\spring-security-core\6.2.8\spring-security-core-6.2.8.jar
[DEBUG] Source roots:
[DEBUG]  C:\_Perfect8\Blog\shop-service\src\main\java
[DEBUG]  C:\_Perfect8\Blog\shop-service\target\generated-sources\annotations
[DEBUG] Command line options:
[DEBUG] -d C:\_Perfect8\Blog\shop-service\target\classes -classpath C:\_Perfect8\Blog\shop-service\target\classes;C:\Users\CMB\.m2\repository\org\springframework\boot\spring-boot-starter-web\3.2.12\spring-boot-starter-web-3.2.12.jar;C:\Users\CMB\.m2\repository\org\springframework\boot\spring-boot-starter\3.2.12\spring-boot-starter-3.2.12.jar;C:\Users\CMB\.m2\repository\org\springframework\boot\spring-boot\3.2.12\spring-boot-3.2.12.jar;C:\Users\CMB\.m2\repository\org\springframework\boot\spring-boot-autoconfigure\3.2.12\spring-boot-autoconfigure-3.2.12.jar;C:\Users\CMB\.m2\repository\org\springframework\boot\spring-boot-starter-logging\3.2.12\spring-boot-starter-logging-3.2.12.jar;C:\Users\CMB\.m2\repository\ch\qos\logback\logback-classic\1.4.14\logback-classic-1.4.14.jar;C:\Users\CMB\.m2\repository\ch\qos\logback\logback-core\1.4.14\logback-core-1.4.14.jar;C:\Users\CMB\.m2\repository\org\apache\logging\log4j\log4j-to-slf4j\2.21.1\log4j-to-slf4j-2.21.1.jar;C:\Users\CMB\.m2\repository\org\apache\logging\log4j\log4j-api\2.21.1\log4j-api-2.21.1.jar;C:\Users\CMB\.m2\repository\org\slf4j\jul-to-slf4j\2.0.16\jul-to-slf4j-2.0.16.jar;C:\Users\CMB\.m2\repository\jakarta\annotation\jakarta.annotation-api\2.1.1\jakarta.annotation-api-2.1.1.jar;C:\Users\CMB\.m2\repository\org\yaml\snakeyaml\2.2\snakeyaml-2.2.jar;C:\Users\CMB\.m2\repository\org\springframework\boot\spring-boot-starter-json\3.2.12\spring-boot-starter-json-3.2.12.jar;C:\Users\CMB\.m2\repository\com\fasterxml\jackson\datatype\jackson-datatype-jdk8\2.15.4\jackson-datatype-jdk8-2.15.4.jar;C:\Users\CMB\.m2\repository\com\fasterxml\jackson\datatype\jackson-datatype-jsr310\2.15.4\jackson-datatype-jsr310-2.15.4.jar;C:\Users\CMB\.m2\repository\com\fasterxml\jackson\module\jackson-module-parameter-names\2.15.4\jackson-module-parameter-names-2.15.4.jar;C:\Users\CMB\.m2\repository\org\springframework\boot\spring-boot-starter-tomcat\3.2.12\spring-boot-starter-tomcat-3.2.12.jar;C:\Users\CMB\.m2\repository\org\apache\tomcat\embed\tomcat-embed-core\10.1.33\tomcat-embed-core-10.1.33.jar;C:\Users\CMB\.m2\repository\org\apache\tomcat\embed\tomcat-embed-websocket\10.1.33\tomcat-embed-websocket-10.1.33.jar;C:\Users\CMB\.m2\repository\org\springframework\spring-web\6.1.15\spring-web-6.1.15.jar;C:\Users\CMB\.m2\repository\org\springframework\spring-beans\6.1.15\spring-beans-6.1.15.jar;C:\Users\CMB\.m2\repository\io\micrometer\micrometer-observation\1.12.13\micrometer-observation-1.12.13.jar;C:\Users\CMB\.m2\repository\io\micrometer\micrometer-commons\1.12.13\micrometer-commons-1.12.13.jar;C:\Users\CMB\.m2\repository\org\springframework\spring-webmvc\6.1.15\spring-webmvc-6.1.15.jar;C:\Users\CMB\.m2\repository\org\springframework\spring-context\6.1.15\spring-context-6.1.15.jar;C:\Users\CMB\.m2\repository\org\springframework\spring-expression\6.1.15\spring-expression-6.1.15.jar;C:\Users\CMB\.m2\repository\org\springframework\boot\spring-boot-starter-data-jpa\3.2.12\spring-boot-starter-data-jpa-3.2.12.jar;C:\Users\CMB\.m2\repository\org\springframework\boot\spring-boot-starter-aop\3.2.12\spring-boot-starter-aop-3.2.12.jar;C:\Users\CMB\.m2\repository\org\aspectj\aspectjweaver\1.9.22.1\aspectjweaver-1.9.22.1.jar;C:\Users\CMB\.m2\repository\org\springframework\boot\spring-boot-starter-jdbc\3.2.12\spring-boot-starter-jdbc-3.2.12.jar;C:\Users\CMB\.m2\repository\com\zaxxer\HikariCP\5.0.1\HikariCP-5.0.1.jar;C:\Users\CMB\.m2\repository\org\springframework\spring-jdbc\6.1.15\spring-jdbc-6.1.15.jar;C:\Users\CMB\.m2\repository\org\hibernate\orm\hibernate-core\6.4.10.Final\hibernate-core-6.4.10.Final.jar;C:\Users\CMB\.m2\repository\jakarta\persistence\jakarta.persistence-api\3.1.0\jakarta.persistence-api-3.1.0.jar;C:\Users\CMB\.m2\repository\jakarta\transaction\jakarta.transaction-api\2.0.1\jakarta.transaction-api-2.0.1.jar;C:\Users\CMB\.m2\repository\org\jboss\logging\jboss-logging\3.5.3.Final\jboss-logging-3.5.3.Final.jar;C:\Users\CMB\.m2\repository\com\fasterxml\classmate\1.6.0\classmate-1.6.0.jar;C:\Users\CMB\.m2\repository\org\antlr\antlr4-runtime\4.13.0\antlr4-runtime-4.13.0.jar;C:\Users\CMB\.m2\repository\org\springframework\data\spring-data-jpa\3.2.12\spring-data-jpa-3.2.12.jar;C:\Users\CMB\.m2\repository\org\springframework\data\spring-data-commons\3.2.12\spring-data-commons-3.2.12.jar;C:\Users\CMB\.m2\repository\org\springframework\spring-orm\6.1.15\spring-orm-6.1.15.jar;C:\Users\CMB\.m2\repository\org\springframework\spring-tx\6.1.15\spring-tx-6.1.15.jar;C:\Users\CMB\.m2\repository\org\slf4j\slf4j-api\2.0.16\slf4j-api-2.0.16.jar;C:\Users\CMB\.m2\repository\org\springframework\spring-aspects\6.1.15\spring-aspects-6.1.15.jar;C:\Users\CMB\.m2\repository\org\springframework\boot\spring-boot-starter-security\3.2.12\spring-boot-starter-security-3.2.12.jar;C:\Users\CMB\.m2\repository\org\springframework\spring-aop\6.1.15\spring-aop-6.1.15.jar;C:\Users\CMB\.m2\repository\org\springframework\security\spring-security-config\6.2.8\spring-security-config-6.2.8.jar;C:\Users\CMB\.m2\repository\org\springframework\security\spring-security-web\6.2.8\spring-security-web-6.2.8.jar;C:\Users\CMB\.m2\repository\org\springframework\boot\spring-boot-starter-validation\3.2.12\spring-boot-starter-validation-3.2.12.jar;C:\Users\CMB\.m2\repository\org\apache\tomcat\embed\tomcat-embed-el\10.1.33\tomcat-embed-el-10.1.33.jar;C:\Users\CMB\.m2\repository\org\hibernate\validator\hibernate-validator\8.0.1.Final\hibernate-validator-8.0.1.Final.jar;C:\Users\CMB\.m2\repository\jakarta\validation\jakarta.validation-api\3.0.2\jakarta.validation-api-3.0.2.jar;C:\Users\CMB\.m2\repository\org\projectlombok\lombok\1.18.30\lombok-1.18.30.jar;C:\Users\CMB\.m2\repository\io\jsonwebtoken\jjwt-api\0.12.3\jjwt-api-0.12.3.jar;C:\Users\CMB\.m2\repository\com\fasterxml\jackson\core\jackson-databind\2.15.4\jackson-databind-2.15.4.jar;C:\Users\CMB\.m2\repository\com\fasterxml\jackson\core\jackson-annotations\2.15.4\jackson-annotations-2.15.4.jar;C:\Users\CMB\.m2\repository\com\fasterxml\jackson\core\jackson-core\2.15.4\jackson-core-2.15.4.jar;C:\Users\CMB\.m2\repository\org\springframework\cloud\spring-cloud-starter-openfeign\4.1.0\spring-cloud-starter-openfeign-4.1.0.jar;C:\Users\CMB\.m2\repository\org\springframework\cloud\spring-cloud-starter\4.1.4\spring-cloud-starter-4.1.4.jar;C:\Users\CMB\.m2\repository\org\springframework\cloud\spring-cloud-context\4.1.4\spring-cloud-context-4.1.4.jar;C:\Users\CMB\.m2\repository\org\springframework\security\spring-security-rsa\1.1.3\spring-security-rsa-1.1.3.jar;C:\Users\CMB\.m2\repository\org\bouncycastle\bcprov-jdk18on\1.78\bcprov-jdk18on-1.78.jar;C:\Users\CMB\.m2\repository\org\springframework\cloud\spring-cloud-openfeign-core\4.1.3\spring-cloud-openfeign-core-4.1.3.jar;C:\Users\CMB\.m2\repository\io\github\openfeign\form\feign-form-spring\3.8.0\feign-form-spring-3.8.0.jar;C:\Users\CMB\.m2\repository\io\github\openfeign\form\feign-form\3.8.0\feign-form-3.8.0.jar;C:\Users\CMB\.m2\repository\commons-fileupload\commons-fileupload\1.5\commons-fileupload-1.5.jar;C:\Users\CMB\.m2\repository\commons-io\commons-io\2.11.0\commons-io-2.11.0.jar;C:\Users\CMB\.m2\repository\org\springframework\cloud\spring-cloud-commons\4.1.4\spring-cloud-commons-4.1.4.jar;C:\Users\CMB\.m2\repository\org\springframework\security\spring-security-crypto\6.2.8\spring-security-crypto-6.2.8.jar;C:\Users\CMB\.m2\repository\io\github\openfeign\feign-core\13.3\feign-core-13.3.jar;C:\Users\CMB\.m2\repository\io\github\openfeign\feign-slf4j\13.3\feign-slf4j-13.3.jar;C:\Users\CMB\.m2\repository\com\paypal\sdk\checkout-sdk\2.0.0\checkout-sdk-2.0.0.jar;C:\Users\CMB\.m2\repository\com\paypal\paypalhttp\2.0.0\paypalhttp-2.0.0.jar;C:\Users\CMB\.m2\repository\org\springframework\boot\spring-boot-starter-mail\3.2.12\spring-boot-starter-mail-3.2.12.jar;C:\Users\CMB\.m2\repository\org\springframework\spring-context-support\6.1.15\spring-context-support-6.1.15.jar;C:\Users\CMB\.m2\repository\org\eclipse\angus\jakarta.mail\2.0.3\jakarta.mail-2.0.3.jar;C:\Users\CMB\.m2\repository\jakarta\activation\jakarta.activation-api\2.1.3\jakarta.activation-api-2.1.3.jar;C:\Users\CMB\.m2\repository\org\springframework\spring-core\6.1.15\spring-core-6.1.15.jar;C:\Users\CMB\.m2\repository\org\springframework\spring-jcl\6.1.15\spring-jcl-6.1.15.jar;C:\Users\CMB\.m2\repository\org\springframework\security\spring-security-core\6.2.8\spring-security-core-6.2.8.jar; -sourcepath C:\_Perfect8\Blog\shop-service\src\main\java;C:\_Perfect8\Blog\shop-service\target\generated-sources\annotations; -s C:\_Perfect8\Blog\shop-service\target\generated-sources\annotations -processorpath C:\Users\CMB\.m2\repository\org\projectlombok\lombok\1.18.30\lombok-1.18.30.jar; -g -parameters --release 17 -encoding UTF-8
[DEBUG] incrementalBuildHelper#beforeRebuildExecution
[INFO] Compiling 152 source files with javac [debug release 17] to target\classes
[DEBUG] incrementalBuildHelper#afterRebuildExecution
[INFO] /C:/_Perfect8/Blog/shop-service/src/main/java/com/perfect8/shop/entity/Product.java: Some input files use or override a deprecated API.
[INFO] /C:/_Perfect8/Blog/shop-service/src/main/java/com/perfect8/shop/entity/Product.java: Recompile with -Xlint:deprecation for details.
[INFO] -------------------------------------------------------------
[ERROR] COMPILATION ERROR : 
[INFO] -------------------------------------------------------------
[ERROR] /C:/_Perfect8/Blog/shop-service/src/main/java/com/perfect8/shop/service/ShippingService.java:[169,62] cannot find symbol
  symbol:   method getId()
  location: variable order of type com.perfect8.shop.entity.Order
[ERROR] /C:/_Perfect8/Blog/shop-service/src/main/java/com/perfect8/shop/service/AuthService.java:[62,44] cannot find symbol
  symbol:   method generateCustomerToken(java.lang.Long,java.lang.String,java.lang.String,java.lang.String)
  location: variable jwtTokenProvider of type com.perfect8.shop.security.JwtTokenProvider
[ERROR] /C:/_Perfect8/Blog/shop-service/src/main/java/com/perfect8/shop/service/AuthService.java:[135,32] cannot find symbol
  symbol:   method getUserIdFromToken(java.lang.String)
  location: variable jwtTokenProvider of type com.perfect8.shop.security.JwtTokenProvider
[ERROR] /C:/_Perfect8/Blog/shop-service/src/main/java/com/perfect8/shop/service/AuthService.java:[142,32] cannot find symbol
  symbol:   method getEmailFromToken(java.lang.String)
  location: variable jwtTokenProvider of type com.perfect8.shop.security.JwtTokenProvider
[ERROR] /C:/_Perfect8/Blog/shop-service/src/main/java/com/perfect8/shop/controller/PaymentController.java:[322,40] cannot find symbol
  symbol:   method resolveToken(jakarta.servlet.http.HttpServletRequest)
  location: variable jwtTokenProvider of type com.perfect8.shop.security.JwtTokenProvider
[ERROR] /C:/_Perfect8/Blog/shop-service/src/main/java/com/perfect8/shop/controller/PaymentController.java:[324,36] cannot find symbol
  symbol:   method getUserIdFromToken(java.lang.String)
  location: variable jwtTokenProvider of type com.perfect8.shop.security.JwtTokenProvider
[ERROR] /C:/_Perfect8/Blog/shop-service/src/main/java/com/perfect8/shop/controller/PaymentController.java:[330,40] cannot find symbol
  symbol:   method resolveToken(jakarta.servlet.http.HttpServletRequest)
  location: variable jwtTokenProvider of type com.perfect8.shop.security.JwtTokenProvider
[ERROR] /C:/_Perfect8/Blog/shop-service/src/main/java/com/perfect8/shop/controller/PaymentController.java:[332,47] cannot find symbol
  symbol:   method getRoleFromToken(java.lang.String)
  location: variable jwtTokenProvider of type com.perfect8.shop.security.JwtTokenProvider
[ERROR] /C:/_Perfect8/Blog/shop-service/src/main/java/com/perfect8/shop/service/PaymentService.java:[51,101] cannot find symbol
  symbol:   method getId()
  location: class com.perfect8.shop.entity.Order
[ERROR] /C:/_Perfect8/Blog/shop-service/src/main/java/com/perfect8/shop/service/PaymentService.java:[69,52] cannot find symbol
  symbol:   method getId()
  location: class com.perfect8.shop.entity.Order
[ERROR] /C:/_Perfect8/Blog/shop-service/src/main/java/com/perfect8/shop/service/PaymentService.java:[173,67] cannot find symbol
  symbol:   method getId()
  location: class com.perfect8.shop.entity.Order
[ERROR] /C:/_Perfect8/Blog/shop-service/src/main/java/com/perfect8/shop/service/OrderService.java:[53,18] cannot find symbol
  symbol:   method setStatus(com.perfect8.shop.enums.OrderStatus)
  location: variable order of type com.perfect8.shop.entity.Order
[ERROR] /C:/_Perfect8/Blog/shop-service/src/main/java/com/perfect8/shop/service/OrderService.java:[83,18] cannot find symbol
  symbol:   method setSubtotalAmount(orderReque[...]total)
  location: variable order of type com.perfect8.shop.entity.Order
[ERROR] /C:/_Perfect8/Blog/shop-service/src/main/java/com/perfect8/shop/service/OrderService.java:[97,65] cannot find symbol
  symbol:   method getId()
  location: variable savedOrder of type com.perfect8.shop.entity.Order
[ERROR] /C:/_Perfect8/Blog/shop-service/src/main/java/com/perfect8/shop/service/OrderService.java:[149,47] cannot find symbol
  symbol:   method getStatus()
  location: variable order of type com.perfect8.shop.entity.Order
[ERROR] /C:/_Perfect8/Blog/shop-service/src/main/java/com/perfect8/shop/service/OrderService.java:[150,96] cannot find symbol
  symbol:   method getStatus()
  location: variable order of type com.perfect8.shop.entity.Order
[ERROR] /C:/_Perfect8/Blog/shop-service/src/main/java/com/perfect8/shop/service/OrderService.java:[153,18] cannot find symbol
  symbol:   method setStatus(com.perfect8.shop.enums.OrderStatus)
  location: variable order of type com.perfect8.shop.entity.Order
[ERROR] /C:/_Perfect8/Blog/shop-service/src/main/java/com/perfect8/shop/service/OrderService.java:[180,22] cannot find symbol
  symbol:   method getStatus()
  location: variable order of type com.perfect8.shop.entity.Order
[ERROR] /C:/_Perfect8/Blog/shop-service/src/main/java/com/perfect8/shop/service/OrderService.java:[181,26] cannot find symbol
  symbol:   method getStatus()
  location: variable order of type com.perfect8.shop.entity.Order
[ERROR] /C:/_Perfect8/Blog/shop-service/src/main/java/com/perfect8/shop/service/OrderService.java:[182,96] cannot find symbol
  symbol:   method getStatus()
  location: variable order of type com.perfect8.shop.entity.Order
[ERROR] /C:/_Perfect8/Blog/shop-service/src/main/java/com/perfect8/shop/service/OrderService.java:[185,18] cannot find symbol
  symbol:   method setStatus(com.perfect8.shop.enums.OrderStatus)
  location: variable order of type com.perfect8.shop.entity.Order
[ERROR] /C:/_Perfect8/Blog/shop-service/src/main/java/com/perfect8/shop/service/OrderService.java:[275,18] cannot find symbol
  symbol:   method setStatus(com.perfect8.shop.enums.OrderStatus)
  location: variable order of type com.perfect8.shop.entity.Order
[ERROR] /C:/_Perfect8/Blog/shop-service/src/main/java/com/perfect8/shop/service/OrderService.java:[305,22] cannot find symbol
  symbol:   method setStatus(com.perfect8.shop.enums.OrderStatus)
  location: variable order of type com.perfect8.shop.entity.Order
[ERROR] /C:/_Perfect8/Blog/shop-service/src/main/java/com/perfect8/shop/service/OrderService.java:[307,22] cannot find symbol
  symbol:   method setStatus(com.perfect8.shop.enums.OrderStatus)
  location: variable order of type com.perfect8.shop.entity.Order
[ERROR] /C:/_Perfect8/Blog/shop-service/src/main/java/com/perfect8/shop/service/OrderService.java:[330,22] cannot find symbol
  symbol:   method getStatus()
  location: variable order of type com.perfect8.shop.entity.Order
[ERROR] /C:/_Perfect8/Blog/shop-service/src/main/java/com/perfect8/shop/service/OrderService.java:[331,26] cannot find symbol
  symbol:   method getStatus()
  location: variable order of type com.perfect8.shop.entity.Order
[ERROR] /C:/_Perfect8/Blog/shop-service/src/main/java/com/perfect8/shop/service/OrderService.java:[333,98] cannot find symbol
  symbol:   method getStatus()
  location: variable order of type com.perfect8.shop.entity.Order
[ERROR] /C:/_Perfect8/Blog/shop-service/src/main/java/com/perfect8/shop/service/OrderService.java:[337,18] cannot find symbol
  symbol:   method setStatus(com.perfect8.shop.enums.OrderStatus)
  location: variable order of type com.perfect8.shop.entity.Order
[ERROR] /C:/_Perfect8/Blog/shop-service/src/main/java/com/perfect8/shop/service/OrderService.java:[364,22] cannot find symbol
  symbol:   method getStatus()
  location: variable order of type com.perfect8.shop.entity.Order
[ERROR] /C:/_Perfect8/Blog/shop-service/src/main/java/com/perfect8/shop/service/OrderService.java:[366,95] cannot find symbol
  symbol:   method getStatus()
  location: variable order of type com.perfect8.shop.entity.Order
[ERROR] /C:/_Perfect8/Blog/shop-service/src/main/java/com/perfect8/shop/service/OrderService.java:[370,18] cannot find symbol
  symbol:   method setStatus(com.perfect8.shop.enums.OrderStatus)
  location: variable order of type com.perfect8.shop.entity.Order
[ERROR] /C:/_Perfect8/Blog/shop-service/src/main/java/com/perfect8/shop/service/OrderService.java:[425,101] cannot find symbol
  symbol:   method getId()
  location: variable order of type com.perfect8.shop.entity.Order
[ERROR] /C:/_Perfect8/Blog/shop-service/src/main/java/com/perfect8/shop/service/OrderService.java:[429,71] cannot find symbol
  symbol:   method getId()
  location: variable order of type com.perfect8.shop.entity.Order
[ERROR] /C:/_Perfect8/Blog/shop-service/src/main/java/com/perfect8/shop/service/OrderService.java:[442,71] cannot find symbol
  symbol:   method getId()
  location: variable order of type com.perfect8.shop.entity.Order
[ERROR] /C:/_Perfect8/Blog/shop-service/src/main/java/com/perfect8/shop/controller/CustomerController.java:[530,40] cannot find symbol
  symbol:   method resolveToken(jakarta.servlet.http.HttpServletRequest)
  location: variable jwtTokenProvider of type com.perfect8.shop.security.JwtTokenProvider
[ERROR] /C:/_Perfect8/Blog/shop-service/src/main/java/com/perfect8/shop/controller/CustomerController.java:[532,36] cannot find symbol
  symbol:   method getUserIdFromToken(java.lang.String)
  location: variable jwtTokenProvider of type com.perfect8.shop.security.JwtTokenProvider
[ERROR] /C:/_Perfect8/Blog/shop-service/src/main/java/com/perfect8/shop/controller/CustomerController.java:[541,40] cannot find symbol
  symbol:   method resolveToken(jakarta.servlet.http.HttpServletRequest)
  location: variable jwtTokenProvider of type com.perfect8.shop.security.JwtTokenProvider
[ERROR] /C:/_Perfect8/Blog/shop-service/src/main/java/com/perfect8/shop/controller/CustomerController.java:[543,36] cannot find symbol
  symbol:   method getRoleFromToken(java.lang.String)
  location: variable jwtTokenProvider of type com.perfect8.shop.security.JwtTokenProvider
[ERROR] /C:/_Perfect8/Blog/shop-service/src/main/java/com/perfect8/shop/service/EmailService.java:[51,90] cannot find symbol
  symbol:   method getId()
  location: variable order of type com.perfect8.shop.entity.Order
[ERROR] /C:/_Perfect8/Blog/shop-service/src/main/java/com/perfect8/shop/service/EmailService.java:[57,77] cannot find symbol
  symbol:   method getId()
  location: variable order of type com.perfect8.shop.entity.Order
[ERROR] /C:/_Perfect8/Blog/shop-service/src/main/java/com/perfect8/shop/service/EmailService.java:[62,83] cannot find symbol
  symbol:   method getId()
  location: variable order of type com.perfect8.shop.entity.Order
[ERROR] /C:/_Perfect8/Blog/shop-service/src/main/java/com/perfect8/shop/service/EmailService.java:[66,26] cannot find symbol
  symbol:   method getId()
  location: variable order of type com.perfect8.shop.entity.Order
[ERROR] /C:/_Perfect8/Blog/shop-service/src/main/java/com/perfect8/shop/service/EmailService.java:[84,80] cannot find symbol
  symbol:   method getId()
  location: variable order of type com.perfect8.shop.entity.Order
[ERROR] /C:/_Perfect8/Blog/shop-service/src/main/java/com/perfect8/shop/service/EmailService.java:[89,80] cannot find symbol
  symbol:   method getId()
  location: variable order of type com.perfect8.shop.entity.Order
[ERROR] /C:/_Perfect8/Blog/shop-service/src/main/java/com/perfect8/shop/service/EmailService.java:[101,93] cannot find symbol
  symbol:   method getId()
  location: variable order of type com.perfect8.shop.entity.Order
[ERROR] /C:/_Perfect8/Blog/shop-service/src/main/java/com/perfect8/shop/service/EmailService.java:[107,85] cannot find symbol
  symbol:   method getId()
  location: variable order of type com.perfect8.shop.entity.Order
[ERROR] /C:/_Perfect8/Blog/shop-service/src/main/java/com/perfect8/shop/service/EmailService.java:[112,80] cannot find symbol
  symbol:   method getId()
  location: variable order of type com.perfect8.shop.entity.Order
[ERROR] /C:/_Perfect8/Blog/shop-service/src/main/java/com/perfect8/shop/service/EmailService.java:[124,90] cannot find symbol
  symbol:   method getId()
  location: variable order of type com.perfect8.shop.entity.Order
[ERROR] /C:/_Perfect8/Blog/shop-service/src/main/java/com/perfect8/shop/service/EmailService.java:[130,72] cannot find symbol
  symbol:   method getId()
  location: variable order of type com.perfect8.shop.entity.Order
[ERROR] /C:/_Perfect8/Blog/shop-service/src/main/java/com/perfect8/shop/service/EmailService.java:[135,77] cannot find symbol
  symbol:   method getId()
  location: variable order of type com.perfect8.shop.entity.Order
[ERROR] /C:/_Perfect8/Blog/shop-service/src/main/java/com/perfect8/shop/service/EmailService.java:[147,92] cannot find symbol
  symbol:   method getId()
  location: variable order of type com.perfect8.shop.entity.Order
[ERROR] /C:/_Perfect8/Blog/shop-service/src/main/java/com/perfect8/shop/service/EmailService.java:[153,81] cannot find symbol
  symbol:   method getId()
  location: variable order of type com.perfect8.shop.entity.Order
[ERROR] /C:/_Perfect8/Blog/shop-service/src/main/java/com/perfect8/shop/service/EmailService.java:[158,79] cannot find symbol
  symbol:   method getId()
  location: variable order of type com.perfect8.shop.entity.Order
[ERROR] /C:/_Perfect8/Blog/shop-service/src/main/java/com/perfect8/shop/service/EmailService.java:[170,91] cannot find symbol
  symbol:   method getId()
  location: variable order of type com.perfect8.shop.entity.Order
[ERROR] /C:/_Perfect8/Blog/shop-service/src/main/java/com/perfect8/shop/service/EmailService.java:[176,81] cannot find symbol
  symbol:   method getId()
  location: variable order of type com.perfect8.shop.entity.Order
[ERROR] /C:/_Perfect8/Blog/shop-service/src/main/java/com/perfect8/shop/service/EmailService.java:[181,78] cannot find symbol
  symbol:   method getId()
  location: variable order of type com.perfect8.shop.entity.Order
[ERROR] /C:/_Perfect8/Blog/shop-service/src/main/java/com/perfect8/shop/service/EmailService.java:[258,22] cannot find symbol
  symbol:   method getId()
  location: variable order of type com.perfect8.shop.entity.Order
[ERROR] /C:/_Perfect8/Blog/shop-service/src/main/java/com/perfect8/shop/service/EmailService.java:[261,22] cannot find symbol
  symbol:   method getStatus()
  location: variable order of type com.perfect8.shop.entity.Order
[ERROR] /C:/_Perfect8/Blog/shop-service/src/main/java/com/perfect8/shop/service/EmailService.java:[262,30] cannot find symbol
  symbol:   method getId()
  location: variable order of type com.perfect8.shop.entity.Order
[ERROR] /C:/_Perfect8/Blog/shop-service/src/main/java/com/perfect8/shop/service/EmailService.java:[289,22] cannot find symbol
  symbol:   method getId()
  location: variable order of type com.perfect8.shop.entity.Order
[ERROR] /C:/_Perfect8/Blog/shop-service/src/main/java/com/perfect8/shop/service/EmailService.java:[312,22] cannot find symbol
  symbol:   method getId()
  location: variable order of type com.perfect8.shop.entity.Order
[ERROR] /C:/_Perfect8/Blog/shop-service/src/main/java/com/perfect8/shop/service/EmailService.java:[332,22] cannot find symbol
  symbol:   method getId()
  location: variable order of type com.perfect8.shop.entity.Order
[ERROR] /C:/_Perfect8/Blog/shop-service/src/main/java/com/perfect8/shop/service/EmailService.java:[353,22] cannot find symbol
  symbol:   method getId()
  location: variable order of type com.perfect8.shop.entity.Order
[ERROR] /C:/_Perfect8/Blog/shop-service/src/main/java/com/perfect8/shop/service/EmailService.java:[373,22] cannot find symbol
  symbol:   method getId()
  location: variable order of type com.perfect8.shop.entity.Order
[ERROR] /C:/_Perfect8/Blog/shop-service/src/main/java/com/perfect8/shop/controller/OrderController.java:[61,33] cannot find symbol
  symbol:   method getId()
  location: variable createdOrder of type com.perfect8.shop.entity.Order
[ERROR] /C:/_Perfect8/Blog/shop-service/src/main/java/com/perfect8/shop/controller/OrderController.java:[181,57] cannot find symbol
  symbol:   method getStatus()
  location: variable order of type com.perfect8.shop.entity.Order
[ERROR] /C:/_Perfect8/Blog/shop-service/src/main/java/com/perfect8/shop/controller/OrderController.java:[182,63] cannot find symbol
  symbol:   method getStatus()
  location: variable order of type com.perfect8.shop.entity.Order
[INFO] 67 errors 
[INFO] -------------------------------------------------------------
[INFO] ------------------------------------------------------------------------
[INFO] Reactor Summary for Perfect8 Parent 1.0.0:
[INFO] 
[INFO] Perfect8 Parent .................................... SUCCESS [  0.148 s]
[INFO] Blog Service ....................................... SUCCESS [  3.366 s]
[INFO] Image Service ...................................... SUCCESS [  0.939 s]
[INFO] Shop Service ....................................... FAILURE [  5.203 s]
[INFO] Admin Service ...................................... SKIPPED
[INFO] Email Service ...................................... SKIPPED
[INFO] ------------------------------------------------------------------------
[INFO] BUILD FAILURE
[INFO] ------------------------------------------------------------------------
[INFO] Total time:  10.028 s
[INFO] Finished at: 2025-09-02T08:12:16+02:00
[INFO] ------------------------------------------------------------------------
[ERROR] Failed to execute goal org.apache.maven.plugins:maven-compiler-plugin:3.11.0:compile (default-compile) on project shop-service: Compilation failure: Compilation failure: 
[ERROR] /C:/_Perfect8/Blog/shop-service/src/main/java/com/perfect8/shop/service/ShippingService.java:[169,62] cannot find symbol
[ERROR]   symbol:   method getId()
[ERROR]   location: variable order of type com.perfect8.shop.entity.Order
[ERROR] /C:/_Perfect8/Blog/shop-service/src/main/java/com/perfect8/shop/service/AuthService.java:[62,44] cannot find symbol
[ERROR]   symbol:   method generateCustomerToken(java.lang.Long,java.lang.String,java.lang.String,java.lang.String)
[ERROR]   location: variable jwtTokenProvider of type com.perfect8.shop.security.JwtTokenProvider
[ERROR] /C:/_Perfect8/Blog/shop-service/src/main/java/com/perfect8/shop/service/AuthService.java:[135,32] cannot find symbol
[ERROR]   symbol:   method getUserIdFromToken(java.lang.String)
[ERROR]   location: variable jwtTokenProvider of type com.perfect8.shop.security.JwtTokenProvider
[ERROR] /C:/_Perfect8/Blog/shop-service/src/main/java/com/perfect8/shop/service/AuthService.java:[142,32] cannot find symbol
[ERROR]   symbol:   method getEmailFromToken(java.lang.String)
[ERROR]   location: variable jwtTokenProvider of type com.perfect8.shop.security.JwtTokenProvider
[ERROR] /C:/_Perfect8/Blog/shop-service/src/main/java/com/perfect8/shop/controller/PaymentController.java:[322,40] cannot find symbol
[ERROR]   symbol:   method resolveToken(jakarta.servlet.http.HttpServletRequest)
[ERROR]   location: variable jwtTokenProvider of type com.perfect8.shop.security.JwtTokenProvider
[ERROR] /C:/_Perfect8/Blog/shop-service/src/main/java/com/perfect8/shop/controller/PaymentController.java:[324,36] cannot find symbol
[ERROR]   symbol:   method getUserIdFromToken(java.lang.String)
[ERROR]   location: variable jwtTokenProvider of type com.perfect8.shop.security.JwtTokenProvider
[ERROR] /C:/_Perfect8/Blog/shop-service/src/main/java/com/perfect8/shop/controller/PaymentController.java:[330,40] cannot find symbol
[ERROR]   symbol:   method resolveToken(jakarta.servlet.http.HttpServletRequest)
[ERROR]   location: variable jwtTokenProvider of type com.perfect8.shop.security.JwtTokenProvider
[ERROR] /C:/_Perfect8/Blog/shop-service/src/main/java/com/perfect8/shop/controller/PaymentController.java:[332,47] cannot find symbol
[ERROR]   symbol:   method getRoleFromToken(java.lang.String)
[ERROR]   location: variable jwtTokenProvider of type com.perfect8.shop.security.JwtTokenProvider
[ERROR] /C:/_Perfect8/Blog/shop-service/src/main/java/com/perfect8/shop/service/PaymentService.java:[51,101] cannot find symbol
[ERROR]   symbol:   method getId()
[ERROR]   location: class com.perfect8.shop.entity.Order
[ERROR] /C:/_Perfect8/Blog/shop-service/src/main/java/com/perfect8/shop/service/PaymentService.java:[69,52] cannot find symbol
[ERROR]   symbol:   method getId()
[ERROR]   location: class com.perfect8.shop.entity.Order
[ERROR] /C:/_Perfect8/Blog/shop-service/src/main/java/com/perfect8/shop/service/PaymentService.java:[173,67] cannot find symbol
[ERROR]   symbol:   method getId()
[ERROR]   location: class com.perfect8.shop.entity.Order
[ERROR] /C:/_Perfect8/Blog/shop-service/src/main/java/com/perfect8/shop/service/OrderService.java:[53,18] cannot find symbol
[ERROR]   symbol:   method setStatus(com.perfect8.shop.enums.OrderStatus)
[ERROR]   location: variable order of type com.perfect8.shop.entity.Order
[ERROR] /C:/_Perfect8/Blog/shop-service/src/main/java/com/perfect8/shop/service/OrderService.java:[83,18] cannot find symbol
[ERROR]   symbol:   method setSubtotalAmount(orderReque[...]total)
[ERROR]   location: variable order of type com.perfect8.shop.entity.Order
[ERROR] /C:/_Perfect8/Blog/shop-service/src/main/java/com/perfect8/shop/service/OrderService.java:[97,65] cannot find symbol
[ERROR]   symbol:   method getId()
[ERROR]   location: variable savedOrder of type com.perfect8.shop.entity.Order
[ERROR] /C:/_Perfect8/Blog/shop-service/src/main/java/com/perfect8/shop/service/OrderService.java:[149,47] cannot find symbol
[ERROR]   symbol:   method getStatus()
[ERROR]   location: variable order of type com.perfect8.shop.entity.Order
[ERROR] /C:/_Perfect8/Blog/shop-service/src/main/java/com/perfect8/shop/service/OrderService.java:[150,96] cannot find symbol
[ERROR]   symbol:   method getStatus()
[ERROR]   location: variable order of type com.perfect8.shop.entity.Order
[ERROR] /C:/_Perfect8/Blog/shop-service/src/main/java/com/perfect8/shop/service/OrderService.java:[153,18] cannot find symbol
[ERROR]   symbol:   method setStatus(com.perfect8.shop.enums.OrderStatus)
[ERROR]   location: variable order of type com.perfect8.shop.entity.Order
[ERROR] /C:/_Perfect8/Blog/shop-service/src/main/java/com/perfect8/shop/service/OrderService.java:[180,22] cannot find symbol
[ERROR]   symbol:   method getStatus()
[ERROR]   location: variable order of type com.perfect8.shop.entity.Order
[ERROR] /C:/_Perfect8/Blog/shop-service/src/main/java/com/perfect8/shop/service/OrderService.java:[181,26] cannot find symbol
[ERROR]   symbol:   method getStatus()
[ERROR]   location: variable order of type com.perfect8.shop.entity.Order
[ERROR] /C:/_Perfect8/Blog/shop-service/src/main/java/com/perfect8/shop/service/OrderService.java:[182,96] cannot find symbol
[ERROR]   symbol:   method getStatus()
[ERROR]   location: variable order of type com.perfect8.shop.entity.Order
[ERROR] /C:/_Perfect8/Blog/shop-service/src/main/java/com/perfect8/shop/service/OrderService.java:[185,18] cannot find symbol
[ERROR]   symbol:   method setStatus(com.perfect8.shop.enums.OrderStatus)
[ERROR]   location: variable order of type com.perfect8.shop.entity.Order
[ERROR] /C:/_Perfect8/Blog/shop-service/src/main/java/com/perfect8/shop/service/OrderService.java:[275,18] cannot find symbol
[ERROR]   symbol:   method setStatus(com.perfect8.shop.enums.OrderStatus)
[ERROR]   location: variable order of type com.perfect8.shop.entity.Order
[ERROR] /C:/_Perfect8/Blog/shop-service/src/main/java/com/perfect8/shop/service/OrderService.java:[305,22] cannot find symbol
[ERROR]   symbol:   method setStatus(com.perfect8.shop.enums.OrderStatus)
[ERROR]   location: variable order of type com.perfect8.shop.entity.Order
[ERROR] /C:/_Perfect8/Blog/shop-service/src/main/java/com/perfect8/shop/service/OrderService.java:[307,22] cannot find symbol
[ERROR]   symbol:   method setStatus(com.perfect8.shop.enums.OrderStatus)
[ERROR]   location: variable order of type com.perfect8.shop.entity.Order
[ERROR] /C:/_Perfect8/Blog/shop-service/src/main/java/com/perfect8/shop/service/OrderService.java:[330,22] cannot find symbol
[ERROR]   symbol:   method getStatus()
[ERROR]   location: variable order of type com.perfect8.shop.entity.Order
[ERROR] /C:/_Perfect8/Blog/shop-service/src/main/java/com/perfect8/shop/service/OrderService.java:[331,26] cannot find symbol
[ERROR]   symbol:   method getStatus()
[ERROR]   location: variable order of type com.perfect8.shop.entity.Order
[ERROR] /C:/_Perfect8/Blog/shop-service/src/main/java/com/perfect8/shop/service/OrderService.java:[333,98] cannot find symbol
[ERROR]   symbol:   method getStatus()
[ERROR]   location: variable order of type com.perfect8.shop.entity.Order
[ERROR] /C:/_Perfect8/Blog/shop-service/src/main/java/com/perfect8/shop/service/OrderService.java:[337,18] cannot find symbol
[ERROR]   symbol:   method setStatus(com.perfect8.shop.enums.OrderStatus)
[ERROR]   location: variable order of type com.perfect8.shop.entity.Order
[ERROR] /C:/_Perfect8/Blog/shop-service/src/main/java/com/perfect8/shop/service/OrderService.java:[364,22] cannot find symbol
[ERROR]   symbol:   method getStatus()
[ERROR]   location: variable order of type com.perfect8.shop.entity.Order
[ERROR] /C:/_Perfect8/Blog/shop-service/src/main/java/com/perfect8/shop/service/OrderService.java:[366,95] cannot find symbol
[ERROR]   symbol:   method getStatus()
[ERROR]   location: variable order of type com.perfect8.shop.entity.Order
[ERROR] /C:/_Perfect8/Blog/shop-service/src/main/java/com/perfect8/shop/service/OrderService.java:[370,18] cannot find symbol
[ERROR]   symbol:   method setStatus(com.perfect8.shop.enums.OrderStatus)
[ERROR]   location: variable order of type com.perfect8.shop.entity.Order
[ERROR] /C:/_Perfect8/Blog/shop-service/src/main/java/com/perfect8/shop/service/OrderService.java:[425,101] cannot find symbol
[ERROR]   symbol:   method getId()
[ERROR]   location: variable order of type com.perfect8.shop.entity.Order
[ERROR] /C:/_Perfect8/Blog/shop-service/src/main/java/com/perfect8/shop/service/OrderService.java:[429,71] cannot find symbol
[ERROR]   symbol:   method getId()
[ERROR]   location: variable order of type com.perfect8.shop.entity.Order
[ERROR] /C:/_Perfect8/Blog/shop-service/src/main/java/com/perfect8/shop/service/OrderService.java:[442,71] cannot find symbol
[ERROR]   symbol:   method getId()
[ERROR]   location: variable order of type com.perfect8.shop.entity.Order
[ERROR] /C:/_Perfect8/Blog/shop-service/src/main/java/com/perfect8/shop/controller/CustomerController.java:[530,40] cannot find symbol
[ERROR]   symbol:   method resolveToken(jakarta.servlet.http.HttpServletRequest)
[ERROR]   location: variable jwtTokenProvider of type com.perfect8.shop.security.JwtTokenProvider
[ERROR] /C:/_Perfect8/Blog/shop-service/src/main/java/com/perfect8/shop/controller/CustomerController.java:[532,36] cannot find symbol
[ERROR]   symbol:   method getUserIdFromToken(java.lang.String)
[ERROR]   location: variable jwtTokenProvider of type com.perfect8.shop.security.JwtTokenProvider
[ERROR] /C:/_Perfect8/Blog/shop-service/src/main/java/com/perfect8/shop/controller/CustomerController.java:[541,40] cannot find symbol
[ERROR]   symbol:   method resolveToken(jakarta.servlet.http.HttpServletRequest)
[ERROR]   location: variable jwtTokenProvider of type com.perfect8.shop.security.JwtTokenProvider
[ERROR] /C:/_Perfect8/Blog/shop-service/src/main/java/com/perfect8/shop/controller/CustomerController.java:[543,36] cannot find symbol
[ERROR]   symbol:   method getRoleFromToken(java.lang.String)
[ERROR]   location: variable jwtTokenProvider of type com.perfect8.shop.security.JwtTokenProvider
[ERROR] /C:/_Perfect8/Blog/shop-service/src/main/java/com/perfect8/shop/service/EmailService.java:[51,90] cannot find symbol
[ERROR]   symbol:   method getId()
[ERROR]   location: variable order of type com.perfect8.shop.entity.Order
[ERROR] /C:/_Perfect8/Blog/shop-service/src/main/java/com/perfect8/shop/service/EmailService.java:[57,77] cannot find symbol
[ERROR]   symbol:   method getId()
[ERROR]   location: variable order of type com.perfect8.shop.entity.Order
[ERROR] /C:/_Perfect8/Blog/shop-service/src/main/java/com/perfect8/shop/service/EmailService.java:[62,83] cannot find symbol
[ERROR]   symbol:   method getId()
[ERROR]   location: variable order of type com.perfect8.shop.entity.Order
[ERROR] /C:/_Perfect8/Blog/shop-service/src/main/java/com/perfect8/shop/service/EmailService.java:[66,26] cannot find symbol
[ERROR]   symbol:   method getId()
[ERROR]   location: variable order of type com.perfect8.shop.entity.Order
[ERROR] /C:/_Perfect8/Blog/shop-service/src/main/java/com/perfect8/shop/service/EmailService.java:[84,80] cannot find symbol
[ERROR]   symbol:   method getId()
[ERROR]   location: variable order of type com.perfect8.shop.entity.Order
[ERROR] /C:/_Perfect8/Blog/shop-service/src/main/java/com/perfect8/shop/service/EmailService.java:[89,80] cannot find symbol
[ERROR]   symbol:   method getId()
[ERROR]   location: variable order of type com.perfect8.shop.entity.Order
[ERROR] /C:/_Perfect8/Blog/shop-service/src/main/java/com/perfect8/shop/service/EmailService.java:[101,93] cannot find symbol
[ERROR]   symbol:   method getId()
[ERROR]   location: variable order of type com.perfect8.shop.entity.Order
[ERROR] /C:/_Perfect8/Blog/shop-service/src/main/java/com/perfect8/shop/service/EmailService.java:[107,85] cannot find symbol
[ERROR]   symbol:   method getId()
[ERROR]   location: variable order of type com.perfect8.shop.entity.Order
[ERROR] /C:/_Perfect8/Blog/shop-service/src/main/java/com/perfect8/shop/service/EmailService.java:[112,80] cannot find symbol
[ERROR]   symbol:   method getId()
[ERROR]   location: variable order of type com.perfect8.shop.entity.Order
[ERROR] /C:/_Perfect8/Blog/shop-service/src/main/java/com/perfect8/shop/service/EmailService.java:[124,90] cannot find symbol
[ERROR]   symbol:   method getId()
[ERROR]   location: variable order of type com.perfect8.shop.entity.Order
[ERROR] /C:/_Perfect8/Blog/shop-service/src/main/java/com/perfect8/shop/service/EmailService.java:[130,72] cannot find symbol
[ERROR]   symbol:   method getId()
[ERROR]   location: variable order of type com.perfect8.shop.entity.Order
[ERROR] /C:/_Perfect8/Blog/shop-service/src/main/java/com/perfect8/shop/service/EmailService.java:[135,77] cannot find symbol
[ERROR]   symbol:   method getId()
[ERROR]   location: variable order of type com.perfect8.shop.entity.Order
[ERROR] /C:/_Perfect8/Blog/shop-service/src/main/java/com/perfect8/shop/service/EmailService.java:[147,92] cannot find symbol
[ERROR]   symbol:   method getId()
[ERROR]   location: variable order of type com.perfect8.shop.entity.Order
[ERROR] /C:/_Perfect8/Blog/shop-service/src/main/java/com/perfect8/shop/service/EmailService.java:[153,81] cannot find symbol
[ERROR]   symbol:   method getId()
[ERROR]   location: variable order of type com.perfect8.shop.entity.Order
[ERROR] /C:/_Perfect8/Blog/shop-service/src/main/java/com/perfect8/shop/service/EmailService.java:[158,79] cannot find symbol
[ERROR]   symbol:   method getId()
[ERROR]   location: variable order of type com.perfect8.shop.entity.Order
[ERROR] /C:/_Perfect8/Blog/shop-service/src/main/java/com/perfect8/shop/service/EmailService.java:[170,91] cannot find symbol
[ERROR]   symbol:   method getId()
[ERROR]   location: variable order of type com.perfect8.shop.entity.Order
[ERROR] /C:/_Perfect8/Blog/shop-service/src/main/java/com/perfect8/shop/service/EmailService.java:[176,81] cannot find symbol
[ERROR]   symbol:   method getId()
[ERROR]   location: variable order of type com.perfect8.shop.entity.Order
[ERROR] /C:/_Perfect8/Blog/shop-service/src/main/java/com/perfect8/shop/service/EmailService.java:[181,78] cannot find symbol
[ERROR]   symbol:   method getId()
[ERROR]   location: variable order of type com.perfect8.shop.entity.Order
[ERROR] /C:/_Perfect8/Blog/shop-service/src/main/java/com/perfect8/shop/service/EmailService.java:[258,22] cannot find symbol
[ERROR]   symbol:   method getId()
[ERROR]   location: variable order of type com.perfect8.shop.entity.Order
[ERROR] /C:/_Perfect8/Blog/shop-service/src/main/java/com/perfect8/shop/service/EmailService.java:[261,22] cannot find symbol
[ERROR]   symbol:   method getStatus()
[ERROR]   location: variable order of type com.perfect8.shop.entity.Order
[ERROR] /C:/_Perfect8/Blog/shop-service/src/main/java/com/perfect8/shop/service/EmailService.java:[262,30] cannot find symbol
[ERROR]   symbol:   method getId()
[ERROR]   location: variable order of type com.perfect8.shop.entity.Order
[ERROR] /C:/_Perfect8/Blog/shop-service/src/main/java/com/perfect8/shop/service/EmailService.java:[289,22] cannot find symbol
[ERROR]   symbol:   method getId()
[ERROR]   location: variable order of type com.perfect8.shop.entity.Order
[ERROR] /C:/_Perfect8/Blog/shop-service/src/main/java/com/perfect8/shop/service/EmailService.java:[312,22] cannot find symbol
[ERROR]   symbol:   method getId()
[ERROR]   location: variable order of type com.perfect8.shop.entity.Order
[ERROR] /C:/_Perfect8/Blog/shop-service/src/main/java/com/perfect8/shop/service/EmailService.java:[332,22] cannot find symbol
[ERROR]   symbol:   method getId()
[ERROR]   location: variable order of type com.perfect8.shop.entity.Order
[ERROR] /C:/_Perfect8/Blog/shop-service/src/main/java/com/perfect8/shop/service/EmailService.java:[353,22] cannot find symbol
[ERROR]   symbol:   method getId()
[ERROR]   location: variable order of type com.perfect8.shop.entity.Order
[ERROR] /C:/_Perfect8/Blog/shop-service/src/main/java/com/perfect8/shop/service/EmailService.java:[373,22] cannot find symbol
[ERROR]   symbol:   method getId()
[ERROR]   location: variable order of type com.perfect8.shop.entity.Order
[ERROR] /C:/_Perfect8/Blog/shop-service/src/main/java/com/perfect8/shop/controller/OrderController.java:[61,33] cannot find symbol
[ERROR]   symbol:   method getId()
[ERROR]   location: variable createdOrder of type com.perfect8.shop.entity.Order
[ERROR] /C:/_Perfect8/Blog/shop-service/src/main/java/com/perfect8/shop/controller/OrderController.java:[181,57] cannot find symbol
[ERROR]   symbol:   method getStatus()
[ERROR]   location: variable order of type com.perfect8.shop.entity.Order
[ERROR] /C:/_Perfect8/Blog/shop-service/src/main/java/com/perfect8/shop/controller/OrderController.java:[182,63] cannot find symbol
[ERROR]   symbol:   method getStatus()
[ERROR]   location: variable order of type com.perfect8.shop.entity.Order
[ERROR] -> [Help 1]
org.apache.maven.lifecycle.LifecycleExecutionException: Failed to execute goal org.apache.maven.plugins:maven-compiler-plugin:3.11.0:compile (default-compile) on project shop-service: Compilation failure
    at org.apache.maven.lifecycle.internal.MojoExecutor.doExecute2 (MojoExecutor.java:333)
    at org.apache.maven.lifecycle.internal.MojoExecutor.doExecute (MojoExecutor.java:316)
    at org.apache.maven.lifecycle.internal.MojoExecutor.execute (MojoExecutor.java:212)
    at org.apache.maven.lifecycle.internal.MojoExecutor.execute (MojoExecutor.java:174)
    at org.apache.maven.lifecycle.internal.MojoExecutor.access$000 (MojoExecutor.java:75)
    at org.apache.maven.lifecycle.internal.MojoExecutor$1.run (MojoExecutor.java:162)
    at org.apache.maven.plugin.DefaultMojosExecutionStrategy.execute (DefaultMojosExecutionStrategy.java:39)
    at org.apache.maven.lifecycle.internal.MojoExecutor.execute (MojoExecutor.java:159)
    at org.apache.maven.lifecycle.internal.LifecycleModuleBuilder.buildProject (LifecycleModuleBuilder.java:105)
    at org.apache.maven.lifecycle.internal.LifecycleModuleBuilder.buildProject (LifecycleModuleBuilder.java:73)
    at org.apache.maven.lifecycle.internal.builder.singlethreaded.SingleThreadedBuilder.build (SingleThreadedBuilder.java:53)
    at org.apache.maven.lifecycle.internal.LifecycleStarter.execute (LifecycleStarter.java:118)
    at org.apache.maven.DefaultMaven.doExecute (DefaultMaven.java:261)
    at org.apache.maven.DefaultMaven.doExecute (DefaultMaven.java:173)
    at org.apache.maven.DefaultMaven.execute (DefaultMaven.java:101)
    at org.apache.maven.cli.MavenCli.execute (MavenCli.java:906)
    at org.apache.maven.cli.MavenCli.doMain (MavenCli.java:283)
    at org.apache.maven.cli.MavenCli.main (MavenCli.java:206)
    at jdk.internal.reflect.DirectMethodHandleAccessor.invoke (DirectMethodHandleAccessor.java:103)
    at java.lang.reflect.Method.invoke (Method.java:580)
    at org.codehaus.plexus.classworlds.launcher.Launcher.launchEnhanced (Launcher.java:255)
    at org.codehaus.plexus.classworlds.launcher.Launcher.launch (Launcher.java:201)
    at org.codehaus.plexus.classworlds.launcher.Launcher.mainWithExitCode (Launcher.java:361)
    at org.codehaus.plexus.classworlds.launcher.Launcher.main (Launcher.java:314)
Caused by: org.apache.maven.plugin.compiler.CompilationFailureException: Compilation failure
    at org.apache.maven.plugin.compiler.AbstractCompilerMojo.execute (AbstractCompilerMojo.java:1212)
    at org.apache.maven.plugin.compiler.CompilerMojo.execute (CompilerMojo.java:193)
    at org.apache.maven.plugin.DefaultBuildPluginManager.executeMojo (DefaultBuildPluginManager.java:126)
    at org.apache.maven.lifecycle.internal.MojoExecutor.doExecute2 (MojoExecutor.java:328)
    at org.apache.maven.lifecycle.internal.MojoExecutor.doExecute (MojoExecutor.java:316)
    at org.apache.maven.lifecycle.internal.MojoExecutor.execute (MojoExecutor.java:212)
    at org.apache.maven.lifecycle.internal.MojoExecutor.execute (MojoExecutor.java:174)
    at org.apache.maven.lifecycle.internal.MojoExecutor.access$000 (MojoExecutor.java:75)
    at org.apache.maven.lifecycle.internal.MojoExecutor$1.run (MojoExecutor.java:162)
    at org.apache.maven.plugin.DefaultMojosExecutionStrategy.execute (DefaultMojosExecutionStrategy.java:39)
    at org.apache.maven.lifecycle.internal.MojoExecutor.execute (MojoExecutor.java:159)
    at org.apache.maven.lifecycle.internal.LifecycleModuleBuilder.buildProject (LifecycleModuleBuilder.java:105)
    at org.apache.maven.lifecycle.internal.LifecycleModuleBuilder.buildProject (LifecycleModuleBuilder.java:73)
    at org.apache.maven.lifecycle.internal.builder.singlethreaded.SingleThreadedBuilder.build (SingleThreadedBuilder.java:53)
    at org.apache.maven.lifecycle.internal.LifecycleStarter.execute (LifecycleStarter.java:118)
    at org.apache.maven.DefaultMaven.doExecute (DefaultMaven.java:261)
    at org.apache.maven.DefaultMaven.doExecute (DefaultMaven.java:173)
    at org.apache.maven.DefaultMaven.execute (DefaultMaven.java:101)
    at org.apache.maven.cli.MavenCli.execute (MavenCli.java:906)
    at org.apache.maven.cli.MavenCli.doMain (MavenCli.java:283)
    at org.apache.maven.cli.MavenCli.main (MavenCli.java:206)
    at jdk.internal.reflect.DirectMethodHandleAccessor.invoke (DirectMethodHandleAccessor.java:103)
    at java.lang.reflect.Method.invoke (Method.java:580)
    at org.codehaus.plexus.classworlds.launcher.Launcher.launchEnhanced (Launcher.java:255)
    at org.codehaus.plexus.classworlds.launcher.Launcher.launch (Launcher.java:201)
    at org.codehaus.plexus.classworlds.launcher.Launcher.mainWithExitCode (Launcher.java:361)
    at org.codehaus.plexus.classworlds.launcher.Launcher.main (Launcher.java:314)
[ERROR] 
[ERROR] 
[ERROR] For more information about the errors and possible solutions, please read the following articles:
[ERROR] [Help 1] http://cwiki.apache.org/confluence/display/MAVEN/MojoFailureException
[ERROR] 
[ERROR] After correcting the problems, you can resume the build with the command
[ERROR]   mvn <args> -rf :shop-service
[DEBUG] Shutting down adapter factory; available factories [file-lock, rwlock-local, semaphore-local, noop]; available name mappers [discriminating, file-gav, file-hgav, file-static, gav, static]
[DEBUG] Shutting down 'file-lock' factory
[DEBUG] Shutting down 'rwlock-local' factory
[DEBUG] Shutting down 'semaphore-local' factory
[DEBUG] Shutting down 'noop' factory
